******************************************************************************
                  TI ARM Linker PC v18.1.4                     
******************************************************************************
>> Linked Tue Feb  5 20:48:42 2019

OUTPUT FILE NAME:   <Pick_and_place_fdbk.out>
ENTRY POINT SYMBOL: "_c_int00_noargs"  address: 00002c2d


MEMORY CONFIGURATION

         name            origin    length      used     unused   attr    fill
----------------------  --------  ---------  --------  --------  ----  --------
  MAIN                  00000000   00040000  000031a8  0003ce58  R  X
  INFO                  00200000   00004000  00000000  00004000  R  X
  SRAM_CODE             01000000   00010000  00000de4  0000f21c  RW X
  SRAM_DATA             20000000   00010000  00000de4  0000f21c  RW  


SEGMENT ALLOCATION MAP

run origin  load origin   length   init length attrs members
----------  ----------- ---------- ----------- ----- -------
00000000    00000000    000031a8   000031a8    r-x
  00000000    00000000    000000e4   000000e4    r-- .intvecs
  000000e4    000000e4    00002f00   00002f00    r-x .text
  00002fe4    00002fe4    0000011c   0000011c    r-- .const
  00003100    00003100    000000a8   000000a8    r-- .cinit
20000000    20000000    00000be4   00000000    rw-
  20000000    20000000    00000800   00000000    rw- .sysmem
  20000800    20000800    0000021c   00000000    rw- .data
  20000a1c    20000a1c    000001c8   00000000    rw- .bss
2000fe00    2000fe00    00000200   00000000    rw-
  2000fe00    2000fe00    00000200   00000000    rw- .stack


SECTION ALLOCATION MAP

 output                                  attributes/
section   page    origin      length       input sections
--------  ----  ----------  ----------   ----------------
.intvecs   0    00000000    000000e4     
                  00000000    000000e4     startup_msp432p401r_ccs.obj (.intvecs:retain)

.text      0    000000e4    00002f00     
                  000000e4    00000a5e     rtsv7M4_T_le_v4SPD16_eabi.lib : _printfi.c.obj (.text:__TI_printfi)
                  00000b42    00000002     startup_msp432p401r_ccs.obj (.text:Default_Handler)
                  00000b44    00000270     rtsv7M4_T_le_v4SPD16_eabi.lib : _printfi.c.obj (.text:_pconv_a)
                  00000db4    00000254     mainfdbk.obj (.text:main)
                  00001008    000001d0     rtsv7M4_T_le_v4SPD16_eabi.lib : _printfi.c.obj (.text:_pconv_g)
                  000011d8    000001b6                                   : fd_add_t2.asm.obj (.text)
                  0000138e    00000002                                   : _lock.c.obj (.text:_nop)
                  00001390    00000194     mainfdbk.obj (.text:getPIDOutput)
                  00001524    0000013c     rtsv7M4_T_le_v4SPD16_eabi.lib : _printfi.c.obj (.text:_pconv_e)
                  00001660    00000136                                   : fd_div_t2.asm.obj (.text)
                  00001796    00000002                                   : div0.asm.obj (.text)
                  00001798    00000124                                   : _printfi.c.obj (.text:fcvt)
                  000018bc    00000114                                   : fputs.c.obj (.text:fputs)
                  000019d0    00000110                                   : s_scalbn.c.obj (.text:scalbn)
                  00001ae0    000000fc                                   : fd_mul_t2.asm.obj (.text)
                  00001bdc    000000dc                                   : setvbuf.c.obj (.text:setvbuf)
                  00001cb8    000000d8                                   : memory.c.obj (.text:free)
                  00001d90    000000b1                                   : _printfi.c.obj (.text:_ltostr)
                  00001e41    00000001     --HOLE-- [fill = 0]
                  00001e42    0000009c                                   : memcpy_t2.asm.obj (.text)
                  00001ede    00000096                                   : ull_div_t2.asm.obj (.text)
                  00001f74    0000008c                                   : fputc.c.obj (.text:fputc)
                  00002000    00000086                                   : fd_cmp_t2.asm.obj (.text:__aeabi_cdcmple)
                  00002086    00000086                                   : fd_cmp_t2.asm.obj (.text:__aeabi_cdrcmple)
                  0000210c    0000007a                                   : memset_t2.asm.obj (.text)
                  00002186    00000002     --HOLE-- [fill = 0]
                  00002188    00000078     system_msp432p401r.obj (.text:SystemInit)
                  00002200    00000078     rtsv7M4_T_le_v4SPD16_eabi.lib : memory.c.obj (.text:malloc)
                  00002278    00000074                                   : fclose.c.obj (.text:__TI_closefile)
                  000022ec    0000006e                                   : _printfi.c.obj (.text:_mcpy)
                  0000235a    0000006e                                   : fd_tos_t2.asm.obj (.text)
                  000023c8    00000068                                   : hostlseek.c.obj (.text:HOSTlseek)
                  00002430    00000068                                   : hostrename.c.obj (.text:HOSTrename)
                  00002498    00000068                                   : copy_decompress_lzss.c.obj (.text:decompress:lzss:__TI_decompress_lzss)
                  00002500    00000068                                   : printf.c.obj (.text:printf)
                  00002568    00000064                                   : s_frexp.c.obj (.text:frexp)
                  000025cc    00000064                                   : fseek.c.obj (.text:fseek)
                  00002630    00000062                                   : _io_perm.c.obj (.text:__TI_wrt_ok)
                  00002692    00000002     --HOLE-- [fill = 0]
                  00002694    00000060                                   : hostopen.c.obj (.text:HOSTopen)
                  000026f4    0000005c                                   : close.c.obj (.text:close)
                  00002750    00000058                                   : hostread.c.obj (.text:HOSTread)
                  000027a8    00000058                                   : hostwrite.c.obj (.text:HOSTwrite)
                  00002800    00000056                                   : _printfi.c.obj (.text:_pconv_f)
                  00002856    00000054                                   : ltoa.c.obj (.text:ltoa)
                  000028aa    00000052                                   : _printfi.c.obj (.text:_ecpy)
                  000028fc    0000004c                                   : fflush.c.obj (.text:__TI_doflush)
                  00002948    0000004c                                   : atoi.c.obj (.text:atoi)
                  00002994    00000048                                   : exit.c.obj (.text:exit)
                  000029dc    00000048                                   : fd_toi_t2.asm.obj (.text)
                  00002a24    00000044                                   : hostclose.c.obj (.text:HOSTclose)
                  00002a68    00000044                                   : hostunlink.c.obj (.text:HOSTunlink)
                  00002aac    00000044     mainfdbk.obj (.text:TA1_0_IRQHandler)
                  00002af0    00000044     rtsv7M4_T_le_v4SPD16_eabi.lib : autoinit.c.obj (.text:__TI_auto_init_nobinit_nopinit:__TI_auto_init_nobinit_nopinit)
                  00002b34    00000044                                   : getdevice.c.obj (.text:getdevice)
                  00002b78    0000003e                                   : _printfi.c.obj (.text:_fcpy)
                  00002bb6    00000002     --HOLE-- [fill = 0]
                  00002bb8    0000003c                                   : memory.c.obj (.text:minsert)
                  00002bf4    00000038                                   : trgmsg.c.obj (.text:__TI_writemsg)
                  00002c2c    00000038                                   : boot_cortex_m.c.obj (.text:_c_int00_noargs:_c_int00_noargs)
                  00002c64    00000038                                   : memory.c.obj (.text:minit)
                  00002c9c    00000038                                   : fs_tod_t2.asm.obj (.text)
                  00002cd4    00000036                                   : strncpy.c.obj (.text:strncpy)
                  00002d0a    00000002     --HOLE-- [fill = 0]
                  00002d0c    00000034                                   : fopen.c.obj (.text:__TI_cleanup)
                  00002d40    00000034                                   : trgmsg.c.obj (.text:__TI_readmsg)
                  00002d74    00000030                                   : getdevice.c.obj (.text:finddevice)
                  00002da4    0000002e                                   : i_tofd_t2.asm.obj (.text)
                  00002dd2    00000002     --HOLE-- [fill = 0]
                  00002dd4    0000002c     msp432p4xx_driverlib.lib : timer_a.o (.text:Timer_A_clearCaptureCompareInterrupt)
                  00002e00    0000002c     rtsv7M4_T_le_v4SPD16_eabi.lib : unlink.c.obj (.text:unlink)
                  00002e2c    00000028                                   : lseek.c.obj (.text:lseek)
                  00002e54    00000028                                   : memory.c.obj (.text:mremove)
                  00002e7c    00000028                                   : write.c.obj (.text:write)
                  00002ea4    00000024     msp432p4xx_driverlib.lib : wdt_a.o (.text:WDT_A_holdTimer)
                  00002ec8    00000020     rtsv7M4_T_le_v4SPD16_eabi.lib : memchr.c.obj (.text:memchr)
                  00002ee8    00000020                                   : u_tofd_t2.asm.obj (.text)
                  00002f08    0000001c                                   : memccpy.c.obj (.text:memccpy)
                  00002f24    00000018                                   : strcmp.c.obj (.text:strcmp)
                  00002f3c    00000016                                   : strchr.c.obj (.text:strchr)
                  00002f52    00000014                                   : s_copysign.c.obj (.text:copysign)
                  00002f66    00000014                                   : strcpy.c.obj (.text:strcpy)
                  00002f7a    00000014                                   : strlen.c.obj (.text:strlen)
                  00002f8e    00000012                                   : copy_zero_init.c.obj (.text:decompress:ZI:__TI_zero_init_nomemset:__TI_zero_init_nomemset)
                  00002fa0    00000012                                   : wcslen.c.obj (.text:wcslen)
                  00002fb2    0000000e                                   : copy_decompress_none.c.obj (.text:decompress:none:__TI_decompress_none)
                  00002fc0    0000000c     startup_msp432p401r_ccs.obj (.text:Reset_Handler)
                  00002fcc    00000008     rtsv7M4_T_le_v4SPD16_eabi.lib : errno.c.obj (.text:__aeabi_errno_addr)
                  00002fd4    00000004                                   : printf.c.obj (.text:_outc)
                  00002fd8    00000004                                   : printf.c.obj (.text:_outs)
                  00002fdc    00000004                                   : pre_init.c.obj (.text:_system_pre_init)
                  00002fe0    00000004                                   : exit.c.obj (.text:abort:abort)

.const     0    00002fe4    0000011c     
                  00002fe4    00000101     rtsv7M4_T_le_v4SPD16_eabi.lib : ctype.c.obj (.const:.string:_ctypes_)
                  000030e5    00000003     --HOLE-- [fill = 0]
                  000030e8    00000018     mainfdbk.obj (.const:upConfig_0)

.cinit     0    00003100    000000a8     
                  00003100    0000007f     (.cinit..data.load) [load image, compression = lzss]
                  0000317f    00000001     --HOLE-- [fill = 0]
                  00003180    0000000c     (__TI_handler_table)
                  0000318c    00000004     --HOLE-- [fill = 0]
                  00003190    00000008     (.cinit..bss.load) [load image, compression = zero_init]
                  00003198    00000010     (__TI_cinit_table)

.init_array 
*          0    00000000    00000000     UNINITIALIZED

.binit     0    00000000    00000000     

.sysmem    0    20000000    00000800     UNINITIALIZED
                  20000000    00000008     rtsv7M4_T_le_v4SPD16_eabi.lib : memory.c.obj (.sysmem)
                  20000008    000007f8     --HOLE--

.data      0    20000800    0000021c     UNINITIALIZED
                  20000800    000000f0     rtsv7M4_T_le_v4SPD16_eabi.lib : defs.c.obj (.data:_ftable)
                  200008f0    00000078                                   : write.c.obj (.data:_device)
                  20000968    00000050                                   : write.c.obj (.data:_stream)
                  200009b8    00000030     mainfdbk.obj (.data)
                  200009e8    00000010     rtsv7M4_T_le_v4SPD16_eabi.lib : defs.c.obj (.data)
                  200009f8    0000000c                                   : exit.c.obj (.data:$O1$$)
                  20000a04    0000000c                                   : memory.c.obj (.data:$O1$$)
                  20000a10    00000008                                   : _lock.c.obj (.data:$O1$$)
                  20000a18    00000004                                   : errno.c.obj (.data)

.bss       0    20000a1c    000001c8     UNINITIALIZED
                  20000a1c    00000120     rtsv7M4_T_le_v4SPD16_eabi.lib : trgmsg.c.obj (.bss:_CIOBUF_)
                  20000b3c    000000a0     (.common:__TI_tmpnams)
                  20000bdc    00000008     (.common:parmbuf)

.stack     0    2000fe00    00000200     UNINITIALIZED
                  2000fe00    00000004     rtsv7M4_T_le_v4SPD16_eabi.lib : boot_cortex_m.c.obj (.stack)
                  2000fe04    000001fc     --HOLE--

MODULE SUMMARY

       Module                        code    ro data   rw data
       ------                        ----    -------   -------
    .\
       mainfdbk.obj                  1068    24        96     
       system_msp432p401r.obj        120     0         0      
    +--+-----------------------------+-------+---------+---------+
       Total:                        1188    24        96     
                                                              
    .\ccs\
       startup_msp432p401r_ccs.obj   14      228       0      
    +--+-----------------------------+-------+---------+---------+
       Total:                        14      228       0      
                                                              
    C:/ti/simplelink_msp432p4_sdk_2_30_00_14/source/ti/devices/msp432p4xx/driverlib/ccs/msp432p4xx_driverlib.lib
       timer_a.o                     44      0         0      
       wdt_a.o                       36      0         0      
    +--+-----------------------------+-------+---------+---------+
       Total:                        80      0         0      
                                                              
    C:\ti\ccsv8\tools\compiler\ti-cgt-arm_18.1.4.LTS\lib\rtsv7M4_T_le_v4SPD16_eabi.lib
       _printfi.c.obj                4867    0         0      
       defs.c.obj                    0       0         832    
       trgmsg.c.obj                  108     0         576    
       memory.c.obj                  492     0         24     
       write.c.obj                   40      0         400    
       fd_add_t2.asm.obj             438     0         0      
       fd_div_t2.asm.obj             310     0         0      
       fputs.c.obj                   276     0         0      
       s_scalbn.c.obj                272     0         0      
       fd_cmp_t2.asm.obj             268     0         0      
       ctype.c.obj                   0       257       0      
       fd_mul_t2.asm.obj             252     0         0      
       setvbuf.c.obj                 220     0         0      
       memcpy_t2.asm.obj             156     0         0      
       ull_div_t2.asm.obj            150     0         0      
       fputc.c.obj                   140     0         0      
       memset_t2.asm.obj             122     0         0      
       fclose.c.obj                  116     0         0      
       getdevice.c.obj               116     0         0      
       hostopen.c.obj                96      0         16     
       printf.c.obj                  112     0         0      
       fd_tos_t2.asm.obj             110     0         0      
       copy_decompress_lzss.c.obj    104     0         0      
       hostlseek.c.obj               104     0         0      
       hostrename.c.obj              104     0         0      
       exit.c.obj                    76      0         24     
       fseek.c.obj                   100     0         0      
       s_frexp.c.obj                 100     0         0      
       _io_perm.c.obj                98      0         0      
       close.c.obj                   92      0         0      
       hostread.c.obj                88      0         0      
       hostwrite.c.obj               88      0         0      
       ltoa.c.obj                    84      0         0      
       atoi.c.obj                    76      0         0      
       fflush.c.obj                  76      0         0      
       fd_toi_t2.asm.obj             72      0         0      
       autoinit.c.obj                68      0         0      
       hostclose.c.obj               68      0         0      
       hostunlink.c.obj              68      0         0      
       boot_cortex_m.c.obj           56      0         0      
       fs_tod_t2.asm.obj             56      0         0      
       strncpy.c.obj                 54      0         0      
       fopen.c.obj                   52      0         0      
       i_tofd_t2.asm.obj             46      0         0      
       unlink.c.obj                  44      0         0      
       lseek.c.obj                   40      0         0      
       memchr.c.obj                  32      0         0      
       u_tofd_t2.asm.obj             32      0         0      
       memccpy.c.obj                 28      0         0      
       strcmp.c.obj                  24      0         0      
       strchr.c.obj                  22      0         0      
       s_copysign.c.obj              20      0         0      
       strcpy.c.obj                  20      0         0      
       strlen.c.obj                  20      0         0      
       _lock.c.obj                   2       0         16     
       copy_zero_init.c.obj          18      0         0      
       wcslen.c.obj                  18      0         0      
       errno.c.obj                   8       0         8      
       copy_decompress_none.c.obj    14      0         0      
       pre_init.c.obj                4       0         0      
       div0.asm.obj                  2       0         0      
    +--+-----------------------------+-------+---------+---------+
       Total:                        10739   257       1896   
                                                              
       Heap:                         0       0         4096   
       Stack:                        0       0         1024   
       Linker Generated:             0       163       0      
    +--+-----------------------------+-------+---------+---------+
       Grand Total:                  12021   672       7112   


LINKER GENERATED COPY TABLES

__TI_cinit_table @ 00003198 records: 2, size/record: 8, table size: 16
	.data: load addr=00003100, load size=0000007f bytes, run addr=20000800, run size=0000021c bytes, compression=lzss
	.bss: load addr=00003190, load size=00000008 bytes, run addr=20000a1c, run size=000001c8 bytes, compression=zero_init


LINKER GENERATED HANDLER TABLE

__TI_handler_table @ 00003180 records: 3, size/record: 4, table size: 12
	index: 0, handler: __TI_decompress_lzss
	index: 1, handler: __TI_decompress_none
	index: 2, handler: __TI_zero_init


GLOBAL SYMBOLS: SORTED ALPHABETICALLY BY Name 

address   name                                
-------   ----                                
00000b43  ADC14_IRQHandler                    
200009cc  ADCResult                           
00000b43  AES256_IRQHandler                   
00000b43  BusFault_Handler                    
00002fe1  C$$EXIT                             
00002c23  C$$IO$$                             
00000b43  COMP_E0_IRQHandler                  
00000b43  COMP_E1_IRQHandler                  
00000b43  CS_IRQHandler                       
00000b43  DMA_ERR_IRQHandler                  
00000b43  DMA_INT0_IRQHandler                 
00000b43  DMA_INT1_IRQHandler                 
00000b43  DMA_INT2_IRQHandler                 
00000b43  DMA_INT3_IRQHandler                 
00000b43  DebugMon_Handler                    
00000b43  Default_Handler                     
00000b43  EUSCIA0_IRQHandler                  
00000b43  EUSCIA1_IRQHandler                  
00000b43  EUSCIA2_IRQHandler                  
00000b43  EUSCIA3_IRQHandler                  
00000b43  EUSCIB0_IRQHandler                  
00000b43  EUSCIB1_IRQHandler                  
00000b43  EUSCIB2_IRQHandler                  
00000b43  EUSCIB3_IRQHandler                  
00000b43  FLCTL_IRQHandler                    
00000b43  FPU_IRQHandler                      
00002a25  HOSTclose                           
000023c9  HOSTlseek                           
00002695  HOSTopen                            
00002751  HOSTread                            
00002431  HOSTrename                          
00002a69  HOSTunlink                          
000027a9  HOSTwrite                           
00000b43  HardFault_Handler                   
00000b43  MemManage_Handler                   
00000b43  NMI_Handler                         
00000b43  PCM_IRQHandler                      
00000b43  PORT1_IRQHandler                    
00000b43  PORT2_IRQHandler                    
00000b43  PORT3_IRQHandler                    
00000b43  PORT4_IRQHandler                    
00000b43  PORT5_IRQHandler                    
00000b43  PORT6_IRQHandler                    
00000b43  PSS_IRQHandler                      
00000b43  PendSV_Handler                      
00000b43  RTC_C_IRQHandler                    
00002fc1  Reset_Handler                       
00000b43  SVC_Handler                         
00000b43  SysTick_Handler                     
00002189  SystemInit                          
00000b43  T32_INT1_IRQHandler                 
00000b43  T32_INT2_IRQHandler                 
00000b43  T32_INTC_IRQHandler                 
00000b43  TA0_0_IRQHandler                    
00000b43  TA0_N_IRQHandler                    
00002aad  TA1_0_IRQHandler                    
00002aad  TA1_0_IRQHandler                    
00000b43  TA1_N_IRQHandler                    
00000b43  TA2_0_IRQHandler                    
00000b43  TA2_N_IRQHandler                    
00000b43  TA3_0_IRQHandler                    
00000b43  TA3_N_IRQHandler                    
00002dd5  Timer_A_clearCaptureCompareInterrupt
00000b43  UsageFault_Handler                  
4000480c  WDTCTL_SYM                          
00000b43  WDT_A_IRQHandler                    
00002ea5  WDT_A_holdTimer                     
20000a1c  __CIOBUF_                           
20010000  __STACK_END                         
00000200  __STACK_SIZE                        
00000800  __SYSMEM_SIZE                       
00003198  __TI_CINIT_Base                     
000031a8  __TI_CINIT_Limit                    
00003180  __TI_Handler_Table_Base             
0000318c  __TI_Handler_Table_Limit            
00002af1  __TI_auto_init_nobinit_nopinit      
00002d0d  __TI_cleanup                        
200009f8  __TI_cleanup_ptr                    
00002279  __TI_closefile                      
00002499  __TI_decompress_lzss                
00002fb3  __TI_decompress_none                
000028fd  __TI_doflush                        
200009fc  __TI_dtors_ptr                      
20000a00  __TI_enable_exit_profile_output     
200009e8  __TI_ft_end                         
ffffffff  __TI_pprof_out_hndl                 
000000e5  __TI_printfi                        
ffffffff  __TI_prof_data_size                 
ffffffff  __TI_prof_data_start                
00002d41  __TI_readmsg                        
00000000  __TI_static_base__                  
20000b3c  __TI_tmpnams                        
00002bf5  __TI_writemsg                       
00002631  __TI_wrt_ok                         
00002f8f  __TI_zero_init_nomemset             
00002001  __aeabi_cdcmpeq                     
00002001  __aeabi_cdcmple                     
00002087  __aeabi_cdrcmple                    
0000235b  __aeabi_d2f                         
000029dd  __aeabi_d2iz                        
000011e3  __aeabi_dadd                        
00001661  __aeabi_ddiv                        
00001ae1  __aeabi_dmul                        
000011d9  __aeabi_dsub                        
00002fcd  __aeabi_errno_addr                  
00002c9d  __aeabi_f2d                         
00002da5  __aeabi_i2d                         
00001797  __aeabi_idiv0                       
00001797  __aeabi_ldiv0                       
0000210d  __aeabi_memclr                      
0000210d  __aeabi_memclr4                     
0000210d  __aeabi_memclr8                     
00001e43  __aeabi_memcpy                      
00001e43  __aeabi_memcpy4                     
00001e43  __aeabi_memcpy8                     
0000210f  __aeabi_memset                      
0000210f  __aeabi_memset4                     
0000210f  __aeabi_memset8                     
200009f4  __aeabi_stderr                      
200009ec  __aeabi_stdin                       
200009f0  __aeabi_stdout                      
00002ee9  __aeabi_ui2d                        
00001edf  __aeabi_uldivmod                    
ffffffff  __binit__                           
ffffffff  __c_args__                          
UNDEFED   __mpu_init                          
2000fe00  __stack                             
00002c2d  _c_int00_noargs                     
00002fe4  _ctypes_                            
200008f0  _device                             
20000800  _ftable                             
20000a10  _lock                               
0000138f  _nop                                
20000968  _stream                             
20000000  _sys_memory                         
UNDEFED   _system_post_cinit                  
00002fdd  _system_pre_init                    
20000a14  _unlock                             
00002fe1  abort                               
00002949  atoi                                
ffffffff  binit                               
000026f5  close                               
00002f53  copysign                            
00002f53  copysignl                           
200009b8  desiredTemp                         
200009e0  dt                                  
200009e4  dutyCycle                           
20000a18  errno                               
00002995  exit                                
00002d75  finddevice                          
200009c8  flag                                
00001f75  fputc                               
000018bd  fputs                               
00001cb9  free                                
00002569  frexp                               
00002569  frexpl                              
000025cd  fseek                               
00001391  getPIDOutput                        
00002b35  getdevice                           
200009d4  int_error                           
00000000  interruptVectors                    
200009c4  kd                                  
200009c0  ki                                  
200009bc  kp                                  
000019d1  ldexp                               
000019d1  ldexpl                              
00002e2d  lseek                               
00002857  ltoa                                
00000db5  main                                
00002201  malloc                              
00002f09  memccpy                             
00002ec9  memchr                              
00001e43  memcpy                              
00002115  memset                              
00002c65  minit                               
200009d0  outputTemp                          
20000bdc  parmbuf                             
200009dc  pidOutput                           
200009d8  prev_error                          
00002501  printf                              
00001f75  putc                                
00002e01  remove                              
000019d1  scalbn                              
000019d1  scalbnl                             
00001bdd  setvbuf                             
00002f3d  strchr                              
00002f25  strcmp                              
00002f67  strcpy                              
00002f7b  strlen                              
00002cd5  strncpy                             
00002e01  unlink                              
000030e8  upConfig_0                          
00002fa1  wcslen                              
00002e7d  write                               


GLOBAL SYMBOLS: SORTED BY Symbol Address 

address   name                                
-------   ----                                
00000000  __TI_static_base__                  
00000000  interruptVectors                    
000000e5  __TI_printfi                        
00000200  __STACK_SIZE                        
00000800  __SYSMEM_SIZE                       
00000b43  ADC14_IRQHandler                    
00000b43  AES256_IRQHandler                   
00000b43  BusFault_Handler                    
00000b43  COMP_E0_IRQHandler                  
00000b43  COMP_E1_IRQHandler                  
00000b43  CS_IRQHandler                       
00000b43  DMA_ERR_IRQHandler                  
00000b43  DMA_INT0_IRQHandler                 
00000b43  DMA_INT1_IRQHandler                 
00000b43  DMA_INT2_IRQHandler                 
00000b43  DMA_INT3_IRQHandler                 
00000b43  DebugMon_Handler                    
00000b43  Default_Handler                     
00000b43  EUSCIA0_IRQHandler                  
00000b43  EUSCIA1_IRQHandler                  
00000b43  EUSCIA2_IRQHandler                  
00000b43  EUSCIA3_IRQHandler                  
00000b43  EUSCIB0_IRQHandler                  
00000b43  EUSCIB1_IRQHandler                  
00000b43  EUSCIB2_IRQHandler                  
00000b43  EUSCIB3_IRQHandler                  
00000b43  FLCTL_IRQHandler                    
00000b43  FPU_IRQHandler                      
00000b43  HardFault_Handler                   
00000b43  MemManage_Handler                   
00000b43  NMI_Handler                         
00000b43  PCM_IRQHandler                      
00000b43  PORT1_IRQHandler                    
00000b43  PORT2_IRQHandler                    
00000b43  PORT3_IRQHandler                    
00000b43  PORT4_IRQHandler                    
00000b43  PORT5_IRQHandler                    
00000b43  PORT6_IRQHandler                    
00000b43  PSS_IRQHandler                      
00000b43  PendSV_Handler                      
00000b43  RTC_C_IRQHandler                    
00000b43  SVC_Handler                         
00000b43  SysTick_Handler                     
00000b43  T32_INT1_IRQHandler                 
00000b43  T32_INT2_IRQHandler                 
00000b43  T32_INTC_IRQHandler                 
00000b43  TA0_0_IRQHandler                    
00000b43  TA0_N_IRQHandler                    
00000b43  TA1_N_IRQHandler                    
00000b43  TA2_0_IRQHandler                    
00000b43  TA2_N_IRQHandler                    
00000b43  TA3_0_IRQHandler                    
00000b43  TA3_N_IRQHandler                    
00000b43  UsageFault_Handler                  
00000b43  WDT_A_IRQHandler                    
00000db5  main                                
000011d9  __aeabi_dsub                        
000011e3  __aeabi_dadd                        
0000138f  _nop                                
00001391  getPIDOutput                        
00001661  __aeabi_ddiv                        
00001797  __aeabi_idiv0                       
00001797  __aeabi_ldiv0                       
000018bd  fputs                               
000019d1  ldexp                               
000019d1  ldexpl                              
000019d1  scalbn                              
000019d1  scalbnl                             
00001ae1  __aeabi_dmul                        
00001bdd  setvbuf                             
00001cb9  free                                
00001e43  __aeabi_memcpy                      
00001e43  __aeabi_memcpy4                     
00001e43  __aeabi_memcpy8                     
00001e43  memcpy                              
00001edf  __aeabi_uldivmod                    
00001f75  fputc                               
00001f75  putc                                
00002001  __aeabi_cdcmpeq                     
00002001  __aeabi_cdcmple                     
00002087  __aeabi_cdrcmple                    
0000210d  __aeabi_memclr                      
0000210d  __aeabi_memclr4                     
0000210d  __aeabi_memclr8                     
0000210f  __aeabi_memset                      
0000210f  __aeabi_memset4                     
0000210f  __aeabi_memset8                     
00002115  memset                              
00002189  SystemInit                          
00002201  malloc                              
00002279  __TI_closefile                      
0000235b  __aeabi_d2f                         
000023c9  HOSTlseek                           
00002431  HOSTrename                          
00002499  __TI_decompress_lzss                
00002501  printf                              
00002569  frexp                               
00002569  frexpl                              
000025cd  fseek                               
00002631  __TI_wrt_ok                         
00002695  HOSTopen                            
000026f5  close                               
00002751  HOSTread                            
000027a9  HOSTwrite                           
00002857  ltoa                                
000028fd  __TI_doflush                        
00002949  atoi                                
00002995  exit                                
000029dd  __aeabi_d2iz                        
00002a25  HOSTclose                           
00002a69  HOSTunlink                          
00002aad  TA1_0_IRQHandler                    
00002aad  TA1_0_IRQHandler                    
00002af1  __TI_auto_init_nobinit_nopinit      
00002b35  getdevice                           
00002bf5  __TI_writemsg                       
00002c23  C$$IO$$                             
00002c2d  _c_int00_noargs                     
00002c65  minit                               
00002c9d  __aeabi_f2d                         
00002cd5  strncpy                             
00002d0d  __TI_cleanup                        
00002d41  __TI_readmsg                        
00002d75  finddevice                          
00002da5  __aeabi_i2d                         
00002dd5  Timer_A_clearCaptureCompareInterrupt
00002e01  remove                              
00002e01  unlink                              
00002e2d  lseek                               
00002e7d  write                               
00002ea5  WDT_A_holdTimer                     
00002ec9  memchr                              
00002ee9  __aeabi_ui2d                        
00002f09  memccpy                             
00002f25  strcmp                              
00002f3d  strchr                              
00002f53  copysign                            
00002f53  copysignl                           
00002f67  strcpy                              
00002f7b  strlen                              
00002f8f  __TI_zero_init_nomemset             
00002fa1  wcslen                              
00002fb3  __TI_decompress_none                
00002fc1  Reset_Handler                       
00002fcd  __aeabi_errno_addr                  
00002fdd  _system_pre_init                    
00002fe1  C$$EXIT                             
00002fe1  abort                               
00002fe4  _ctypes_                            
000030e8  upConfig_0                          
00003180  __TI_Handler_Table_Base             
0000318c  __TI_Handler_Table_Limit            
00003198  __TI_CINIT_Base                     
000031a8  __TI_CINIT_Limit                    
20000000  _sys_memory                         
20000800  _ftable                             
200008f0  _device                             
20000968  _stream                             
200009b8  desiredTemp                         
200009bc  kp                                  
200009c0  ki                                  
200009c4  kd                                  
200009c8  flag                                
200009cc  ADCResult                           
200009d0  outputTemp                          
200009d4  int_error                           
200009d8  prev_error                          
200009dc  pidOutput                           
200009e0  dt                                  
200009e4  dutyCycle                           
200009e8  __TI_ft_end                         
200009ec  __aeabi_stdin                       
200009f0  __aeabi_stdout                      
200009f4  __aeabi_stderr                      
200009f8  __TI_cleanup_ptr                    
200009fc  __TI_dtors_ptr                      
20000a00  __TI_enable_exit_profile_output     
20000a10  _lock                               
20000a14  _unlock                             
20000a18  errno                               
20000a1c  __CIOBUF_                           
20000b3c  __TI_tmpnams                        
20000bdc  parmbuf                             
2000fe00  __stack                             
20010000  __STACK_END                         
4000480c  WDTCTL_SYM                          
ffffffff  __TI_pprof_out_hndl                 
ffffffff  __TI_prof_data_size                 
ffffffff  __TI_prof_data_start                
ffffffff  __binit__                           
ffffffff  __c_args__                          
ffffffff  binit                               
UNDEFED   __mpu_init                          
UNDEFED   _system_post_cinit                  

[194 symbols]
