******************************************************************************
                  TI ARM Linker PC v18.1.4                     
******************************************************************************
>> Linked Fri Dec 14 00:15:09 2018

OUTPUT FILE NAME:   <adc14_multiple_channel_no_repeat_MSP_EXP432P401R_nortos_ccs.out>
ENTRY POINT SYMBOL: "_c_int00_noargs"  address: 00002d75


MEMORY CONFIGURATION

         name            origin    length      used     unused   attr    fill
----------------------  --------  ---------  --------  --------  ----  --------
  MAIN                  00000000   00040000  000032b0  0003cd50  R  X
  INFO                  00200000   00004000  00000000  00004000  R  X
  SRAM_CODE             01000000   00010000  00000e20  0000f1e0  RW X
  SRAM_DATA             20000000   00010000  00000e20  0000f1e0  RW  


SEGMENT ALLOCATION MAP

run origin  load origin   length   init length attrs members
----------  ----------- ---------- ----------- ----- -------
00000000    00000000    000032b0   000032b0    r-x
  00000000    00000000    000000e4   000000e4    r-- .intvecs
  000000e4    000000e4    00002fa0   00002fa0    r-x .text
  00003084    00003084    00000184   00000184    r-- .const
  00003208    00003208    000000a8   000000a8    r-- .cinit
20000000    20000000    00000c20   00000000    rw-
  20000000    20000000    00000800   00000000    rw- .sysmem
  20000800    20000800    0000021c   00000000    rw- .data
  20000a1c    20000a1c    00000204   00000000    rw- .bss
2000fe00    2000fe00    00000200   00000000    rw-
  2000fe00    2000fe00    00000200   00000000    rw- .stack


SECTION ALLOCATION MAP

 output                                  attributes/
section   page    origin      length       input sections
--------  ----  ----------  ----------   ----------------
.intvecs   0    00000000    000000e4     
                  00000000    000000e4     startup_msp432p401r_ccs.obj (.intvecs:retain)

.text      0    000000e4    00002fa0     
                  000000e4    00000a5e     rtsv7M4_T_le_v4SPD16_eabi.lib : _printfi.c.obj (.text:__TI_printfi)
                  00000b42    00000002     startup_msp432p401r_ccs.obj (.text:Default_Handler)
                  00000b44    000002f8     adc14_multiple_channel_no_repeat.obj (.text:ADC14_IRQHandler)
                  00000e3c    00000270     rtsv7M4_T_le_v4SPD16_eabi.lib : _printfi.c.obj (.text:_pconv_a)
                  000010ac    00000270     adc14_multiple_channel_no_repeat.obj (.text:main)
                  0000131c    000001d0     rtsv7M4_T_le_v4SPD16_eabi.lib : _printfi.c.obj (.text:_pconv_g)
                  000014ec    000001b6                                   : fd_add_t2.asm.obj (.text)
                  000016a2    00000002                                   : _lock.c.obj (.text:_nop)
                  000016a4    0000013c                                   : _printfi.c.obj (.text:_pconv_e)
                  000017e0    00000136                                   : fd_div_t2.asm.obj (.text)
                  00001916    00000002                                   : div0.asm.obj (.text)
                  00001918    00000124                                   : _printfi.c.obj (.text:fcvt)
                  00001a3c    00000114                                   : fputs.c.obj (.text:fputs)
                  00001b50    00000110                                   : s_scalbn.c.obj (.text:scalbn)
                  00001c60    000000fc                                   : fd_mul_t2.asm.obj (.text)
                  00001d5c    000000dc                                   : setvbuf.c.obj (.text:setvbuf)
                  00001e38    000000d8                                   : memory.c.obj (.text:free)
                  00001f10    000000b1                                   : _printfi.c.obj (.text:_ltostr)
                  00001fc1    00000001     --HOLE-- [fill = 0]
                  00001fc2    0000009c                                   : memcpy_t2.asm.obj (.text)
                  0000205e    00000096                                   : ull_div_t2.asm.obj (.text)
                  000020f4    0000008c                                   : fputc.c.obj (.text:fputc)
                  00002180    00000086                                   : fd_cmp_t2.asm.obj (.text:__aeabi_cdcmple)
                  00002206    00000086                                   : fd_cmp_t2.asm.obj (.text:__aeabi_cdrcmple)
                  0000228c    0000007a                                   : memset_t2.asm.obj (.text)
                  00002306    00000002     --HOLE-- [fill = 0]
                  00002308    00000078     msp432p4xx_driverlib.lib : adc14.o (.text:ADC14_getMultiSequenceResult)
                  00002380    00000078     system_msp432p401r.obj (.text:SystemInit)
                  000023f8    00000078     rtsv7M4_T_le_v4SPD16_eabi.lib : memory.c.obj (.text:malloc)
                  00002470    00000074                                   : fclose.c.obj (.text:__TI_closefile)
                  000024e4    0000006e                                   : _printfi.c.obj (.text:_mcpy)
                  00002552    00000002     --HOLE-- [fill = 0]
                  00002554    00000068                                   : hostlseek.c.obj (.text:HOSTlseek)
                  000025bc    00000068                                   : hostrename.c.obj (.text:HOSTrename)
                  00002624    00000068                                   : copy_decompress_lzss.c.obj (.text:decompress:lzss:__TI_decompress_lzss)
                  0000268c    00000068                                   : printf.c.obj (.text:printf)
                  000026f4    00000064                                   : s_frexp.c.obj (.text:frexp)
                  00002758    00000064                                   : fseek.c.obj (.text:fseek)
                  000027bc    00000062                                   : _io_perm.c.obj (.text:__TI_wrt_ok)
                  0000281e    00000002     --HOLE-- [fill = 0]
                  00002820    00000060                                   : hostopen.c.obj (.text:HOSTopen)
                  00002880    0000005c                                   : close.c.obj (.text:close)
                  000028dc    00000058                                   : hostread.c.obj (.text:HOSTread)
                  00002934    00000058                                   : hostwrite.c.obj (.text:HOSTwrite)
                  0000298c    00000056                                   : _printfi.c.obj (.text:_pconv_f)
                  000029e2    00000054                                   : ltoa.c.obj (.text:ltoa)
                  00002a36    00000052                                   : _printfi.c.obj (.text:_ecpy)
                  00002a88    0000004c                                   : fflush.c.obj (.text:__TI_doflush)
                  00002ad4    0000004c                                   : atoi.c.obj (.text:atoi)
                  00002b20    00000048                                   : exit.c.obj (.text:exit)
                  00002b68    00000048                                   : fd_toi_t2.asm.obj (.text)
                  00002bb0    00000044                                   : hostclose.c.obj (.text:HOSTclose)
                  00002bf4    00000044                                   : hostunlink.c.obj (.text:HOSTunlink)
                  00002c38    00000044                                   : autoinit.c.obj (.text:__TI_auto_init_nobinit_nopinit:__TI_auto_init_nobinit_nopinit)
                  00002c7c    00000044                                   : getdevice.c.obj (.text:getdevice)
                  00002cc0    0000003e                                   : _printfi.c.obj (.text:_fcpy)
                  00002cfe    00000002     --HOLE-- [fill = 0]
                  00002d00    0000003c                                   : memory.c.obj (.text:minsert)
                  00002d3c    00000038                                   : trgmsg.c.obj (.text:__TI_writemsg)
                  00002d74    00000038                                   : boot_cortex_m.c.obj (.text:_c_int00_noargs:_c_int00_noargs)
                  00002dac    00000038                                   : memory.c.obj (.text:minit)
                  00002de4    00000036                                   : strncpy.c.obj (.text:strncpy)
                  00002e1a    00000002     --HOLE-- [fill = 0]
                  00002e1c    00000034                                   : fopen.c.obj (.text:__TI_cleanup)
                  00002e50    00000034                                   : trgmsg.c.obj (.text:__TI_readmsg)
                  00002e84    00000030                                   : getdevice.c.obj (.text:finddevice)
                  00002eb4    0000002e                                   : i_tofd_t2.asm.obj (.text)
                  00002ee2    00000002     --HOLE-- [fill = 0]
                  00002ee4    0000002c                                   : unlink.c.obj (.text:unlink)
                  00002f10    00000028                                   : lseek.c.obj (.text:lseek)
                  00002f38    00000028                                   : memory.c.obj (.text:mremove)
                  00002f60    00000028                                   : write.c.obj (.text:write)
                  00002f88    00000020                                   : memchr.c.obj (.text:memchr)
                  00002fa8    0000001c                                   : memccpy.c.obj (.text:memccpy)
                  00002fc4    00000018                                   : strcmp.c.obj (.text:strcmp)
                  00002fdc    00000016                                   : strchr.c.obj (.text:strchr)
                  00002ff2    00000014                                   : s_copysign.c.obj (.text:copysign)
                  00003006    00000014                                   : strcpy.c.obj (.text:strcpy)
                  0000301a    00000014                                   : strlen.c.obj (.text:strlen)
                  0000302e    00000012                                   : copy_zero_init.c.obj (.text:decompress:ZI:__TI_zero_init_nomemset:__TI_zero_init_nomemset)
                  00003040    00000012                                   : wcslen.c.obj (.text:wcslen)
                  00003052    0000000e                                   : copy_decompress_none.c.obj (.text:decompress:none:__TI_decompress_none)
                  00003060    0000000c     startup_msp432p401r_ccs.obj (.text:Reset_Handler)
                  0000306c    00000008     rtsv7M4_T_le_v4SPD16_eabi.lib : errno.c.obj (.text:__aeabi_errno_addr)
                  00003074    00000004                                   : printf.c.obj (.text:_outc)
                  00003078    00000004                                   : printf.c.obj (.text:_outs)
                  0000307c    00000004                                   : pre_init.c.obj (.text:_system_pre_init)
                  00003080    00000004                                   : exit.c.obj (.text:abort:abort)

.const     0    00003084    00000184     
                  00003084    00000101     rtsv7M4_T_le_v4SPD16_eabi.lib : ctype.c.obj (.const:.string:_ctypes_)
                  00003185    00000003     --HOLE-- [fill = 0]
                  00003188    00000080     msp432p4xx_driverlib.lib : adc14.o (.const:_ctlRegs)

.cinit     0    00003208    000000a8     
                  00003208    00000081     (.cinit..data.load) [load image, compression = lzss]
                  00003289    00000003     --HOLE-- [fill = 0]
                  0000328c    0000000c     (__TI_handler_table)
                  00003298    00000008     (.cinit..bss.load) [load image, compression = zero_init]
                  000032a0    00000010     (__TI_cinit_table)

.init_array 
*          0    00000000    00000000     UNINITIALIZED

.binit     0    00000000    00000000     

.sysmem    0    20000000    00000800     UNINITIALIZED
                  20000000    00000008     rtsv7M4_T_le_v4SPD16_eabi.lib : memory.c.obj (.sysmem)
                  20000008    000007f8     --HOLE--

.data      0    20000800    0000021c     UNINITIALIZED
                  20000800    000000f0     rtsv7M4_T_le_v4SPD16_eabi.lib : defs.c.obj (.data:_ftable)
                  200008f0    00000078                                   : write.c.obj (.data:_device)
                  20000968    00000050                                   : write.c.obj (.data:_stream)
                  200009b8    00000018     adc14_multiple_channel_no_repeat.obj (.data:pwmConfig2)
                  200009d0    00000018     adc14_multiple_channel_no_repeat.obj (.data:pwmConfig)
                  200009e8    00000010     rtsv7M4_T_le_v4SPD16_eabi.lib : defs.c.obj (.data)
                  200009f8    0000000c                                   : exit.c.obj (.data:$O1$$)
                  20000a04    0000000c                                   : memory.c.obj (.data:$O1$$)
                  20000a10    00000008                                   : _lock.c.obj (.data:$O1$$)
                  20000a18    00000004                                   : errno.c.obj (.data)

.bss       0    20000a1c    00000204     UNINITIALIZED
                  20000a1c    00000120     rtsv7M4_T_le_v4SPD16_eabi.lib : trgmsg.c.obj (.bss:_CIOBUF_)
                  20000b3c    000000a0     (.common:__TI_tmpnams)
                  20000bdc    00000010     adc14_multiple_channel_no_repeat.obj (.bss:resultsBuffer)
                  20000bec    00000008     (.common:parmbuf)
                  20000bf4    00000004     (.common:a)
                  20000bf8    00000004     (.common:b)
                  20000bfc    00000004     (.common:c)
                  20000c00    00000004     (.common:d)
                  20000c04    00000004     (.common:direction)
                  20000c08    00000004     (.common:direction_1)
                  20000c0c    00000004     (.common:direction_2)
                  20000c10    00000004     (.common:loop)
                  20000c14    00000004     (.common:val1)
                  20000c18    00000004     (.common:val2)
                  20000c1c    00000004     (.common:val3)

.stack     0    2000fe00    00000200     UNINITIALIZED
                  2000fe00    00000004     rtsv7M4_T_le_v4SPD16_eabi.lib : boot_cortex_m.c.obj (.stack)
                  2000fe04    000001fc     --HOLE--

MODULE SUMMARY

       Module                                 code    ro data   rw data
       ------                                 ----    -------   -------
    .\
       adc14_multiple_channel_no_repeat.obj   1384    0         216    
       system_msp432p401r.obj                 120     0         0      
    +--+--------------------------------------+-------+---------+---------+
       Total:                                 1504    0         216    
                                                                       
    .\ccs\
       startup_msp432p401r_ccs.obj            14      228       0      
    +--+--------------------------------------+-------+---------+---------+
       Total:                                 14      228       0      
                                                                       
    C:/ti/simplelink_msp432p4_sdk_2_30_00_14/source/ti/devices/msp432p4xx/driverlib/ccs/msp432p4xx_driverlib.lib
       adc14.o                                120     128       0      
    +--+--------------------------------------+-------+---------+---------+
       Total:                                 120     128       0      
                                                                       
    C:\ti\ccsv8\tools\compiler\ti-cgt-arm_18.1.4.LTS\lib\rtsv7M4_T_le_v4SPD16_eabi.lib
       _printfi.c.obj                         4867    0         0      
       defs.c.obj                             0       0         832    
       trgmsg.c.obj                           108     0         576    
       memory.c.obj                           492     0         24     
       write.c.obj                            40      0         400    
       fd_add_t2.asm.obj                      438     0         0      
       fd_div_t2.asm.obj                      310     0         0      
       fputs.c.obj                            276     0         0      
       s_scalbn.c.obj                         272     0         0      
       fd_cmp_t2.asm.obj                      268     0         0      
       ctype.c.obj                            0       257       0      
       fd_mul_t2.asm.obj                      252     0         0      
       setvbuf.c.obj                          220     0         0      
       memcpy_t2.asm.obj                      156     0         0      
       ull_div_t2.asm.obj                     150     0         0      
       fputc.c.obj                            140     0         0      
       memset_t2.asm.obj                      122     0         0      
       fclose.c.obj                           116     0         0      
       getdevice.c.obj                        116     0         0      
       hostopen.c.obj                         96      0         16     
       printf.c.obj                           112     0         0      
       copy_decompress_lzss.c.obj             104     0         0      
       hostlseek.c.obj                        104     0         0      
       hostrename.c.obj                       104     0         0      
       exit.c.obj                             76      0         24     
       fseek.c.obj                            100     0         0      
       s_frexp.c.obj                          100     0         0      
       _io_perm.c.obj                         98      0         0      
       close.c.obj                            92      0         0      
       hostread.c.obj                         88      0         0      
       hostwrite.c.obj                        88      0         0      
       ltoa.c.obj                             84      0         0      
       atoi.c.obj                             76      0         0      
       fflush.c.obj                           76      0         0      
       fd_toi_t2.asm.obj                      72      0         0      
       autoinit.c.obj                         68      0         0      
       hostclose.c.obj                        68      0         0      
       hostunlink.c.obj                       68      0         0      
       boot_cortex_m.c.obj                    56      0         0      
       strncpy.c.obj                          54      0         0      
       fopen.c.obj                            52      0         0      
       i_tofd_t2.asm.obj                      46      0         0      
       unlink.c.obj                           44      0         0      
       lseek.c.obj                            40      0         0      
       memchr.c.obj                           32      0         0      
       memccpy.c.obj                          28      0         0      
       strcmp.c.obj                           24      0         0      
       strchr.c.obj                           22      0         0      
       s_copysign.c.obj                       20      0         0      
       strcpy.c.obj                           20      0         0      
       strlen.c.obj                           20      0         0      
       _lock.c.obj                            2       0         16     
       copy_zero_init.c.obj                   18      0         0      
       wcslen.c.obj                           18      0         0      
       errno.c.obj                            8       0         8      
       copy_decompress_none.c.obj             14      0         0      
       pre_init.c.obj                         4       0         0      
       div0.asm.obj                           2       0         0      
    +--+--------------------------------------+-------+---------+---------+
       Total:                                 10541   257       1896   
                                                                       
       Heap:                                  0       0         4096   
       Stack:                                 0       0         1024   
       Linker Generated:                      0       165       0      
    +--+--------------------------------------+-------+---------+---------+
       Grand Total:                           12179   778       7232   


LINKER GENERATED COPY TABLES

__TI_cinit_table @ 000032a0 records: 2, size/record: 8, table size: 16
	.data: load addr=00003208, load size=00000081 bytes, run addr=20000800, run size=0000021c bytes, compression=lzss
	.bss: load addr=00003298, load size=00000008 bytes, run addr=20000a1c, run size=00000204 bytes, compression=zero_init


LINKER GENERATED HANDLER TABLE

__TI_handler_table @ 0000328c records: 3, size/record: 4, table size: 12
	index: 0, handler: __TI_decompress_lzss
	index: 1, handler: __TI_decompress_none
	index: 2, handler: __TI_zero_init


GLOBAL SYMBOLS: SORTED ALPHABETICALLY BY Name 

address   name                           
-------   ----                           
00000b45  ADC14_IRQHandler               
00000b45  ADC14_IRQHandler               
00002309  ADC14_getMultiSequenceResult   
00000b43  AES256_IRQHandler              
00000b43  BusFault_Handler               
00003081  C$$EXIT                        
00002d6b  C$$IO$$                        
00000b43  COMP_E0_IRQHandler             
00000b43  COMP_E1_IRQHandler             
00000b43  CS_IRQHandler                  
00000b43  DMA_ERR_IRQHandler             
00000b43  DMA_INT0_IRQHandler            
00000b43  DMA_INT1_IRQHandler            
00000b43  DMA_INT2_IRQHandler            
00000b43  DMA_INT3_IRQHandler            
00000b43  DebugMon_Handler               
00000b43  Default_Handler                
00000b43  EUSCIA0_IRQHandler             
00000b43  EUSCIA1_IRQHandler             
00000b43  EUSCIA2_IRQHandler             
00000b43  EUSCIA3_IRQHandler             
00000b43  EUSCIB0_IRQHandler             
00000b43  EUSCIB1_IRQHandler             
00000b43  EUSCIB2_IRQHandler             
00000b43  EUSCIB3_IRQHandler             
00000b43  FLCTL_IRQHandler               
00000b43  FPU_IRQHandler                 
00002bb1  HOSTclose                      
00002555  HOSTlseek                      
00002821  HOSTopen                       
000028dd  HOSTread                       
000025bd  HOSTrename                     
00002bf5  HOSTunlink                     
00002935  HOSTwrite                      
00000b43  HardFault_Handler              
00000b43  MemManage_Handler              
00000b43  NMI_Handler                    
00000b43  PCM_IRQHandler                 
00000b43  PORT1_IRQHandler               
00000b43  PORT2_IRQHandler               
00000b43  PORT3_IRQHandler               
00000b43  PORT4_IRQHandler               
00000b43  PORT5_IRQHandler               
00000b43  PORT6_IRQHandler               
00000b43  PSS_IRQHandler                 
00000b43  PendSV_Handler                 
00000b43  RTC_C_IRQHandler               
00003061  Reset_Handler                  
00000b43  SVC_Handler                    
00000b43  SysTick_Handler                
00002381  SystemInit                     
00000b43  T32_INT1_IRQHandler            
00000b43  T32_INT2_IRQHandler            
00000b43  T32_INTC_IRQHandler            
00000b43  TA0_0_IRQHandler               
00000b43  TA0_N_IRQHandler               
00000b43  TA1_0_IRQHandler               
00000b43  TA1_N_IRQHandler               
00000b43  TA2_0_IRQHandler               
00000b43  TA2_N_IRQHandler               
00000b43  TA3_0_IRQHandler               
00000b43  TA3_N_IRQHandler               
00000b43  UsageFault_Handler             
4000480c  WDTCTL_SYM                     
00000b43  WDT_A_IRQHandler               
20000a1c  __CIOBUF_                      
20010000  __STACK_END                    
00000200  __STACK_SIZE                   
00000800  __SYSMEM_SIZE                  
000032a0  __TI_CINIT_Base                
000032b0  __TI_CINIT_Limit               
0000328c  __TI_Handler_Table_Base        
00003298  __TI_Handler_Table_Limit       
00002c39  __TI_auto_init_nobinit_nopinit 
00002e1d  __TI_cleanup                   
200009f8  __TI_cleanup_ptr               
00002471  __TI_closefile                 
00002625  __TI_decompress_lzss           
00003053  __TI_decompress_none           
00002a89  __TI_doflush                   
200009fc  __TI_dtors_ptr                 
20000a00  __TI_enable_exit_profile_output
200009e8  __TI_ft_end                    
ffffffff  __TI_pprof_out_hndl            
000000e5  __TI_printfi                   
ffffffff  __TI_prof_data_size            
ffffffff  __TI_prof_data_start           
00002e51  __TI_readmsg                   
00000000  __TI_static_base__             
20000b3c  __TI_tmpnams                   
00002d3d  __TI_writemsg                  
000027bd  __TI_wrt_ok                    
0000302f  __TI_zero_init_nomemset        
00002181  __aeabi_cdcmpeq                
00002181  __aeabi_cdcmple                
00002207  __aeabi_cdrcmple               
00002b69  __aeabi_d2iz                   
000014f7  __aeabi_dadd                   
000017e1  __aeabi_ddiv                   
00001c61  __aeabi_dmul                   
000014ed  __aeabi_dsub                   
0000306d  __aeabi_errno_addr             
00002eb5  __aeabi_i2d                    
00001917  __aeabi_idiv0                  
00001917  __aeabi_ldiv0                  
0000228d  __aeabi_memclr                 
0000228d  __aeabi_memclr4                
0000228d  __aeabi_memclr8                
00001fc3  __aeabi_memcpy                 
00001fc3  __aeabi_memcpy4                
00001fc3  __aeabi_memcpy8                
0000228f  __aeabi_memset                 
0000228f  __aeabi_memset4                
0000228f  __aeabi_memset8                
200009f4  __aeabi_stderr                 
200009ec  __aeabi_stdin                  
200009f0  __aeabi_stdout                 
0000205f  __aeabi_uldivmod               
ffffffff  __binit__                      
ffffffff  __c_args__                     
UNDEFED   __mpu_init                     
2000fe00  __stack                        
00002d75  _c_int00_noargs                
00003084  _ctypes_                       
200008f0  _device                        
20000800  _ftable                        
20000a10  _lock                          
000016a3  _nop                           
20000968  _stream                        
20000000  _sys_memory                    
UNDEFED   _system_post_cinit             
0000307d  _system_pre_init               
20000a14  _unlock                        
20000bf4  a                              
00003081  abort                          
00002ad5  atoi                           
20000bf8  b                              
ffffffff  binit                          
20000bfc  c                              
00002881  close                          
00002ff3  copysign                       
00002ff3  copysignl                      
20000c00  d                              
20000c04  direction                      
20000c08  direction_1                    
20000c0c  direction_2                    
20000a18  errno                          
00002b21  exit                           
00002e85  finddevice                     
000020f5  fputc                          
00001a3d  fputs                          
00001e39  free                           
000026f5  frexp                          
000026f5  frexpl                         
00002759  fseek                          
00002c7d  getdevice                      
00000000  interruptVectors               
00001b51  ldexp                          
00001b51  ldexpl                         
20000c10  loop                           
00002f11  lseek                          
000029e3  ltoa                           
000010ad  main                           
000023f9  malloc                         
00002fa9  memccpy                        
00002f89  memchr                         
00001fc3  memcpy                         
00002295  memset                         
00002dad  minit                          
20000bec  parmbuf                        
0000268d  printf                         
000020f5  putc                           
200009d0  pwmConfig                      
200009b8  pwmConfig2                     
00002ee5  remove                         
00001b51  scalbn                         
00001b51  scalbnl                        
00001d5d  setvbuf                        
00002fdd  strchr                         
00002fc5  strcmp                         
00003007  strcpy                         
0000301b  strlen                         
00002de5  strncpy                        
00002ee5  unlink                         
20000c14  val1                           
20000c18  val2                           
20000c1c  val3                           
00003041  wcslen                         
00002f61  write                          


GLOBAL SYMBOLS: SORTED BY Symbol Address 

address   name                           
-------   ----                           
00000000  __TI_static_base__             
00000000  interruptVectors               
000000e5  __TI_printfi                   
00000200  __STACK_SIZE                   
00000800  __SYSMEM_SIZE                  
00000b43  AES256_IRQHandler              
00000b43  BusFault_Handler               
00000b43  COMP_E0_IRQHandler             
00000b43  COMP_E1_IRQHandler             
00000b43  CS_IRQHandler                  
00000b43  DMA_ERR_IRQHandler             
00000b43  DMA_INT0_IRQHandler            
00000b43  DMA_INT1_IRQHandler            
00000b43  DMA_INT2_IRQHandler            
00000b43  DMA_INT3_IRQHandler            
00000b43  DebugMon_Handler               
00000b43  Default_Handler                
00000b43  EUSCIA0_IRQHandler             
00000b43  EUSCIA1_IRQHandler             
00000b43  EUSCIA2_IRQHandler             
00000b43  EUSCIA3_IRQHandler             
00000b43  EUSCIB0_IRQHandler             
00000b43  EUSCIB1_IRQHandler             
00000b43  EUSCIB2_IRQHandler             
00000b43  EUSCIB3_IRQHandler             
00000b43  FLCTL_IRQHandler               
00000b43  FPU_IRQHandler                 
00000b43  HardFault_Handler              
00000b43  MemManage_Handler              
00000b43  NMI_Handler                    
00000b43  PCM_IRQHandler                 
00000b43  PORT1_IRQHandler               
00000b43  PORT2_IRQHandler               
00000b43  PORT3_IRQHandler               
00000b43  PORT4_IRQHandler               
00000b43  PORT5_IRQHandler               
00000b43  PORT6_IRQHandler               
00000b43  PSS_IRQHandler                 
00000b43  PendSV_Handler                 
00000b43  RTC_C_IRQHandler               
00000b43  SVC_Handler                    
00000b43  SysTick_Handler                
00000b43  T32_INT1_IRQHandler            
00000b43  T32_INT2_IRQHandler            
00000b43  T32_INTC_IRQHandler            
00000b43  TA0_0_IRQHandler               
00000b43  TA0_N_IRQHandler               
00000b43  TA1_0_IRQHandler               
00000b43  TA1_N_IRQHandler               
00000b43  TA2_0_IRQHandler               
00000b43  TA2_N_IRQHandler               
00000b43  TA3_0_IRQHandler               
00000b43  TA3_N_IRQHandler               
00000b43  UsageFault_Handler             
00000b43  WDT_A_IRQHandler               
00000b45  ADC14_IRQHandler               
00000b45  ADC14_IRQHandler               
000010ad  main                           
000014ed  __aeabi_dsub                   
000014f7  __aeabi_dadd                   
000016a3  _nop                           
000017e1  __aeabi_ddiv                   
00001917  __aeabi_idiv0                  
00001917  __aeabi_ldiv0                  
00001a3d  fputs                          
00001b51  ldexp                          
00001b51  ldexpl                         
00001b51  scalbn                         
00001b51  scalbnl                        
00001c61  __aeabi_dmul                   
00001d5d  setvbuf                        
00001e39  free                           
00001fc3  __aeabi_memcpy                 
00001fc3  __aeabi_memcpy4                
00001fc3  __aeabi_memcpy8                
00001fc3  memcpy                         
0000205f  __aeabi_uldivmod               
000020f5  fputc                          
000020f5  putc                           
00002181  __aeabi_cdcmpeq                
00002181  __aeabi_cdcmple                
00002207  __aeabi_cdrcmple               
0000228d  __aeabi_memclr                 
0000228d  __aeabi_memclr4                
0000228d  __aeabi_memclr8                
0000228f  __aeabi_memset                 
0000228f  __aeabi_memset4                
0000228f  __aeabi_memset8                
00002295  memset                         
00002309  ADC14_getMultiSequenceResult   
00002381  SystemInit                     
000023f9  malloc                         
00002471  __TI_closefile                 
00002555  HOSTlseek                      
000025bd  HOSTrename                     
00002625  __TI_decompress_lzss           
0000268d  printf                         
000026f5  frexp                          
000026f5  frexpl                         
00002759  fseek                          
000027bd  __TI_wrt_ok                    
00002821  HOSTopen                       
00002881  close                          
000028dd  HOSTread                       
00002935  HOSTwrite                      
000029e3  ltoa                           
00002a89  __TI_doflush                   
00002ad5  atoi                           
00002b21  exit                           
00002b69  __aeabi_d2iz                   
00002bb1  HOSTclose                      
00002bf5  HOSTunlink                     
00002c39  __TI_auto_init_nobinit_nopinit 
00002c7d  getdevice                      
00002d3d  __TI_writemsg                  
00002d6b  C$$IO$$                        
00002d75  _c_int00_noargs                
00002dad  minit                          
00002de5  strncpy                        
00002e1d  __TI_cleanup                   
00002e51  __TI_readmsg                   
00002e85  finddevice                     
00002eb5  __aeabi_i2d                    
00002ee5  remove                         
00002ee5  unlink                         
00002f11  lseek                          
00002f61  write                          
00002f89  memchr                         
00002fa9  memccpy                        
00002fc5  strcmp                         
00002fdd  strchr                         
00002ff3  copysign                       
00002ff3  copysignl                      
00003007  strcpy                         
0000301b  strlen                         
0000302f  __TI_zero_init_nomemset        
00003041  wcslen                         
00003053  __TI_decompress_none           
00003061  Reset_Handler                  
0000306d  __aeabi_errno_addr             
0000307d  _system_pre_init               
00003081  C$$EXIT                        
00003081  abort                          
00003084  _ctypes_                       
0000328c  __TI_Handler_Table_Base        
00003298  __TI_Handler_Table_Limit       
000032a0  __TI_CINIT_Base                
000032b0  __TI_CINIT_Limit               
20000000  _sys_memory                    
20000800  _ftable                        
200008f0  _device                        
20000968  _stream                        
200009b8  pwmConfig2                     
200009d0  pwmConfig                      
200009e8  __TI_ft_end                    
200009ec  __aeabi_stdin                  
200009f0  __aeabi_stdout                 
200009f4  __aeabi_stderr                 
200009f8  __TI_cleanup_ptr               
200009fc  __TI_dtors_ptr                 
20000a00  __TI_enable_exit_profile_output
20000a10  _lock                          
20000a14  _unlock                        
20000a18  errno                          
20000a1c  __CIOBUF_                      
20000b3c  __TI_tmpnams                   
20000bec  parmbuf                        
20000bf4  a                              
20000bf8  b                              
20000bfc  c                              
20000c00  d                              
20000c04  direction                      
20000c08  direction_1                    
20000c0c  direction_2                    
20000c10  loop                           
20000c14  val1                           
20000c18  val2                           
20000c1c  val3                           
2000fe00  __stack                        
20010000  __STACK_END                    
4000480c  WDTCTL_SYM                     
ffffffff  __TI_pprof_out_hndl            
ffffffff  __TI_prof_data_size            
ffffffff  __TI_prof_data_start           
ffffffff  __binit__                      
ffffffff  __c_args__                     
ffffffff  binit                          
UNDEFED   __mpu_init                     
UNDEFED   _system_post_cinit             

[189 symbols]
