<?xml version="1.0" encoding="ISO-8859-1" ?>
<link_info>
   <banner>TI ARM Linker PC v18.1.4.LTS</banner>
   <copyright>Copyright (c) 1996-2018 Texas Instruments Incorporated</copyright>
   <link_time>0x5c13668d</link_time>
   <link_errors>0x0</link_errors>
   <output_file>adc14_multiple_channel_no_repeat_MSP_EXP432P401R_nortos_ccs.out</output_file>
   <entry_point>
      <name>_c_int00_noargs</name>
      <address>0x2d75</address>
   </entry_point>
   <input_file_list>
      <input_file id="fl-2">
         <path>.\</path>
         <kind>object</kind>
         <file>adc14_multiple_channel_no_repeat.obj</file>
         <name>adc14_multiple_channel_no_repeat.obj</name>
      </input_file>
      <input_file id="fl-3">
         <path>.\</path>
         <kind>object</kind>
         <file>system_msp432p401r.obj</file>
         <name>system_msp432p401r.obj</name>
      </input_file>
      <input_file id="fl-4">
         <path>.\ccs\</path>
         <kind>object</kind>
         <file>startup_msp432p401r_ccs.obj</file>
         <name>startup_msp432p401r_ccs.obj</name>
      </input_file>
      <input_file id="fl-e">
         <kind>object</kind>
         <file>&lt;internal&gt;</file>
         <name>&lt;internal&gt;</name>
      </input_file>
      <input_file id="fl-f">
         <path>C:\ti\simplelink_msp432p4_sdk_2_30_00_14\source\ti\devices\msp432p4xx\driverlib\ccs\</path>
         <kind>archive</kind>
         <file>msp432p4xx_driverlib.lib</file>
         <name>adc14.o</name>
      </input_file>
      <input_file id="fl-10">
         <path>C:\ti\simplelink_msp432p4_sdk_2_30_00_14\source\ti\devices\msp432p4xx\driverlib\ccs\</path>
         <kind>archive</kind>
         <file>msp432p4xx_driverlib.lib</file>
         <name>interrupt.o</name>
      </input_file>
      <input_file id="fl-11">
         <path>C:\ti\simplelink_msp432p4_sdk_2_30_00_14\source\ti\devices\msp432p4xx\driverlib\ccs\</path>
         <kind>archive</kind>
         <file>msp432p4xx_driverlib.lib</file>
         <name>cpu.o</name>
      </input_file>
      <input_file id="fl-c7">
         <path>C:\ti\ccsv8\tools\compiler\ti-cgt-arm_18.1.4.LTS\lib\</path>
         <kind>archive</kind>
         <file>rtsv7M4_T_le_v4SPD16_eabi.lib</file>
         <name>memset_t2.asm.obj</name>
      </input_file>
      <input_file id="fl-c8">
         <path>C:\ti\ccsv8\tools\compiler\ti-cgt-arm_18.1.4.LTS\lib\</path>
         <kind>archive</kind>
         <file>rtsv7M4_T_le_v4SPD16_eabi.lib</file>
         <name>copy_zero_init.c.obj</name>
      </input_file>
      <input_file id="fl-c9">
         <path>C:\ti\ccsv8\tools\compiler\ti-cgt-arm_18.1.4.LTS\lib\</path>
         <kind>archive</kind>
         <file>rtsv7M4_T_le_v4SPD16_eabi.lib</file>
         <name>copy_decompress_none.c.obj</name>
      </input_file>
      <input_file id="fl-ca">
         <path>C:\ti\ccsv8\tools\compiler\ti-cgt-arm_18.1.4.LTS\lib\</path>
         <kind>archive</kind>
         <file>rtsv7M4_T_le_v4SPD16_eabi.lib</file>
         <name>copy_decompress_lzss.c.obj</name>
      </input_file>
      <input_file id="fl-cb">
         <path>C:\ti\ccsv8\tools\compiler\ti-cgt-arm_18.1.4.LTS\lib\</path>
         <kind>archive</kind>
         <file>rtsv7M4_T_le_v4SPD16_eabi.lib</file>
         <name>boot_cortex_m.c.obj</name>
      </input_file>
      <input_file id="fl-cc">
         <path>C:\ti\ccsv8\tools\compiler\ti-cgt-arm_18.1.4.LTS\lib\</path>
         <kind>archive</kind>
         <file>rtsv7M4_T_le_v4SPD16_eabi.lib</file>
         <name>exit.c.obj</name>
      </input_file>
      <input_file id="fl-cd">
         <path>C:\ti\ccsv8\tools\compiler\ti-cgt-arm_18.1.4.LTS\lib\</path>
         <kind>archive</kind>
         <file>rtsv7M4_T_le_v4SPD16_eabi.lib</file>
         <name>_lock.c.obj</name>
      </input_file>
      <input_file id="fl-ce">
         <path>C:\ti\ccsv8\tools\compiler\ti-cgt-arm_18.1.4.LTS\lib\</path>
         <kind>archive</kind>
         <file>rtsv7M4_T_le_v4SPD16_eabi.lib</file>
         <name>args_main.c.obj</name>
      </input_file>
      <input_file id="fl-cf">
         <path>C:\ti\ccsv8\tools\compiler\ti-cgt-arm_18.1.4.LTS\lib\</path>
         <kind>archive</kind>
         <file>rtsv7M4_T_le_v4SPD16_eabi.lib</file>
         <name>printf.c.obj</name>
      </input_file>
      <input_file id="fl-d0">
         <path>C:\ti\ccsv8\tools\compiler\ti-cgt-arm_18.1.4.LTS\lib\</path>
         <kind>archive</kind>
         <file>rtsv7M4_T_le_v4SPD16_eabi.lib</file>
         <name>memcpy_t2.asm.obj</name>
      </input_file>
      <input_file id="fl-d1">
         <path>C:\ti\ccsv8\tools\compiler\ti-cgt-arm_18.1.4.LTS\lib\</path>
         <kind>archive</kind>
         <file>rtsv7M4_T_le_v4SPD16_eabi.lib</file>
         <name>autoinit.c.obj</name>
      </input_file>
      <input_file id="fl-d2">
         <path>C:\ti\ccsv8\tools\compiler\ti-cgt-arm_18.1.4.LTS\lib\</path>
         <kind>archive</kind>
         <file>rtsv7M4_T_le_v4SPD16_eabi.lib</file>
         <name>pre_init.c.obj</name>
      </input_file>
      <input_file id="fl-d3">
         <path>C:\ti\ccsv8\tools\compiler\ti-cgt-arm_18.1.4.LTS\lib\</path>
         <kind>archive</kind>
         <file>rtsv7M4_T_le_v4SPD16_eabi.lib</file>
         <name>cpy_tbl.c.obj</name>
      </input_file>
      <input_file id="fl-d4">
         <path>C:\ti\ccsv8\tools\compiler\ti-cgt-arm_18.1.4.LTS\lib\</path>
         <kind>archive</kind>
         <file>rtsv7M4_T_le_v4SPD16_eabi.lib</file>
         <name>_printfi.c.obj</name>
      </input_file>
      <input_file id="fl-d5">
         <path>C:\ti\ccsv8\tools\compiler\ti-cgt-arm_18.1.4.LTS\lib\</path>
         <kind>archive</kind>
         <file>rtsv7M4_T_le_v4SPD16_eabi.lib</file>
         <name>atoi.c.obj</name>
      </input_file>
      <input_file id="fl-d6">
         <path>C:\ti\ccsv8\tools\compiler\ti-cgt-arm_18.1.4.LTS\lib\</path>
         <kind>archive</kind>
         <file>rtsv7M4_T_le_v4SPD16_eabi.lib</file>
         <name>ctype.c.obj</name>
      </input_file>
      <input_file id="fl-d7">
         <path>C:\ti\ccsv8\tools\compiler\ti-cgt-arm_18.1.4.LTS\lib\</path>
         <kind>archive</kind>
         <file>rtsv7M4_T_le_v4SPD16_eabi.lib</file>
         <name>defs.c.obj</name>
      </input_file>
      <input_file id="fl-d8">
         <path>C:\ti\ccsv8\tools\compiler\ti-cgt-arm_18.1.4.LTS\lib\</path>
         <kind>archive</kind>
         <file>rtsv7M4_T_le_v4SPD16_eabi.lib</file>
         <name>fputc.c.obj</name>
      </input_file>
      <input_file id="fl-d9">
         <path>C:\ti\ccsv8\tools\compiler\ti-cgt-arm_18.1.4.LTS\lib\</path>
         <kind>archive</kind>
         <file>rtsv7M4_T_le_v4SPD16_eabi.lib</file>
         <name>fputs.c.obj</name>
      </input_file>
      <input_file id="fl-da">
         <path>C:\ti\ccsv8\tools\compiler\ti-cgt-arm_18.1.4.LTS\lib\</path>
         <kind>archive</kind>
         <file>rtsv7M4_T_le_v4SPD16_eabi.lib</file>
         <name>ltoa.c.obj</name>
      </input_file>
      <input_file id="fl-db">
         <path>C:\ti\ccsv8\tools\compiler\ti-cgt-arm_18.1.4.LTS\lib\</path>
         <kind>archive</kind>
         <file>rtsv7M4_T_le_v4SPD16_eabi.lib</file>
         <name>memccpy.c.obj</name>
      </input_file>
      <input_file id="fl-dc">
         <path>C:\ti\ccsv8\tools\compiler\ti-cgt-arm_18.1.4.LTS\lib\</path>
         <kind>archive</kind>
         <file>rtsv7M4_T_le_v4SPD16_eabi.lib</file>
         <name>memchr.c.obj</name>
      </input_file>
      <input_file id="fl-dd">
         <path>C:\ti\ccsv8\tools\compiler\ti-cgt-arm_18.1.4.LTS\lib\</path>
         <kind>archive</kind>
         <file>rtsv7M4_T_le_v4SPD16_eabi.lib</file>
         <name>strchr.c.obj</name>
      </input_file>
      <input_file id="fl-de">
         <path>C:\ti\ccsv8\tools\compiler\ti-cgt-arm_18.1.4.LTS\lib\</path>
         <kind>archive</kind>
         <file>rtsv7M4_T_le_v4SPD16_eabi.lib</file>
         <name>strlen.c.obj</name>
      </input_file>
      <input_file id="fl-df">
         <path>C:\ti\ccsv8\tools\compiler\ti-cgt-arm_18.1.4.LTS\lib\</path>
         <kind>archive</kind>
         <file>rtsv7M4_T_le_v4SPD16_eabi.lib</file>
         <name>write.c.obj</name>
      </input_file>
      <input_file id="fl-e0">
         <path>C:\ti\ccsv8\tools\compiler\ti-cgt-arm_18.1.4.LTS\lib\</path>
         <kind>archive</kind>
         <file>rtsv7M4_T_le_v4SPD16_eabi.lib</file>
         <name>wcslen.c.obj</name>
      </input_file>
      <input_file id="fl-e1">
         <path>C:\ti\ccsv8\tools\compiler\ti-cgt-arm_18.1.4.LTS\lib\</path>
         <kind>archive</kind>
         <file>rtsv7M4_T_le_v4SPD16_eabi.lib</file>
         <name>s_frexp.c.obj</name>
      </input_file>
      <input_file id="fl-e2">
         <path>C:\ti\ccsv8\tools\compiler\ti-cgt-arm_18.1.4.LTS\lib\</path>
         <kind>archive</kind>
         <file>rtsv7M4_T_le_v4SPD16_eabi.lib</file>
         <name>s_scalbn.c.obj</name>
      </input_file>
      <input_file id="fl-e3">
         <path>C:\ti\ccsv8\tools\compiler\ti-cgt-arm_18.1.4.LTS\lib\</path>
         <kind>archive</kind>
         <file>rtsv7M4_T_le_v4SPD16_eabi.lib</file>
         <name>fd_add_t2.asm.obj</name>
      </input_file>
      <input_file id="fl-e4">
         <path>C:\ti\ccsv8\tools\compiler\ti-cgt-arm_18.1.4.LTS\lib\</path>
         <kind>archive</kind>
         <file>rtsv7M4_T_le_v4SPD16_eabi.lib</file>
         <name>fd_cmp_t2.asm.obj</name>
      </input_file>
      <input_file id="fl-e5">
         <path>C:\ti\ccsv8\tools\compiler\ti-cgt-arm_18.1.4.LTS\lib\</path>
         <kind>archive</kind>
         <file>rtsv7M4_T_le_v4SPD16_eabi.lib</file>
         <name>fd_div_t2.asm.obj</name>
      </input_file>
      <input_file id="fl-e6">
         <path>C:\ti\ccsv8\tools\compiler\ti-cgt-arm_18.1.4.LTS\lib\</path>
         <kind>archive</kind>
         <file>rtsv7M4_T_le_v4SPD16_eabi.lib</file>
         <name>fd_mul_t2.asm.obj</name>
      </input_file>
      <input_file id="fl-e7">
         <path>C:\ti\ccsv8\tools\compiler\ti-cgt-arm_18.1.4.LTS\lib\</path>
         <kind>archive</kind>
         <file>rtsv7M4_T_le_v4SPD16_eabi.lib</file>
         <name>fd_toi_t2.asm.obj</name>
      </input_file>
      <input_file id="fl-e8">
         <path>C:\ti\ccsv8\tools\compiler\ti-cgt-arm_18.1.4.LTS\lib\</path>
         <kind>archive</kind>
         <file>rtsv7M4_T_le_v4SPD16_eabi.lib</file>
         <name>i_tofd_t2.asm.obj</name>
      </input_file>
      <input_file id="fl-e9">
         <path>C:\ti\ccsv8\tools\compiler\ti-cgt-arm_18.1.4.LTS\lib\</path>
         <kind>archive</kind>
         <file>rtsv7M4_T_le_v4SPD16_eabi.lib</file>
         <name>ull_div_t2.asm.obj</name>
      </input_file>
      <input_file id="fl-ea">
         <path>C:\ti\ccsv8\tools\compiler\ti-cgt-arm_18.1.4.LTS\lib\</path>
         <kind>archive</kind>
         <file>rtsv7M4_T_le_v4SPD16_eabi.lib</file>
         <name>errno.c.obj</name>
      </input_file>
      <input_file id="fl-eb">
         <path>C:\ti\ccsv8\tools\compiler\ti-cgt-arm_18.1.4.LTS\lib\</path>
         <kind>archive</kind>
         <file>rtsv7M4_T_le_v4SPD16_eabi.lib</file>
         <name>_io_perm.c.obj</name>
      </input_file>
      <input_file id="fl-ec">
         <path>C:\ti\ccsv8\tools\compiler\ti-cgt-arm_18.1.4.LTS\lib\</path>
         <kind>archive</kind>
         <file>rtsv7M4_T_le_v4SPD16_eabi.lib</file>
         <name>fflush.c.obj</name>
      </input_file>
      <input_file id="fl-ed">
         <path>C:\ti\ccsv8\tools\compiler\ti-cgt-arm_18.1.4.LTS\lib\</path>
         <kind>archive</kind>
         <file>rtsv7M4_T_le_v4SPD16_eabi.lib</file>
         <name>fseek.c.obj</name>
      </input_file>
      <input_file id="fl-ee">
         <path>C:\ti\ccsv8\tools\compiler\ti-cgt-arm_18.1.4.LTS\lib\</path>
         <kind>archive</kind>
         <file>rtsv7M4_T_le_v4SPD16_eabi.lib</file>
         <name>lseek.c.obj</name>
      </input_file>
      <input_file id="fl-ef">
         <path>C:\ti\ccsv8\tools\compiler\ti-cgt-arm_18.1.4.LTS\lib\</path>
         <kind>archive</kind>
         <file>rtsv7M4_T_le_v4SPD16_eabi.lib</file>
         <name>setvbuf.c.obj</name>
      </input_file>
      <input_file id="fl-f0">
         <path>C:\ti\ccsv8\tools\compiler\ti-cgt-arm_18.1.4.LTS\lib\</path>
         <kind>archive</kind>
         <file>rtsv7M4_T_le_v4SPD16_eabi.lib</file>
         <name>hostclose.c.obj</name>
      </input_file>
      <input_file id="fl-f1">
         <path>C:\ti\ccsv8\tools\compiler\ti-cgt-arm_18.1.4.LTS\lib\</path>
         <kind>archive</kind>
         <file>rtsv7M4_T_le_v4SPD16_eabi.lib</file>
         <name>hostlseek.c.obj</name>
      </input_file>
      <input_file id="fl-f2">
         <path>C:\ti\ccsv8\tools\compiler\ti-cgt-arm_18.1.4.LTS\lib\</path>
         <kind>archive</kind>
         <file>rtsv7M4_T_le_v4SPD16_eabi.lib</file>
         <name>hostopen.c.obj</name>
      </input_file>
      <input_file id="fl-f3">
         <path>C:\ti\ccsv8\tools\compiler\ti-cgt-arm_18.1.4.LTS\lib\</path>
         <kind>archive</kind>
         <file>rtsv7M4_T_le_v4SPD16_eabi.lib</file>
         <name>hostread.c.obj</name>
      </input_file>
      <input_file id="fl-f4">
         <path>C:\ti\ccsv8\tools\compiler\ti-cgt-arm_18.1.4.LTS\lib\</path>
         <kind>archive</kind>
         <file>rtsv7M4_T_le_v4SPD16_eabi.lib</file>
         <name>hostrename.c.obj</name>
      </input_file>
      <input_file id="fl-f5">
         <path>C:\ti\ccsv8\tools\compiler\ti-cgt-arm_18.1.4.LTS\lib\</path>
         <kind>archive</kind>
         <file>rtsv7M4_T_le_v4SPD16_eabi.lib</file>
         <name>hostunlink.c.obj</name>
      </input_file>
      <input_file id="fl-f6">
         <path>C:\ti\ccsv8\tools\compiler\ti-cgt-arm_18.1.4.LTS\lib\</path>
         <kind>archive</kind>
         <file>rtsv7M4_T_le_v4SPD16_eabi.lib</file>
         <name>hostwrite.c.obj</name>
      </input_file>
      <input_file id="fl-f7">
         <path>C:\ti\ccsv8\tools\compiler\ti-cgt-arm_18.1.4.LTS\lib\</path>
         <kind>archive</kind>
         <file>rtsv7M4_T_le_v4SPD16_eabi.lib</file>
         <name>trgmsg.c.obj</name>
      </input_file>
      <input_file id="fl-f8">
         <path>C:\ti\ccsv8\tools\compiler\ti-cgt-arm_18.1.4.LTS\lib\</path>
         <kind>archive</kind>
         <file>rtsv7M4_T_le_v4SPD16_eabi.lib</file>
         <name>s_copysign.c.obj</name>
      </input_file>
      <input_file id="fl-f9">
         <path>C:\ti\ccsv8\tools\compiler\ti-cgt-arm_18.1.4.LTS\lib\</path>
         <kind>archive</kind>
         <file>rtsv7M4_T_le_v4SPD16_eabi.lib</file>
         <name>div0.asm.obj</name>
      </input_file>
      <input_file id="fl-fa">
         <path>C:\ti\ccsv8\tools\compiler\ti-cgt-arm_18.1.4.LTS\lib\</path>
         <kind>archive</kind>
         <file>rtsv7M4_T_le_v4SPD16_eabi.lib</file>
         <name>memory.c.obj</name>
      </input_file>
      <input_file id="fl-fb">
         <path>C:\ti\ccsv8\tools\compiler\ti-cgt-arm_18.1.4.LTS\lib\</path>
         <kind>archive</kind>
         <file>rtsv7M4_T_le_v4SPD16_eabi.lib</file>
         <name>fopen.c.obj</name>
      </input_file>
      <input_file id="fl-fc">
         <path>C:\ti\ccsv8\tools\compiler\ti-cgt-arm_18.1.4.LTS\lib\</path>
         <kind>archive</kind>
         <file>rtsv7M4_T_le_v4SPD16_eabi.lib</file>
         <name>open.c.obj</name>
      </input_file>
      <input_file id="fl-fd">
         <path>C:\ti\ccsv8\tools\compiler\ti-cgt-arm_18.1.4.LTS\lib\</path>
         <kind>archive</kind>
         <file>rtsv7M4_T_le_v4SPD16_eabi.lib</file>
         <name>strcpy.c.obj</name>
      </input_file>
      <input_file id="fl-fe">
         <path>C:\ti\ccsv8\tools\compiler\ti-cgt-arm_18.1.4.LTS\lib\</path>
         <kind>archive</kind>
         <file>rtsv7M4_T_le_v4SPD16_eabi.lib</file>
         <name>fclose.c.obj</name>
      </input_file>
      <input_file id="fl-ff">
         <path>C:\ti\ccsv8\tools\compiler\ti-cgt-arm_18.1.4.LTS\lib\</path>
         <kind>archive</kind>
         <file>rtsv7M4_T_le_v4SPD16_eabi.lib</file>
         <name>getdevice.c.obj</name>
      </input_file>
      <input_file id="fl-100">
         <path>C:\ti\ccsv8\tools\compiler\ti-cgt-arm_18.1.4.LTS\lib\</path>
         <kind>archive</kind>
         <file>rtsv7M4_T_le_v4SPD16_eabi.lib</file>
         <name>remove.c.obj</name>
      </input_file>
      <input_file id="fl-101">
         <path>C:\ti\ccsv8\tools\compiler\ti-cgt-arm_18.1.4.LTS\lib\</path>
         <kind>archive</kind>
         <file>rtsv7M4_T_le_v4SPD16_eabi.lib</file>
         <name>strcmp.c.obj</name>
      </input_file>
      <input_file id="fl-102">
         <path>C:\ti\ccsv8\tools\compiler\ti-cgt-arm_18.1.4.LTS\lib\</path>
         <kind>archive</kind>
         <file>rtsv7M4_T_le_v4SPD16_eabi.lib</file>
         <name>strncpy.c.obj</name>
      </input_file>
      <input_file id="fl-103">
         <path>C:\ti\ccsv8\tools\compiler\ti-cgt-arm_18.1.4.LTS\lib\</path>
         <kind>archive</kind>
         <file>rtsv7M4_T_le_v4SPD16_eabi.lib</file>
         <name>unlink.c.obj</name>
      </input_file>
      <input_file id="fl-104">
         <path>C:\ti\ccsv8\tools\compiler\ti-cgt-arm_18.1.4.LTS\lib\</path>
         <kind>archive</kind>
         <file>rtsv7M4_T_le_v4SPD16_eabi.lib</file>
         <name>close.c.obj</name>
      </input_file>
   </input_file_list>
   <object_component_list>
      <object_component id="oc-23">
         <name>.intvecs:retain</name>
         <load_address>0x0</load_address>
         <run_address>0x0</run_address>
         <size>0xe4</size>
         <input_file_ref idref="fl-4"/>
      </object_component>
      <object_component id="oc-152">
         <name>.text:__TI_printfi</name>
         <load_address>0xe4</load_address>
         <run_address>0xe4</run_address>
         <size>0xa5e</size>
         <input_file_ref idref="fl-d4"/>
      </object_component>
      <object_component id="oc-6d">
         <name>.text:Default_Handler</name>
         <load_address>0xb42</load_address>
         <run_address>0xb42</run_address>
         <size>0x2</size>
         <input_file_ref idref="fl-4"/>
      </object_component>
      <object_component id="oc-73">
         <name>.text:ADC14_IRQHandler</name>
         <load_address>0xb44</load_address>
         <run_address>0xb44</run_address>
         <size>0x2f8</size>
         <input_file_ref idref="fl-2"/>
      </object_component>
      <object_component id="oc-1dc">
         <name>.text:_pconv_a</name>
         <load_address>0xe3c</load_address>
         <run_address>0xe3c</run_address>
         <size>0x270</size>
         <input_file_ref idref="fl-d4"/>
      </object_component>
      <object_component id="oc-a3">
         <name>.text:main</name>
         <load_address>0x10ac</load_address>
         <run_address>0x10ac</run_address>
         <size>0x270</size>
         <input_file_ref idref="fl-2"/>
      </object_component>
      <object_component id="oc-1ca">
         <name>.text:_pconv_g</name>
         <load_address>0x131c</load_address>
         <run_address>0x131c</run_address>
         <size>0x1d0</size>
         <input_file_ref idref="fl-d4"/>
      </object_component>
      <object_component id="oc-271">
         <name>.text</name>
         <load_address>0x14ec</load_address>
         <run_address>0x14ec</run_address>
         <size>0x1b6</size>
         <input_file_ref idref="fl-e3"/>
      </object_component>
      <object_component id="oc-200">
         <name>.text:_nop</name>
         <load_address>0x16a2</load_address>
         <run_address>0x16a2</run_address>
         <size>0x2</size>
         <input_file_ref idref="fl-cd"/>
      </object_component>
      <object_component id="oc-1d6">
         <name>.text:_pconv_e</name>
         <load_address>0x16a4</load_address>
         <run_address>0x16a4</run_address>
         <size>0x13c</size>
         <input_file_ref idref="fl-d4"/>
      </object_component>
      <object_component id="oc-257">
         <name>.text</name>
         <load_address>0x17e0</load_address>
         <run_address>0x17e0</run_address>
         <size>0x136</size>
         <input_file_ref idref="fl-e5"/>
      </object_component>
      <object_component id="oc-2f7">
         <name>.text</name>
         <load_address>0x1916</load_address>
         <run_address>0x1916</run_address>
         <size>0x2</size>
         <input_file_ref idref="fl-f9"/>
      </object_component>
      <object_component id="oc-283">
         <name>.text:fcvt</name>
         <load_address>0x1918</load_address>
         <run_address>0x1918</run_address>
         <size>0x124</size>
         <input_file_ref idref="fl-d4"/>
      </object_component>
      <object_component id="oc-20e">
         <name>.text:fputs</name>
         <load_address>0x1a3c</load_address>
         <run_address>0x1a3c</run_address>
         <size>0x114</size>
         <input_file_ref idref="fl-d9"/>
      </object_component>
      <object_component id="oc-297">
         <name>.text:scalbn</name>
         <load_address>0x1b50</load_address>
         <run_address>0x1b50</run_address>
         <size>0x110</size>
         <input_file_ref idref="fl-e2"/>
      </object_component>
      <object_component id="oc-252">
         <name>.text</name>
         <load_address>0x1c60</load_address>
         <run_address>0x1c60</run_address>
         <size>0xfc</size>
         <input_file_ref idref="fl-e6"/>
      </object_component>
      <object_component id="oc-332">
         <name>.text:setvbuf</name>
         <load_address>0x1d5c</load_address>
         <run_address>0x1d5c</run_address>
         <size>0xdc</size>
         <input_file_ref idref="fl-ef"/>
      </object_component>
      <object_component id="oc-360">
         <name>.text:free</name>
         <load_address>0x1e38</load_address>
         <run_address>0x1e38</run_address>
         <size>0xd8</size>
         <input_file_ref idref="fl-fa"/>
      </object_component>
      <object_component id="oc-1bf">
         <name>.text:_ltostr</name>
         <load_address>0x1f10</load_address>
         <run_address>0x1f10</run_address>
         <size>0xb1</size>
         <input_file_ref idref="fl-d4"/>
      </object_component>
      <object_component id="oc-37">
         <name>.text</name>
         <load_address>0x1fc2</load_address>
         <run_address>0x1fc2</run_address>
         <size>0x9c</size>
         <input_file_ref idref="fl-d0"/>
      </object_component>
      <object_component id="oc-24b">
         <name>.text</name>
         <load_address>0x205e</load_address>
         <run_address>0x205e</run_address>
         <size>0x96</size>
         <input_file_ref idref="fl-e9"/>
      </object_component>
      <object_component id="oc-215">
         <name>.text:fputc</name>
         <load_address>0x20f4</load_address>
         <run_address>0x20f4</run_address>
         <size>0x8c</size>
         <input_file_ref idref="fl-d8"/>
      </object_component>
      <object_component id="oc-1c5">
         <name>.text:__aeabi_cdcmple</name>
         <load_address>0x2180</load_address>
         <run_address>0x2180</run_address>
         <size>0x86</size>
         <input_file_ref idref="fl-e4"/>
      </object_component>
      <object_component id="oc-25c">
         <name>.text:__aeabi_cdrcmple</name>
         <load_address>0x2206</load_address>
         <run_address>0x2206</run_address>
         <size>0x86</size>
         <input_file_ref idref="fl-e4"/>
      </object_component>
      <object_component id="oc-97">
         <name>.text</name>
         <load_address>0x228c</load_address>
         <run_address>0x228c</run_address>
         <size>0x7a</size>
         <input_file_ref idref="fl-c7"/>
      </object_component>
      <object_component id="oc-bd">
         <name>.text:ADC14_getMultiSequenceResult</name>
         <load_address>0x2308</load_address>
         <run_address>0x2308</run_address>
         <size>0x78</size>
         <input_file_ref idref="fl-f"/>
      </object_component>
      <object_component id="oc-b5">
         <name>.text:SystemInit</name>
         <load_address>0x2380</load_address>
         <run_address>0x2380</run_address>
         <size>0x78</size>
         <input_file_ref idref="fl-3"/>
      </object_component>
      <object_component id="oc-366">
         <name>.text:malloc</name>
         <load_address>0x23f8</load_address>
         <run_address>0x23f8</run_address>
         <size>0x78</size>
         <input_file_ref idref="fl-fa"/>
      </object_component>
      <object_component id="oc-3ab">
         <name>.text:__TI_closefile</name>
         <load_address>0x2470</load_address>
         <run_address>0x2470</run_address>
         <size>0x74</size>
         <input_file_ref idref="fl-fe"/>
      </object_component>
      <object_component id="oc-27c">
         <name>.text:_mcpy</name>
         <load_address>0x24e4</load_address>
         <run_address>0x24e4</run_address>
         <size>0x6e</size>
         <input_file_ref idref="fl-d4"/>
      </object_component>
      <object_component id="oc-3cf">
         <name>.text:HOSTlseek</name>
         <load_address>0x2554</load_address>
         <run_address>0x2554</run_address>
         <size>0x68</size>
         <input_file_ref idref="fl-f1"/>
      </object_component>
      <object_component id="oc-3db">
         <name>.text:HOSTrename</name>
         <load_address>0x25bc</load_address>
         <run_address>0x25bc</run_address>
         <size>0x68</size>
         <input_file_ref idref="fl-f4"/>
      </object_component>
      <object_component id="oc-14">
         <name>.text:decompress:lzss:__TI_decompress_lzss</name>
         <load_address>0x2624</load_address>
         <run_address>0x2624</run_address>
         <size>0x68</size>
         <input_file_ref idref="fl-ca"/>
      </object_component>
      <object_component id="oc-c3">
         <name>.text:printf</name>
         <load_address>0x268c</load_address>
         <run_address>0x268c</run_address>
         <size>0x68</size>
         <input_file_ref idref="fl-cf"/>
      </object_component>
      <object_component id="oc-291">
         <name>.text:frexp</name>
         <load_address>0x26f4</load_address>
         <run_address>0x26f4</run_address>
         <size>0x64</size>
         <input_file_ref idref="fl-e1"/>
      </object_component>
      <object_component id="oc-32c">
         <name>.text:fseek</name>
         <load_address>0x2758</load_address>
         <run_address>0x2758</run_address>
         <size>0x64</size>
         <input_file_ref idref="fl-ed"/>
      </object_component>
      <object_component id="oc-2c8">
         <name>.text:__TI_wrt_ok</name>
         <load_address>0x27bc</load_address>
         <run_address>0x27bc</run_address>
         <size>0x62</size>
         <input_file_ref idref="fl-eb"/>
      </object_component>
      <object_component id="oc-3b7">
         <name>.text:HOSTopen</name>
         <load_address>0x2820</load_address>
         <run_address>0x2820</run_address>
         <size>0x60</size>
         <input_file_ref idref="fl-f2"/>
      </object_component>
      <object_component id="oc-3ea">
         <name>.text:close</name>
         <load_address>0x2880</load_address>
         <run_address>0x2880</run_address>
         <size>0x5c</size>
         <input_file_ref idref="fl-104"/>
      </object_component>
      <object_component id="oc-3c3">
         <name>.text:HOSTread</name>
         <load_address>0x28dc</load_address>
         <run_address>0x28dc</run_address>
         <size>0x58</size>
         <input_file_ref idref="fl-f3"/>
      </object_component>
      <object_component id="oc-3c9">
         <name>.text:HOSTwrite</name>
         <load_address>0x2934</load_address>
         <run_address>0x2934</run_address>
         <size>0x58</size>
         <input_file_ref idref="fl-f6"/>
      </object_component>
      <object_component id="oc-1d0">
         <name>.text:_pconv_f</name>
         <load_address>0x298c</load_address>
         <run_address>0x298c</run_address>
         <size>0x56</size>
         <input_file_ref idref="fl-d4"/>
      </object_component>
      <object_component id="oc-266">
         <name>.text:ltoa</name>
         <load_address>0x29e2</load_address>
         <run_address>0x29e2</run_address>
         <size>0x54</size>
         <input_file_ref idref="fl-da"/>
      </object_component>
      <object_component id="oc-276">
         <name>.text:_ecpy</name>
         <load_address>0x2a36</load_address>
         <run_address>0x2a36</run_address>
         <size>0x52</size>
         <input_file_ref idref="fl-d4"/>
      </object_component>
      <object_component id="oc-2d4">
         <name>.text:__TI_doflush</name>
         <load_address>0x2a88</load_address>
         <run_address>0x2a88</run_address>
         <size>0x4c</size>
         <input_file_ref idref="fl-ec"/>
      </object_component>
      <object_component id="oc-1b9">
         <name>.text:atoi</name>
         <load_address>0x2ad4</load_address>
         <run_address>0x2ad4</run_address>
         <size>0x4c</size>
         <input_file_ref idref="fl-d5"/>
      </object_component>
      <object_component id="oc-114">
         <name>.text:exit</name>
         <load_address>0x2b20</load_address>
         <run_address>0x2b20</run_address>
         <size>0x48</size>
         <input_file_ref idref="fl-cc"/>
      </object_component>
      <object_component id="oc-261">
         <name>.text</name>
         <load_address>0x2b68</load_address>
         <run_address>0x2b68</run_address>
         <size>0x48</size>
         <input_file_ref idref="fl-e7"/>
      </object_component>
      <object_component id="oc-3bd">
         <name>.text:HOSTclose</name>
         <load_address>0x2bb0</load_address>
         <run_address>0x2bb0</run_address>
         <size>0x44</size>
         <input_file_ref idref="fl-f0"/>
      </object_component>
      <object_component id="oc-3d5">
         <name>.text:HOSTunlink</name>
         <load_address>0x2bf4</load_address>
         <run_address>0x2bf4</run_address>
         <size>0x44</size>
         <input_file_ref idref="fl-f5"/>
      </object_component>
      <object_component id="oc-11a">
         <name>.text:__TI_auto_init_nobinit_nopinit:__TI_auto_init_nobinit_nopinit</name>
         <load_address>0x2c38</load_address>
         <run_address>0x2c38</run_address>
         <size>0x44</size>
         <input_file_ref idref="fl-d1"/>
      </object_component>
      <object_component id="oc-41f">
         <name>.text:getdevice</name>
         <load_address>0x2c7c</load_address>
         <run_address>0x2c7c</run_address>
         <size>0x44</size>
         <input_file_ref idref="fl-ff"/>
      </object_component>
      <object_component id="oc-289">
         <name>.text:_fcpy</name>
         <load_address>0x2cc0</load_address>
         <run_address>0x2cc0</run_address>
         <size>0x3e</size>
         <input_file_ref idref="fl-d4"/>
      </object_component>
      <object_component id="oc-3a0">
         <name>.text:minsert</name>
         <load_address>0x2d00</load_address>
         <run_address>0x2d00</run_address>
         <size>0x3c</size>
         <input_file_ref idref="fl-fa"/>
      </object_component>
      <object_component id="oc-3fb">
         <name>.text:__TI_writemsg</name>
         <load_address>0x2d3c</load_address>
         <run_address>0x2d3c</run_address>
         <size>0x38</size>
         <input_file_ref idref="fl-f7"/>
      </object_component>
      <object_component id="oc-55">
         <name>.text:_c_int00_noargs:_c_int00_noargs</name>
         <load_address>0x2d74</load_address>
         <run_address>0x2d74</run_address>
         <size>0x38</size>
         <input_file_ref idref="fl-cb"/>
      </object_component>
      <object_component id="oc-394">
         <name>.text:minit</name>
         <load_address>0x2dac</load_address>
         <run_address>0x2dac</run_address>
         <size>0x38</size>
         <input_file_ref idref="fl-fa"/>
      </object_component>
      <object_component id="oc-441">
         <name>.text:strncpy</name>
         <load_address>0x2de4</load_address>
         <run_address>0x2de4</run_address>
         <size>0x36</size>
         <input_file_ref idref="fl-102"/>
      </object_component>
      <object_component id="oc-36c">
         <name>.text:__TI_cleanup</name>
         <load_address>0x2e1c</load_address>
         <run_address>0x2e1c</run_address>
         <size>0x34</size>
         <input_file_ref idref="fl-fb"/>
      </object_component>
      <object_component id="oc-401">
         <name>.text:__TI_readmsg</name>
         <load_address>0x2e50</load_address>
         <run_address>0x2e50</run_address>
         <size>0x34</size>
         <input_file_ref idref="fl-f7"/>
      </object_component>
      <object_component id="oc-447">
         <name>.text:finddevice</name>
         <load_address>0x2e84</load_address>
         <run_address>0x2e84</run_address>
         <size>0x30</size>
         <input_file_ref idref="fl-ff"/>
      </object_component>
      <object_component id="oc-26c">
         <name>.text</name>
         <load_address>0x2eb4</load_address>
         <run_address>0x2eb4</run_address>
         <size>0x2e</size>
         <input_file_ref idref="fl-e8"/>
      </object_component>
      <object_component id="oc-3f0">
         <name>.text:unlink</name>
         <load_address>0x2ee4</load_address>
         <run_address>0x2ee4</run_address>
         <size>0x2c</size>
         <input_file_ref idref="fl-103"/>
      </object_component>
      <object_component id="oc-358">
         <name>.text:lseek</name>
         <load_address>0x2f10</load_address>
         <run_address>0x2f10</run_address>
         <size>0x28</size>
         <input_file_ref idref="fl-ee"/>
      </object_component>
      <object_component id="oc-39a">
         <name>.text:mremove</name>
         <load_address>0x2f38</load_address>
         <run_address>0x2f38</run_address>
         <size>0x28</size>
         <input_file_ref idref="fl-fa"/>
      </object_component>
      <object_component id="oc-2da">
         <name>.text:write</name>
         <load_address>0x2f60</load_address>
         <run_address>0x2f60</run_address>
         <size>0x28</size>
         <input_file_ref idref="fl-df"/>
      </object_component>
      <object_component id="oc-2ce">
         <name>.text:memchr</name>
         <load_address>0x2f88</load_address>
         <run_address>0x2f88</run_address>
         <size>0x20</size>
         <input_file_ref idref="fl-dc"/>
      </object_component>
      <object_component id="oc-1e2">
         <name>.text:memccpy</name>
         <load_address>0x2fa8</load_address>
         <run_address>0x2fa8</run_address>
         <size>0x1c</size>
         <input_file_ref idref="fl-db"/>
      </object_component>
      <object_component id="oc-45e">
         <name>.text:strcmp</name>
         <load_address>0x2fc4</load_address>
         <run_address>0x2fc4</run_address>
         <size>0x18</size>
         <input_file_ref idref="fl-101"/>
      </object_component>
      <object_component id="oc-29d">
         <name>.text:strchr</name>
         <load_address>0x2fdc</load_address>
         <run_address>0x2fdc</run_address>
         <size>0x16</size>
         <input_file_ref idref="fl-dd"/>
      </object_component>
      <object_component id="oc-310">
         <name>.text:copysign</name>
         <load_address>0x2ff2</load_address>
         <run_address>0x2ff2</run_address>
         <size>0x14</size>
         <input_file_ref idref="fl-f8"/>
      </object_component>
      <object_component id="oc-415">
         <name>.text:strcpy</name>
         <load_address>0x3006</load_address>
         <run_address>0x3006</run_address>
         <size>0x14</size>
         <input_file_ref idref="fl-fd"/>
      </object_component>
      <object_component id="oc-1b3">
         <name>.text:strlen</name>
         <load_address>0x301a</load_address>
         <run_address>0x301a</run_address>
         <size>0x14</size>
         <input_file_ref idref="fl-de"/>
      </object_component>
      <object_component id="oc-43">
         <name>.text:decompress:ZI:__TI_zero_init_nomemset:__TI_zero_init_nomemset</name>
         <load_address>0x302e</load_address>
         <run_address>0x302e</run_address>
         <size>0x12</size>
         <input_file_ref idref="fl-c8"/>
      </object_component>
      <object_component id="oc-1e8">
         <name>.text:wcslen</name>
         <load_address>0x3040</load_address>
         <run_address>0x3040</run_address>
         <size>0x12</size>
         <input_file_ref idref="fl-e0"/>
      </object_component>
      <object_component id="oc-1a">
         <name>.text:decompress:none:__TI_decompress_none</name>
         <load_address>0x3052</load_address>
         <run_address>0x3052</run_address>
         <size>0xe</size>
         <input_file_ref idref="fl-c9"/>
      </object_component>
      <object_component id="oc-67">
         <name>.text:Reset_Handler</name>
         <load_address>0x3060</load_address>
         <run_address>0x3060</run_address>
         <size>0xc</size>
         <input_file_ref idref="fl-4"/>
      </object_component>
      <object_component id="oc-1ee">
         <name>.text:__aeabi_errno_addr</name>
         <load_address>0x306c</load_address>
         <run_address>0x306c</run_address>
         <size>0x8</size>
         <input_file_ref idref="fl-ea"/>
      </object_component>
      <object_component id="oc-164">
         <name>.text:_outc</name>
         <load_address>0x3074</load_address>
         <run_address>0x3074</run_address>
         <size>0x4</size>
         <input_file_ref idref="fl-cf"/>
      </object_component>
      <object_component id="oc-15e">
         <name>.text:_outs</name>
         <load_address>0x3078</load_address>
         <run_address>0x3078</run_address>
         <size>0x4</size>
         <input_file_ref idref="fl-cf"/>
      </object_component>
      <object_component id="oc-9d">
         <name>.text:_system_pre_init</name>
         <load_address>0x307c</load_address>
         <run_address>0x307c</run_address>
         <size>0x4</size>
         <input_file_ref idref="fl-d2"/>
      </object_component>
      <object_component id="oc-10e">
         <name>.text:abort:abort</name>
         <load_address>0x3080</load_address>
         <run_address>0x3080</run_address>
         <size>0x4</size>
         <input_file_ref idref="fl-cc"/>
      </object_component>
      <object_component id="oc-246">
         <name>.const:.string:_ctypes_</name>
         <load_address>0x3084</load_address>
         <run_address>0x3084</run_address>
         <size>0x101</size>
         <input_file_ref idref="fl-d6"/>
      </object_component>
      <object_component id="oc-14d">
         <name>.const:_ctlRegs</name>
         <load_address>0x3188</load_address>
         <run_address>0x3188</run_address>
         <size>0x80</size>
         <input_file_ref idref="fl-f"/>
      </object_component>
      <object_component id="oc-49c">
         <name>.cinit..data.load</name>
         <load_address>0x3208</load_address>
         <run_address>0x3208</run_address>
         <size>0x81</size>
      </object_component>
      <object_component id="oc-49a">
         <name>__TI_handler_table</name>
         <load_address>0x328c</load_address>
         <run_address>0x328c</run_address>
         <size>0xc</size>
      </object_component>
      <object_component id="oc-49d">
         <name>.cinit..bss.load</name>
         <load_address>0x3298</load_address>
         <run_address>0x3298</run_address>
         <size>0x8</size>
      </object_component>
      <object_component id="oc-49b">
         <name>__TI_cinit_table</name>
         <load_address>0x32a0</load_address>
         <run_address>0x32a0</run_address>
         <size>0x10</size>
      </object_component>
      <object_component id="oc-46f">
         <name>.binit</name>
         <load_address>0x0</load_address>
         <run_address>0x0</run_address>
         <size>0x0</size>
      </object_component>
      <object_component id="oc-d1">
         <name>.data:pwmConfig</name>
         <load_address>0x200009d0</load_address>
         <run_address>0x200009d0</run_address>
         <size>0x18</size>
         <input_file_ref idref="fl-2"/>
      </object_component>
      <object_component id="oc-da">
         <name>.data:pwmConfig2</name>
         <load_address>0x200009b8</load_address>
         <run_address>0x200009b8</run_address>
         <size>0x18</size>
         <input_file_ref idref="fl-2"/>
      </object_component>
      <object_component id="oc-18e">
         <name>.data:$O1$$</name>
         <load_address>0x200009f8</load_address>
         <run_address>0x200009f8</run_address>
         <size>0xc</size>
         <input_file_ref idref="fl-cc"/>
      </object_component>
      <object_component id="oc-158">
         <name>.data:$O1$$</name>
         <load_address>0x20000a10</load_address>
         <run_address>0x20000a10</run_address>
         <size>0x8</size>
         <input_file_ref idref="fl-cd"/>
      </object_component>
      <object_component id="oc-15b">
         <name>.data:_ftable</name>
         <load_address>0x20000800</load_address>
         <run_address>0x20000800</run_address>
         <size>0xf0</size>
         <input_file_ref idref="fl-d7"/>
      </object_component>
      <object_component id="oc-3b1">
         <name>.data</name>
         <load_address>0x200009e8</load_address>
         <run_address>0x200009e8</run_address>
         <size>0x10</size>
         <input_file_ref idref="fl-d7"/>
      </object_component>
      <object_component id="oc-37f">
         <name>.data:_device</name>
         <load_address>0x200008f0</load_address>
         <run_address>0x200008f0</run_address>
         <size>0x78</size>
         <input_file_ref idref="fl-df"/>
      </object_component>
      <object_component id="oc-33e">
         <name>.data:_stream</name>
         <load_address>0x20000968</load_address>
         <run_address>0x20000968</run_address>
         <size>0x50</size>
         <input_file_ref idref="fl-df"/>
      </object_component>
      <object_component id="oc-2ad">
         <name>.data</name>
         <load_address>0x20000a18</load_address>
         <run_address>0x20000a18</run_address>
         <size>0x4</size>
         <input_file_ref idref="fl-ea"/>
      </object_component>
      <object_component id="oc-3a6">
         <name>.data:$O1$$</name>
         <load_address>0x20000a04</load_address>
         <run_address>0x20000a04</run_address>
         <size>0xc</size>
         <input_file_ref idref="fl-fa"/>
      </object_component>
      <object_component id="oc-c9">
         <name>.bss:resultsBuffer</name>
         <uninitialized>true</uninitialized>
         <run_address>0x20000bdc</run_address>
         <size>0x10</size>
         <input_file_ref idref="fl-2"/>
      </object_component>
      <object_component id="oc-429">
         <name>.bss:_CIOBUF_</name>
         <uninitialized>true</uninitialized>
         <run_address>0x20000a1c</run_address>
         <size>0x120</size>
         <input_file_ref idref="fl-f7"/>
      </object_component>
      <object_component id="oc-d7">
         <name>.common:a</name>
         <uninitialized>true</uninitialized>
         <run_address>0x20000bf4</run_address>
         <size>0x4</size>
      </object_component>
      <object_component id="oc-d9">
         <name>.common:b</name>
         <uninitialized>true</uninitialized>
         <run_address>0x20000bf8</run_address>
         <size>0x4</size>
      </object_component>
      <object_component id="oc-d5">
         <name>.common:c</name>
         <uninitialized>true</uninitialized>
         <run_address>0x20000bfc</run_address>
         <size>0x4</size>
      </object_component>
      <object_component id="oc-de">
         <name>.common:d</name>
         <uninitialized>true</uninitialized>
         <run_address>0x20000c00</run_address>
         <size>0x4</size>
      </object_component>
      <object_component id="oc-d8">
         <name>.common:direction</name>
         <uninitialized>true</uninitialized>
         <run_address>0x20000c04</run_address>
         <size>0x4</size>
      </object_component>
      <object_component id="oc-d4">
         <name>.common:direction_1</name>
         <uninitialized>true</uninitialized>
         <run_address>0x20000c08</run_address>
         <size>0x4</size>
      </object_component>
      <object_component id="oc-dd">
         <name>.common:direction_2</name>
         <uninitialized>true</uninitialized>
         <run_address>0x20000c0c</run_address>
         <size>0x4</size>
      </object_component>
      <object_component id="oc-d6">
         <name>.common:loop</name>
         <uninitialized>true</uninitialized>
         <run_address>0x20000c10</run_address>
         <size>0x4</size>
      </object_component>
      <object_component id="oc-cc">
         <name>.common:val1</name>
         <uninitialized>true</uninitialized>
         <run_address>0x20000c14</run_address>
         <size>0x4</size>
      </object_component>
      <object_component id="oc-cf">
         <name>.common:val2</name>
         <uninitialized>true</uninitialized>
         <run_address>0x20000c18</run_address>
         <size>0x4</size>
      </object_component>
      <object_component id="oc-d0">
         <name>.common:val3</name>
         <uninitialized>true</uninitialized>
         <run_address>0x20000c1c</run_address>
         <size>0x4</size>
      </object_component>
      <object_component id="oc-3f6">
         <name>.common:__TI_tmpnams</name>
         <uninitialized>true</uninitialized>
         <run_address>0x20000b3c</run_address>
         <size>0xa0</size>
      </object_component>
      <object_component id="oc-407">
         <name>.common:parmbuf</name>
         <uninitialized>true</uninitialized>
         <run_address>0x20000bec</run_address>
         <size>0x8</size>
      </object_component>
      <object_component id="oc-29">
         <name>.sysmem</name>
         <uninitialized>true</uninitialized>
         <run_address>0x20000000</run_address>
         <size>0x8</size>
         <input_file_ref idref="fl-fa"/>
      </object_component>
      <object_component id="oc-49f">
         <name>.sysmem</name>
         <uninitialized>true</uninitialized>
         <run_address>0x20000000</run_address>
         <size>0x0</size>
      </object_component>
      <object_component id="oc-26">
         <name>.stack</name>
         <uninitialized>true</uninitialized>
         <run_address>0x2000fe00</run_address>
         <size>0x4</size>
         <input_file_ref idref="fl-cb"/>
      </object_component>
      <object_component id="oc-49e">
         <name>.stack</name>
         <uninitialized>true</uninitialized>
         <run_address>0x2000fe00</run_address>
         <size>0x0</size>
      </object_component>
      <object_component id="oc-cd">
         <name>.debug_info</name>
         <load_address>0x0</load_address>
         <run_address>0x0</run_address>
         <size>0x744</size>
         <input_file_ref idref="fl-2"/>
      </object_component>
      <object_component id="oc-ca">
         <name>.debug_info</name>
         <load_address>0x744</load_address>
         <run_address>0x744</run_address>
         <size>0x122</size>
         <input_file_ref idref="fl-2"/>
      </object_component>
      <object_component id="oc-d2">
         <name>.debug_info</name>
         <load_address>0x866</load_address>
         <run_address>0x866</run_address>
         <size>0x11b</size>
         <input_file_ref idref="fl-2"/>
      </object_component>
      <object_component id="oc-db">
         <name>.debug_info</name>
         <load_address>0x981</load_address>
         <run_address>0x981</run_address>
         <size>0x11d</size>
         <input_file_ref idref="fl-2"/>
      </object_component>
      <object_component id="oc-a4">
         <name>.debug_info</name>
         <load_address>0xa9e</load_address>
         <run_address>0xa9e</run_address>
         <size>0x26c</size>
         <input_file_ref idref="fl-2"/>
      </object_component>
      <object_component id="oc-74">
         <name>.debug_info</name>
         <load_address>0xd0a</load_address>
         <run_address>0xd0a</run_address>
         <size>0x20f</size>
         <input_file_ref idref="fl-2"/>
      </object_component>
      <object_component id="oc-e7">
         <name>.debug_info</name>
         <load_address>0xf19</load_address>
         <run_address>0xf19</run_address>
         <size>0x26b</size>
         <input_file_ref idref="fl-2"/>
      </object_component>
      <object_component id="oc-17a">
         <name>.debug_info</name>
         <load_address>0x1184</load_address>
         <run_address>0x1184</run_address>
         <size>0x1055</size>
         <input_file_ref idref="fl-2"/>
      </object_component>
      <object_component id="oc-175">
         <name>.debug_info</name>
         <load_address>0x21d9</load_address>
         <run_address>0x21d9</run_address>
         <size>0x37e2</size>
         <input_file_ref idref="fl-2"/>
      </object_component>
      <object_component id="oc-181">
         <name>.debug_info</name>
         <load_address>0x59bb</load_address>
         <run_address>0x59bb</run_address>
         <size>0x341</size>
         <input_file_ref idref="fl-2"/>
      </object_component>
      <object_component id="oc-109">
         <name>.debug_info</name>
         <load_address>0x5cfc</load_address>
         <run_address>0x5cfc</run_address>
         <size>0x8b</size>
         <input_file_ref idref="fl-2"/>
      </object_component>
      <object_component id="oc-188">
         <name>.debug_info</name>
         <load_address>0x5d87</load_address>
         <run_address>0x5d87</run_address>
         <size>0x297</size>
         <input_file_ref idref="fl-2"/>
      </object_component>
      <object_component id="oc-228">
         <name>.debug_info</name>
         <load_address>0x601e</load_address>
         <run_address>0x601e</run_address>
         <size>0xef</size>
         <input_file_ref idref="fl-2"/>
      </object_component>
      <object_component id="oc-e0">
         <name>.debug_info</name>
         <load_address>0x610d</load_address>
         <run_address>0x610d</run_address>
         <size>0xbb</size>
         <input_file_ref idref="fl-2"/>
      </object_component>
      <object_component id="oc-ff">
         <name>.debug_info</name>
         <load_address>0x61c8</load_address>
         <run_address>0x61c8</run_address>
         <size>0x2c</size>
         <input_file_ref idref="fl-2"/>
      </object_component>
      <object_component id="oc-b6">
         <name>.debug_info</name>
         <load_address>0x61f4</load_address>
         <run_address>0x61f4</run_address>
         <size>0x158</size>
         <input_file_ref idref="fl-3"/>
      </object_component>
      <object_component id="oc-32">
         <name>.debug_info</name>
         <load_address>0x634c</load_address>
         <run_address>0x634c</run_address>
         <size>0x84</size>
         <input_file_ref idref="fl-3"/>
      </object_component>
      <object_component id="oc-7b">
         <name>.debug_info</name>
         <load_address>0x63d0</load_address>
         <run_address>0x63d0</run_address>
         <size>0x2f8</size>
         <input_file_ref idref="fl-4"/>
      </object_component>
      <object_component id="oc-24">
         <name>.debug_info</name>
         <load_address>0x66c8</load_address>
         <run_address>0x66c8</run_address>
         <size>0x124</size>
         <input_file_ref idref="fl-4"/>
      </object_component>
      <object_component id="oc-68">
         <name>.debug_info</name>
         <load_address>0x67ec</load_address>
         <run_address>0x67ec</run_address>
         <size>0x187</size>
         <input_file_ref idref="fl-4"/>
      </object_component>
      <object_component id="oc-6e">
         <name>.debug_info</name>
         <load_address>0x6973</load_address>
         <run_address>0x6973</run_address>
         <size>0x16f</size>
         <input_file_ref idref="fl-4"/>
      </object_component>
      <object_component id="oc-151">
         <name>.debug_info</name>
         <load_address>0x6ae2</load_address>
         <run_address>0x6ae2</run_address>
         <size>0x702</size>
         <input_file_ref idref="fl-f"/>
      </object_component>
      <object_component id="oc-14e">
         <name>.debug_info</name>
         <load_address>0x71e4</load_address>
         <run_address>0x71e4</run_address>
         <size>0x120</size>
         <input_file_ref idref="fl-f"/>
      </object_component>
      <object_component id="oc-c1">
         <name>.debug_info</name>
         <load_address>0x7304</load_address>
         <run_address>0x7304</run_address>
         <size>0x221</size>
         <input_file_ref idref="fl-f"/>
      </object_component>
      <object_component id="oc-1ae">
         <name>.debug_info</name>
         <load_address>0x7525</load_address>
         <run_address>0x7525</run_address>
         <size>0x431a</size>
         <input_file_ref idref="fl-f"/>
      </object_component>
      <object_component id="oc-98">
         <name>.debug_info</name>
         <load_address>0xb83f</load_address>
         <run_address>0xb83f</run_address>
         <size>0x14a</size>
         <input_file_ref idref="fl-c7"/>
      </object_component>
      <object_component id="oc-96">
         <name>.debug_info</name>
         <load_address>0xb989</load_address>
         <run_address>0xb989</run_address>
         <size>0x31e</size>
         <input_file_ref idref="fl-c8"/>
      </object_component>
      <object_component id="oc-47">
         <name>.debug_info</name>
         <load_address>0xbca7</load_address>
         <run_address>0xbca7</run_address>
         <size>0x1bf</size>
         <input_file_ref idref="fl-c8"/>
      </object_component>
      <object_component id="oc-91">
         <name>.debug_info</name>
         <load_address>0xbe66</load_address>
         <run_address>0xbe66</run_address>
         <size>0x46</size>
         <input_file_ref idref="fl-c8"/>
      </object_component>
      <object_component id="oc-42">
         <name>.debug_info</name>
         <load_address>0xbeac</load_address>
         <run_address>0xbeac</run_address>
         <size>0x2a8</size>
         <input_file_ref idref="fl-c9"/>
      </object_component>
      <object_component id="oc-1c">
         <name>.debug_info</name>
         <load_address>0xc154</load_address>
         <run_address>0xc154</run_address>
         <size>0x1ea</size>
         <input_file_ref idref="fl-c9"/>
      </object_component>
      <object_component id="oc-3d">
         <name>.debug_info</name>
         <load_address>0xc33e</load_address>
         <run_address>0xc33e</run_address>
         <size>0x46</size>
         <input_file_ref idref="fl-c9"/>
      </object_component>
      <object_component id="oc-89">
         <name>.debug_info</name>
         <load_address>0xc384</load_address>
         <run_address>0xc384</run_address>
         <size>0x2c</size>
         <input_file_ref idref="fl-c9"/>
      </object_component>
      <object_component id="oc-87">
         <name>.debug_info</name>
         <load_address>0xc3b0</load_address>
         <run_address>0xc3b0</run_address>
         <size>0x29e</size>
         <input_file_ref idref="fl-ca"/>
      </object_component>
      <object_component id="oc-15">
         <name>.debug_info</name>
         <load_address>0xc64e</load_address>
         <run_address>0xc64e</run_address>
         <size>0x250</size>
         <input_file_ref idref="fl-ca"/>
      </object_component>
      <object_component id="oc-2d">
         <name>.debug_info</name>
         <load_address>0xc89e</load_address>
         <run_address>0xc89e</run_address>
         <size>0x60</size>
         <input_file_ref idref="fl-ca"/>
      </object_component>
      <object_component id="oc-f8">
         <name>.debug_info</name>
         <load_address>0xc8fe</load_address>
         <run_address>0xc8fe</run_address>
         <size>0x46</size>
         <input_file_ref idref="fl-ca"/>
      </object_component>
      <object_component id="oc-82">
         <name>.debug_info</name>
         <load_address>0xc944</load_address>
         <run_address>0xc944</run_address>
         <size>0x39</size>
         <input_file_ref idref="fl-ca"/>
      </object_component>
      <object_component id="oc-27">
         <name>.debug_info</name>
         <load_address>0xc97d</load_address>
         <run_address>0xc97d</run_address>
         <size>0x10b</size>
         <input_file_ref idref="fl-cb"/>
      </object_component>
      <object_component id="oc-58">
         <name>.debug_info</name>
         <load_address>0xca88</load_address>
         <run_address>0xca88</run_address>
         <size>0x1af</size>
         <input_file_ref idref="fl-cb"/>
      </object_component>
      <object_component id="oc-192">
         <name>.debug_info</name>
         <load_address>0xcc37</load_address>
         <run_address>0xcc37</run_address>
         <size>0x3ad</size>
         <input_file_ref idref="fl-cc"/>
      </object_component>
      <object_component id="oc-18f">
         <name>.debug_info</name>
         <load_address>0xcfe4</load_address>
         <run_address>0xcfe4</run_address>
         <size>0x190</size>
         <input_file_ref idref="fl-cc"/>
      </object_component>
      <object_component id="oc-110">
         <name>.debug_info</name>
         <load_address>0xd174</load_address>
         <run_address>0xd174</run_address>
         <size>0x122</size>
         <input_file_ref idref="fl-cc"/>
      </object_component>
      <object_component id="oc-116">
         <name>.debug_info</name>
         <load_address>0xd296</load_address>
         <run_address>0xd296</run_address>
         <size>0x184</size>
         <input_file_ref idref="fl-cc"/>
      </object_component>
      <object_component id="oc-208">
         <name>.debug_info</name>
         <load_address>0xd41a</load_address>
         <run_address>0xd41a</run_address>
         <size>0x2c9</size>
         <input_file_ref idref="fl-cd"/>
      </object_component>
      <object_component id="oc-159">
         <name>.debug_info</name>
         <load_address>0xd6e3</load_address>
         <run_address>0xd6e3</run_address>
         <size>0x11e</size>
         <input_file_ref idref="fl-cd"/>
      </object_component>
      <object_component id="oc-202">
         <name>.debug_info</name>
         <load_address>0xd801</load_address>
         <run_address>0xd801</run_address>
         <size>0x12e</size>
         <input_file_ref idref="fl-cd"/>
      </object_component>
      <object_component id="oc-16b">
         <name>.debug_info</name>
         <load_address>0xd92f</load_address>
         <run_address>0xd92f</run_address>
         <size>0x3e5</size>
         <input_file_ref idref="fl-cf"/>
      </object_component>
      <object_component id="oc-167">
         <name>.debug_info</name>
         <load_address>0xdd14</load_address>
         <run_address>0xdd14</run_address>
         <size>0x157</size>
         <input_file_ref idref="fl-cf"/>
      </object_component>
      <object_component id="oc-160">
         <name>.debug_info</name>
         <load_address>0xde6b</load_address>
         <run_address>0xde6b</run_address>
         <size>0x166</size>
         <input_file_ref idref="fl-cf"/>
      </object_component>
      <object_component id="oc-c5">
         <name>.debug_info</name>
         <load_address>0xdfd1</load_address>
         <run_address>0xdfd1</run_address>
         <size>0x1ac</size>
         <input_file_ref idref="fl-cf"/>
      </object_component>
      <object_component id="oc-21e">
         <name>.debug_info</name>
         <load_address>0xe17d</load_address>
         <run_address>0xe17d</run_address>
         <size>0xb2</size>
         <input_file_ref idref="fl-cf"/>
      </object_component>
      <object_component id="oc-223">
         <name>.debug_info</name>
         <load_address>0xe22f</load_address>
         <run_address>0xe22f</run_address>
         <size>0x4e</size>
         <input_file_ref idref="fl-cf"/>
      </object_component>
      <object_component id="oc-16c">
         <name>.debug_info</name>
         <load_address>0xe27d</load_address>
         <run_address>0xe27d</run_address>
         <size>0x2c</size>
         <input_file_ref idref="fl-cf"/>
      </object_component>
      <object_component id="oc-38">
         <name>.debug_info</name>
         <load_address>0xe2a9</load_address>
         <run_address>0xe2a9</run_address>
         <size>0x11c</size>
         <input_file_ref idref="fl-d0"/>
      </object_component>
      <object_component id="oc-195">
         <name>.debug_info</name>
         <load_address>0xe3c5</load_address>
         <run_address>0xe3c5</run_address>
         <size>0x552</size>
         <input_file_ref idref="fl-d1"/>
      </object_component>
      <object_component id="oc-11b">
         <name>.debug_info</name>
         <load_address>0xe917</load_address>
         <run_address>0xe917</run_address>
         <size>0x1a6</size>
         <input_file_ref idref="fl-d1"/>
      </object_component>
      <object_component id="oc-233">
         <name>.debug_info</name>
         <load_address>0xeabd</load_address>
         <run_address>0xeabd</run_address>
         <size>0x39</size>
         <input_file_ref idref="fl-d1"/>
      </object_component>
      <object_component id="oc-2e4">
         <name>.debug_info</name>
         <load_address>0xeaf6</load_address>
         <run_address>0xeaf6</run_address>
         <size>0x39</size>
         <input_file_ref idref="fl-d1"/>
      </object_component>
      <object_component id="oc-238">
         <name>.debug_info</name>
         <load_address>0xeb2f</load_address>
         <run_address>0xeb2f</run_address>
         <size>0x39</size>
         <input_file_ref idref="fl-d1"/>
      </object_component>
      <object_component id="oc-23d">
         <name>.debug_info</name>
         <load_address>0xeb68</load_address>
         <run_address>0xeb68</run_address>
         <size>0xcd</size>
         <input_file_ref idref="fl-d1"/>
      </object_component>
      <object_component id="oc-a0">
         <name>.debug_info</name>
         <load_address>0xec35</load_address>
         <run_address>0xec35</run_address>
         <size>0x153</size>
         <input_file_ref idref="fl-d2"/>
      </object_component>
      <object_component id="oc-1f5">
         <name>.debug_info</name>
         <load_address>0xed88</load_address>
         <run_address>0xed88</run_address>
         <size>0x8b1</size>
         <input_file_ref idref="fl-d4"/>
      </object_component>
      <object_component id="oc-1c3">
         <name>.debug_info</name>
         <load_address>0xf639</load_address>
         <run_address>0xf639</run_address>
         <size>0x21e</size>
         <input_file_ref idref="fl-d4"/>
      </object_component>
      <object_component id="oc-27a">
         <name>.debug_info</name>
         <load_address>0xf857</load_address>
         <run_address>0xf857</run_address>
         <size>0x1b3</size>
         <input_file_ref idref="fl-d4"/>
      </object_component>
      <object_component id="oc-280">
         <name>.debug_info</name>
         <load_address>0xfa0a</load_address>
         <run_address>0xfa0a</run_address>
         <size>0x21b</size>
         <input_file_ref idref="fl-d4"/>
      </object_component>
      <object_component id="oc-1ce">
         <name>.debug_info</name>
         <load_address>0xfc25</load_address>
         <run_address>0xfc25</run_address>
         <size>0x3bb</size>
         <input_file_ref idref="fl-d4"/>
      </object_component>
      <object_component id="oc-287">
         <name>.debug_info</name>
         <load_address>0xffe0</load_address>
         <run_address>0xffe0</run_address>
         <size>0x305</size>
         <input_file_ref idref="fl-d4"/>
      </object_component>
      <object_component id="oc-28d">
         <name>.debug_info</name>
         <load_address>0x102e5</load_address>
         <run_address>0x102e5</run_address>
         <size>0x215</size>
         <input_file_ref idref="fl-d4"/>
      </object_component>
      <object_component id="oc-1d4">
         <name>.debug_info</name>
         <load_address>0x104fa</load_address>
         <run_address>0x104fa</run_address>
         <size>0x215</size>
         <input_file_ref idref="fl-d4"/>
      </object_component>
      <object_component id="oc-1da">
         <name>.debug_info</name>
         <load_address>0x1070f</load_address>
         <run_address>0x1070f</run_address>
         <size>0x304</size>
         <input_file_ref idref="fl-d4"/>
      </object_component>
      <object_component id="oc-1dd">
         <name>.debug_info</name>
         <load_address>0x10a13</load_address>
         <run_address>0x10a13</run_address>
         <size>0x4b0</size>
         <input_file_ref idref="fl-d4"/>
      </object_component>
      <object_component id="oc-153">
         <name>.debug_info</name>
         <load_address>0x10ec3</load_address>
         <run_address>0x10ec3</run_address>
         <size>0x5d8</size>
         <input_file_ref idref="fl-d4"/>
      </object_component>
      <object_component id="oc-1f6">
         <name>.debug_info</name>
         <load_address>0x1149b</load_address>
         <run_address>0x1149b</run_address>
         <size>0x86</size>
         <input_file_ref idref="fl-d4"/>
      </object_component>
      <object_component id="oc-2b9">
         <name>.debug_info</name>
         <load_address>0x11521</load_address>
         <run_address>0x11521</run_address>
         <size>0x39</size>
         <input_file_ref idref="fl-d4"/>
      </object_component>
      <object_component id="oc-327">
         <name>.debug_info</name>
         <load_address>0x1155a</load_address>
         <run_address>0x1155a</run_address>
         <size>0xb6</size>
         <input_file_ref idref="fl-d4"/>
      </object_component>
      <object_component id="oc-2be">
         <name>.debug_info</name>
         <load_address>0x11610</load_address>
         <run_address>0x11610</run_address>
         <size>0x46</size>
         <input_file_ref idref="fl-d4"/>
      </object_component>
      <object_component id="oc-1fb">
         <name>.debug_info</name>
         <load_address>0x11656</load_address>
         <run_address>0x11656</run_address>
         <size>0x46</size>
         <input_file_ref idref="fl-d4"/>
      </object_component>
      <object_component id="oc-2b4">
         <name>.debug_info</name>
         <load_address>0x1169c</load_address>
         <run_address>0x1169c</run_address>
         <size>0x2c</size>
         <input_file_ref idref="fl-d4"/>
      </object_component>
      <object_component id="oc-24a">
         <name>.debug_info</name>
         <load_address>0x116c8</load_address>
         <run_address>0x116c8</run_address>
         <size>0x2b9</size>
         <input_file_ref idref="fl-d5"/>
      </object_component>
      <object_component id="oc-1ba">
         <name>.debug_info</name>
         <load_address>0x11981</load_address>
         <run_address>0x11981</run_address>
         <size>0x17c</size>
         <input_file_ref idref="fl-d5"/>
      </object_component>
      <object_component id="oc-2f4">
         <name>.debug_info</name>
         <load_address>0x11afd</load_address>
         <run_address>0x11afd</run_address>
         <size>0xf9</size>
         <input_file_ref idref="fl-d6"/>
      </object_component>
      <object_component id="oc-247">
         <name>.debug_info</name>
         <load_address>0x11bf6</load_address>
         <run_address>0x11bf6</run_address>
         <size>0x105</size>
         <input_file_ref idref="fl-d6"/>
      </object_component>
      <object_component id="oc-20c">
         <name>.debug_info</name>
         <load_address>0x11cfb</load_address>
         <run_address>0x11cfb</run_address>
         <size>0x144</size>
         <input_file_ref idref="fl-d7"/>
      </object_component>
      <object_component id="oc-15c">
         <name>.debug_info</name>
         <load_address>0x11e3f</load_address>
         <run_address>0x11e3f</run_address>
         <size>0x102</size>
         <input_file_ref idref="fl-d7"/>
      </object_component>
      <object_component id="oc-3b2">
         <name>.debug_info</name>
         <load_address>0x11f41</load_address>
         <run_address>0x11f41</run_address>
         <size>0x18f</size>
         <input_file_ref idref="fl-d7"/>
      </object_component>
      <object_component id="oc-2e3">
         <name>.debug_info</name>
         <load_address>0x120d0</load_address>
         <run_address>0x120d0</run_address>
         <size>0x383</size>
         <input_file_ref idref="fl-d8"/>
      </object_component>
      <object_component id="oc-217">
         <name>.debug_info</name>
         <load_address>0x12453</load_address>
         <run_address>0x12453</run_address>
         <size>0x1ea</size>
         <input_file_ref idref="fl-d8"/>
      </object_component>
      <object_component id="oc-2e1">
         <name>.debug_info</name>
         <load_address>0x1263d</load_address>
         <run_address>0x1263d</run_address>
         <size>0x3fc</size>
         <input_file_ref idref="fl-d9"/>
      </object_component>
      <object_component id="oc-20f">
         <name>.debug_info</name>
         <load_address>0x12a39</load_address>
         <run_address>0x12a39</run_address>
         <size>0x2e2</size>
         <input_file_ref idref="fl-d9"/>
      </object_component>
      <object_component id="oc-302">
         <name>.debug_info</name>
         <load_address>0x12d1b</load_address>
         <run_address>0x12d1b</run_address>
         <size>0x29b</size>
         <input_file_ref idref="fl-da"/>
      </object_component>
      <object_component id="oc-267">
         <name>.debug_info</name>
         <load_address>0x12fb6</load_address>
         <run_address>0x12fb6</run_address>
         <size>0x1cd</size>
         <input_file_ref idref="fl-da"/>
      </object_component>
      <object_component id="oc-2a5">
         <name>.debug_info</name>
         <load_address>0x13183</load_address>
         <run_address>0x13183</run_address>
         <size>0x296</size>
         <input_file_ref idref="fl-db"/>
      </object_component>
      <object_component id="oc-1e3">
         <name>.debug_info</name>
         <load_address>0x13419</load_address>
         <run_address>0x13419</run_address>
         <size>0x1b6</size>
         <input_file_ref idref="fl-db"/>
      </object_component>
      <object_component id="oc-33b">
         <name>.debug_info</name>
         <load_address>0x135cf</load_address>
         <run_address>0x135cf</run_address>
         <size>0x2a5</size>
         <input_file_ref idref="fl-dc"/>
      </object_component>
      <object_component id="oc-2cf">
         <name>.debug_info</name>
         <load_address>0x13874</load_address>
         <run_address>0x13874</run_address>
         <size>0x263</size>
         <input_file_ref idref="fl-dc"/>
      </object_component>
      <object_component id="oc-319">
         <name>.debug_info</name>
         <load_address>0x13ad7</load_address>
         <run_address>0x13ad7</run_address>
         <size>0x29a</size>
         <input_file_ref idref="fl-dd"/>
      </object_component>
      <object_component id="oc-29e">
         <name>.debug_info</name>
         <load_address>0x13d71</load_address>
         <run_address>0x13d71</run_address>
         <size>0x268</size>
         <input_file_ref idref="fl-dd"/>
      </object_component>
      <object_component id="oc-245">
         <name>.debug_info</name>
         <load_address>0x13fd9</load_address>
         <run_address>0x13fd9</run_address>
         <size>0x28f</size>
         <input_file_ref idref="fl-de"/>
      </object_component>
      <object_component id="oc-1b6">
         <name>.debug_info</name>
         <load_address>0x14268</load_address>
         <run_address>0x14268</run_address>
         <size>0x24b</size>
         <input_file_ref idref="fl-de"/>
      </object_component>
      <object_component id="oc-342">
         <name>.debug_info</name>
         <load_address>0x144b3</load_address>
         <run_address>0x144b3</run_address>
         <size>0x4d0</size>
         <input_file_ref idref="fl-df"/>
      </object_component>
      <object_component id="oc-380">
         <name>.debug_info</name>
         <load_address>0x14983</load_address>
         <run_address>0x14983</run_address>
         <size>0x103</size>
         <input_file_ref idref="fl-df"/>
      </object_component>
      <object_component id="oc-33f">
         <name>.debug_info</name>
         <load_address>0x14a86</load_address>
         <run_address>0x14a86</run_address>
         <size>0x103</size>
         <input_file_ref idref="fl-df"/>
      </object_component>
      <object_component id="oc-2db">
         <name>.debug_info</name>
         <load_address>0x14b89</load_address>
         <run_address>0x14b89</run_address>
         <size>0x18f</size>
         <input_file_ref idref="fl-df"/>
      </object_component>
      <object_component id="oc-386">
         <name>.debug_info</name>
         <load_address>0x14d18</load_address>
         <run_address>0x14d18</run_address>
         <size>0x120</size>
         <input_file_ref idref="fl-df"/>
      </object_component>
      <object_component id="oc-38b">
         <name>.debug_info</name>
         <load_address>0x14e38</load_address>
         <run_address>0x14e38</run_address>
         <size>0x2c</size>
         <input_file_ref idref="fl-df"/>
      </object_component>
      <object_component id="oc-2ac">
         <name>.debug_info</name>
         <load_address>0x14e64</load_address>
         <run_address>0x14e64</run_address>
         <size>0x28f</size>
         <input_file_ref idref="fl-e0"/>
      </object_component>
      <object_component id="oc-1ea">
         <name>.debug_info</name>
         <load_address>0x150f3</load_address>
         <run_address>0x150f3</run_address>
         <size>0x15a</size>
         <input_file_ref idref="fl-e0"/>
      </object_component>
      <object_component id="oc-31c">
         <name>.debug_info</name>
         <load_address>0x1524d</load_address>
         <run_address>0x1524d</run_address>
         <size>0x46</size>
         <input_file_ref idref="fl-e0"/>
      </object_component>
      <object_component id="oc-2a7">
         <name>.debug_info</name>
         <load_address>0x15293</load_address>
         <run_address>0x15293</run_address>
         <size>0x39</size>
         <input_file_ref idref="fl-e0"/>
      </object_component>
      <object_component id="oc-30a">
         <name>.debug_info</name>
         <load_address>0x152cc</load_address>
         <run_address>0x152cc</run_address>
         <size>0x29a</size>
         <input_file_ref idref="fl-e1"/>
      </object_component>
      <object_component id="oc-292">
         <name>.debug_info</name>
         <load_address>0x15566</load_address>
         <run_address>0x15566</run_address>
         <size>0x195</size>
         <input_file_ref idref="fl-e1"/>
      </object_component>
      <object_component id="oc-34e">
         <name>.debug_info</name>
         <load_address>0x156fb</load_address>
         <run_address>0x156fb</run_address>
         <size>0x39</size>
         <input_file_ref idref="fl-e1"/>
      </object_component>
      <object_component id="oc-30b">
         <name>.debug_info</name>
         <load_address>0x15734</load_address>
         <run_address>0x15734</run_address>
         <size>0x2c</size>
         <input_file_ref idref="fl-e1"/>
      </object_component>
      <object_component id="oc-317">
         <name>.debug_info</name>
         <load_address>0x15760</load_address>
         <run_address>0x15760</run_address>
         <size>0x2fd</size>
         <input_file_ref idref="fl-e2"/>
      </object_component>
      <object_component id="oc-298">
         <name>.debug_info</name>
         <load_address>0x15a5d</load_address>
         <run_address>0x15a5d</run_address>
         <size>0x225</size>
         <input_file_ref idref="fl-e2"/>
      </object_component>
      <object_component id="oc-274">
         <name>.debug_info</name>
         <load_address>0x15c82</load_address>
         <run_address>0x15c82</run_address>
         <size>0x14f</size>
         <input_file_ref idref="fl-e3"/>
      </object_component>
      <object_component id="oc-1c7">
         <name>.debug_info</name>
         <load_address>0x15dd1</load_address>
         <run_address>0x15dd1</run_address>
         <size>0x12b</size>
         <input_file_ref idref="fl-e4"/>
      </object_component>
      <object_component id="oc-25f">
         <name>.debug_info</name>
         <load_address>0x15efc</load_address>
         <run_address>0x15efc</run_address>
         <size>0x12d</size>
         <input_file_ref idref="fl-e4"/>
      </object_component>
      <object_component id="oc-258">
         <name>.debug_info</name>
         <load_address>0x16029</load_address>
         <run_address>0x16029</run_address>
         <size>0x13d</size>
         <input_file_ref idref="fl-e5"/>
      </object_component>
      <object_component id="oc-254">
         <name>.debug_info</name>
         <load_address>0x16166</load_address>
         <run_address>0x16166</run_address>
         <size>0x13d</size>
         <input_file_ref idref="fl-e6"/>
      </object_component>
      <object_component id="oc-262">
         <name>.debug_info</name>
         <load_address>0x162a3</load_address>
         <run_address>0x162a3</run_address>
         <size>0x131</size>
         <input_file_ref idref="fl-e7"/>
      </object_component>
      <object_component id="oc-26d">
         <name>.debug_info</name>
         <load_address>0x163d4</load_address>
         <run_address>0x163d4</run_address>
         <size>0x12f</size>
         <input_file_ref idref="fl-e8"/>
      </object_component>
      <object_component id="oc-24e">
         <name>.debug_info</name>
         <load_address>0x16503</load_address>
         <run_address>0x16503</run_address>
         <size>0x137</size>
         <input_file_ref idref="fl-e9"/>
      </object_component>
      <object_component id="oc-2b1">
         <name>.debug_info</name>
         <load_address>0x1663a</load_address>
         <run_address>0x1663a</run_address>
         <size>0x289</size>
         <input_file_ref idref="fl-ea"/>
      </object_component>
      <object_component id="oc-2ae">
         <name>.debug_info</name>
         <load_address>0x168c3</load_address>
         <run_address>0x168c3</run_address>
         <size>0x10e</size>
         <input_file_ref idref="fl-ea"/>
      </object_component>
      <object_component id="oc-1f1">
         <name>.debug_info</name>
         <load_address>0x169d1</load_address>
         <run_address>0x169d1</run_address>
         <size>0x14e</size>
         <input_file_ref idref="fl-ea"/>
      </object_component>
      <object_component id="oc-339">
         <name>.debug_info</name>
         <load_address>0x16b1f</load_address>
         <run_address>0x16b1f</run_address>
         <size>0x300</size>
         <input_file_ref idref="fl-eb"/>
      </object_component>
      <object_component id="oc-2cb">
         <name>.debug_info</name>
         <load_address>0x16e1f</load_address>
         <run_address>0x16e1f</run_address>
         <size>0x19c</size>
         <input_file_ref idref="fl-eb"/>
      </object_component>
      <object_component id="oc-374">
         <name>.debug_info</name>
         <load_address>0x16fbb</load_address>
         <run_address>0x16fbb</run_address>
         <size>0xbf</size>
         <input_file_ref idref="fl-eb"/>
      </object_component>
      <object_component id="oc-33d">
         <name>.debug_info</name>
         <load_address>0x1707a</load_address>
[...]
      <symbol id="sm-19f">
         <name>_c_int00_noargs</name>
         <value>0x2d75</value>
         <object_component_ref idref="oc-55"/>
      </symbol>
      <symbol id="sm-1c5">
         <name>C$$EXIT</name>
         <value>0x3081</value>
         <object_component_ref idref="oc-10e"/>
      </symbol>
      <symbol id="sm-1c6">
         <name>abort</name>
         <value>0x3081</value>
         <object_component_ref idref="oc-10e"/>
      </symbol>
      <symbol id="sm-1c7">
         <name>__TI_dtors_ptr</name>
         <value>0x200009fc</value>
         <object_component_ref idref="oc-18e"/>
      </symbol>
      <symbol id="sm-1c8">
         <name>__TI_cleanup_ptr</name>
         <value>0x200009f8</value>
         <object_component_ref idref="oc-18e"/>
      </symbol>
      <symbol id="sm-1c9">
         <name>__TI_enable_exit_profile_output</name>
         <value>0x20000a00</value>
         <object_component_ref idref="oc-18e"/>
      </symbol>
      <symbol id="sm-1ca">
         <name>exit</name>
         <value>0x2b21</value>
         <object_component_ref idref="oc-114"/>
      </symbol>
      <symbol id="sm-1df">
         <name>_nop</name>
         <value>0x16a3</value>
         <object_component_ref idref="oc-200"/>
      </symbol>
      <symbol id="sm-1e0">
         <name>_lock</name>
         <value>0x20000a10</value>
         <object_component_ref idref="oc-158"/>
      </symbol>
      <symbol id="sm-1e1">
         <name>_unlock</name>
         <value>0x20000a14</value>
         <object_component_ref idref="oc-158"/>
      </symbol>
      <symbol id="sm-218">
         <name>printf</name>
         <value>0x268d</value>
         <object_component_ref idref="oc-c3"/>
      </symbol>
      <symbol id="sm-233">
         <name>memcpy</name>
         <value>0x1fc3</value>
         <object_component_ref idref="oc-37"/>
      </symbol>
      <symbol id="sm-234">
         <name>__aeabi_memcpy</name>
         <value>0x1fc3</value>
         <object_component_ref idref="oc-37"/>
      </symbol>
      <symbol id="sm-235">
         <name>__aeabi_memcpy8</name>
         <value>0x1fc3</value>
         <object_component_ref idref="oc-37"/>
      </symbol>
      <symbol id="sm-236">
         <name>__aeabi_memcpy4</name>
         <value>0x1fc3</value>
         <object_component_ref idref="oc-37"/>
      </symbol>
      <symbol id="sm-25e">
         <name>__TI_auto_init_nobinit_nopinit</name>
         <value>0x2c39</value>
         <object_component_ref idref="oc-11a"/>
      </symbol>
      <symbol id="sm-268">
         <name>_system_pre_init</name>
         <value>0x307d</value>
         <object_component_ref idref="oc-9d"/>
      </symbol>
      <symbol id="sm-3d3">
         <name>__TI_printfi</name>
         <value>0xe5</value>
         <object_component_ref idref="oc-152"/>
      </symbol>
      <symbol id="sm-3e9">
         <name>atoi</name>
         <value>0x2ad5</value>
         <object_component_ref idref="oc-1b9"/>
      </symbol>
      <symbol id="sm-3f4">
         <name>_ctypes_</name>
         <value>0x3084</value>
         <object_component_ref idref="oc-246"/>
      </symbol>
      <symbol id="sm-409">
         <name>__TI_tmpnams</name>
         <value>0x20000b3c</value>
      </symbol>
      <symbol id="sm-40a">
         <name>__aeabi_stdout</name>
         <value>0x200009f0</value>
         <object_component_ref idref="oc-3b1"/>
      </symbol>
      <symbol id="sm-40b">
         <name>__aeabi_stderr</name>
         <value>0x200009f4</value>
         <object_component_ref idref="oc-3b1"/>
      </symbol>
      <symbol id="sm-40c">
         <name>__aeabi_stdin</name>
         <value>0x200009ec</value>
         <object_component_ref idref="oc-3b1"/>
      </symbol>
      <symbol id="sm-40d">
         <name>_ftable</name>
         <value>0x20000800</value>
         <object_component_ref idref="oc-15b"/>
      </symbol>
      <symbol id="sm-40e">
         <name>__TI_ft_end</name>
         <value>0x200009e8</value>
         <object_component_ref idref="oc-3b1"/>
      </symbol>
      <symbol id="sm-423">
         <name>putc</name>
         <value>0x20f5</value>
         <object_component_ref idref="oc-215"/>
      </symbol>
      <symbol id="sm-424">
         <name>fputc</name>
         <value>0x20f5</value>
         <object_component_ref idref="oc-215"/>
      </symbol>
      <symbol id="sm-442">
         <name>fputs</name>
         <value>0x1a3d</value>
         <object_component_ref idref="oc-20e"/>
      </symbol>
      <symbol id="sm-451">
         <name>ltoa</name>
         <value>0x29e3</value>
         <object_component_ref idref="oc-266"/>
      </symbol>
      <symbol id="sm-461">
         <name>memccpy</name>
         <value>0x2fa9</value>
         <object_component_ref idref="oc-1e2"/>
      </symbol>
      <symbol id="sm-471">
         <name>memchr</name>
         <value>0x2f89</value>
         <object_component_ref idref="oc-2ce"/>
      </symbol>
      <symbol id="sm-481">
         <name>strchr</name>
         <value>0x2fdd</value>
         <object_component_ref idref="oc-29d"/>
      </symbol>
      <symbol id="sm-48f">
         <name>strlen</name>
         <value>0x301b</value>
         <object_component_ref idref="oc-1b3"/>
      </symbol>
      <symbol id="sm-4b5">
         <name>_stream</name>
         <value>0x20000968</value>
         <object_component_ref idref="oc-33e"/>
      </symbol>
      <symbol id="sm-4b6">
         <name>_device</name>
         <value>0x200008f0</value>
         <object_component_ref idref="oc-37f"/>
      </symbol>
      <symbol id="sm-4b7">
         <name>write</name>
         <value>0x2f61</value>
         <object_component_ref idref="oc-2da"/>
      </symbol>
      <symbol id="sm-4d0">
         <name>wcslen</name>
         <value>0x3041</value>
         <object_component_ref idref="oc-1e8"/>
      </symbol>
      <symbol id="sm-4f0">
         <name>frexpl</name>
         <value>0x26f5</value>
         <object_component_ref idref="oc-291"/>
      </symbol>
      <symbol id="sm-4f1">
         <name>frexp</name>
         <value>0x26f5</value>
         <object_component_ref idref="oc-291"/>
      </symbol>
      <symbol id="sm-50e">
         <name>scalbn</name>
         <value>0x1b51</value>
         <object_component_ref idref="oc-297"/>
      </symbol>
      <symbol id="sm-50f">
         <name>scalbnl</name>
         <value>0x1b51</value>
         <object_component_ref idref="oc-297"/>
      </symbol>
      <symbol id="sm-510">
         <name>ldexpl</name>
         <value>0x1b51</value>
         <object_component_ref idref="oc-297"/>
      </symbol>
      <symbol id="sm-511">
         <name>ldexp</name>
         <value>0x1b51</value>
         <object_component_ref idref="oc-297"/>
      </symbol>
      <symbol id="sm-528">
         <name>__aeabi_dsub</name>
         <value>0x14ed</value>
         <object_component_ref idref="oc-271"/>
      </symbol>
      <symbol id="sm-529">
         <name>__aeabi_dadd</name>
         <value>0x14f7</value>
         <object_component_ref idref="oc-271"/>
      </symbol>
      <symbol id="sm-54b">
         <name>__aeabi_cdcmpeq</name>
         <value>0x2181</value>
         <object_component_ref idref="oc-1c5"/>
      </symbol>
      <symbol id="sm-54c">
         <name>__aeabi_cdcmple</name>
         <value>0x2181</value>
         <object_component_ref idref="oc-1c5"/>
      </symbol>
      <symbol id="sm-54d">
         <name>__aeabi_cdrcmple</name>
         <value>0x2207</value>
         <object_component_ref idref="oc-25c"/>
      </symbol>
      <symbol id="sm-561">
         <name>__aeabi_ddiv</name>
         <value>0x17e1</value>
         <object_component_ref idref="oc-257"/>
      </symbol>
      <symbol id="sm-56c">
         <name>__aeabi_dmul</name>
         <value>0x1c61</value>
         <object_component_ref idref="oc-252"/>
      </symbol>
      <symbol id="sm-576">
         <name>__aeabi_d2iz</name>
         <value>0x2b69</value>
         <object_component_ref idref="oc-261"/>
      </symbol>
      <symbol id="sm-580">
         <name>__aeabi_i2d</name>
         <value>0x2eb5</value>
         <object_component_ref idref="oc-26c"/>
      </symbol>
      <symbol id="sm-58d">
         <name>__aeabi_uldivmod</name>
         <value>0x205f</value>
         <object_component_ref idref="oc-24b"/>
      </symbol>
      <symbol id="sm-5a3">
         <name>__aeabi_errno_addr</name>
         <value>0x306d</value>
         <object_component_ref idref="oc-1ee"/>
      </symbol>
      <symbol id="sm-5a4">
         <name>errno</name>
         <value>0x20000a18</value>
         <object_component_ref idref="oc-2ad"/>
      </symbol>
      <symbol id="sm-5bc">
         <name>__TI_wrt_ok</name>
         <value>0x27bd</value>
         <object_component_ref idref="oc-2c8"/>
      </symbol>
      <symbol id="sm-5cc">
         <name>__TI_doflush</name>
         <value>0x2a89</value>
         <object_component_ref idref="oc-2d4"/>
      </symbol>
      <symbol id="sm-5de">
         <name>fseek</name>
         <value>0x2759</value>
         <object_component_ref idref="oc-32c"/>
      </symbol>
      <symbol id="sm-5ee">
         <name>lseek</name>
         <value>0x2f11</value>
         <object_component_ref idref="oc-358"/>
      </symbol>
      <symbol id="sm-60a">
         <name>setvbuf</name>
         <value>0x1d5d</value>
         <object_component_ref idref="oc-332"/>
      </symbol>
      <symbol id="sm-61b">
         <name>HOSTclose</name>
         <value>0x2bb1</value>
         <object_component_ref idref="oc-3bd"/>
      </symbol>
      <symbol id="sm-62c">
         <name>HOSTlseek</name>
         <value>0x2555</value>
         <object_component_ref idref="oc-3cf"/>
      </symbol>
      <symbol id="sm-63e">
         <name>parmbuf</name>
         <value>0x20000bec</value>
      </symbol>
      <symbol id="sm-63f">
         <name>HOSTopen</name>
         <value>0x2821</value>
         <object_component_ref idref="oc-3b7"/>
      </symbol>
      <symbol id="sm-650">
         <name>HOSTread</name>
         <value>0x28dd</value>
         <object_component_ref idref="oc-3c3"/>
      </symbol>
      <symbol id="sm-661">
         <name>HOSTrename</name>
         <value>0x25bd</value>
         <object_component_ref idref="oc-3db"/>
      </symbol>
      <symbol id="sm-672">
         <name>HOSTunlink</name>
         <value>0x2bf5</value>
         <object_component_ref idref="oc-3d5"/>
      </symbol>
      <symbol id="sm-683">
         <name>HOSTwrite</name>
         <value>0x2935</value>
         <object_component_ref idref="oc-3c9"/>
      </symbol>
      <symbol id="sm-6a7">
         <name>__TI_readmsg</name>
         <value>0x2e51</value>
         <object_component_ref idref="oc-401"/>
      </symbol>
      <symbol id="sm-6a8">
         <name>C$$IO$$</name>
         <value>0x2d6b</value>
         <object_component_ref idref="oc-3fb"/>
      </symbol>
      <symbol id="sm-6a9">
         <name>__CIOBUF_</name>
         <value>0x20000a1c</value>
         <object_component_ref idref="oc-429"/>
      </symbol>
      <symbol id="sm-6aa">
         <name>__TI_writemsg</name>
         <value>0x2d3d</value>
         <object_component_ref idref="oc-3fb"/>
      </symbol>
      <symbol id="sm-6b4">
         <name>copysign</name>
         <value>0x2ff3</value>
         <object_component_ref idref="oc-310"/>
      </symbol>
      <symbol id="sm-6b5">
         <name>copysignl</name>
         <value>0x2ff3</value>
         <object_component_ref idref="oc-310"/>
      </symbol>
      <symbol id="sm-6bf">
         <name>__aeabi_idiv0</name>
         <value>0x1917</value>
         <object_component_ref idref="oc-2f7"/>
      </symbol>
      <symbol id="sm-6c0">
         <name>__aeabi_ldiv0</name>
         <value>0x1917</value>
         <object_component_ref idref="oc-2f7"/>
      </symbol>
      <symbol id="sm-73b">
         <name>_sys_memory</name>
         <value>0x20000000</value>
         <object_component_ref idref="oc-29"/>
      </symbol>
      <symbol id="sm-73c">
         <name>free</name>
         <value>0x1e39</value>
         <object_component_ref idref="oc-360"/>
      </symbol>
      <symbol id="sm-73d">
         <name>malloc</name>
         <value>0x23f9</value>
         <object_component_ref idref="oc-366"/>
      </symbol>
      <symbol id="sm-73e">
         <name>minit</name>
         <value>0x2dad</value>
         <object_component_ref idref="oc-394"/>
      </symbol>
      <symbol id="sm-74e">
         <name>__TI_cleanup</name>
         <value>0x2e1d</value>
         <object_component_ref idref="oc-36c"/>
      </symbol>
      <symbol id="sm-75d">
         <name>strcpy</name>
         <value>0x3007</value>
         <object_component_ref idref="oc-415"/>
      </symbol>
      <symbol id="sm-772">
         <name>__TI_closefile</name>
         <value>0x2471</value>
         <object_component_ref idref="oc-3ab"/>
      </symbol>
      <symbol id="sm-795">
         <name>finddevice</name>
         <value>0x2e85</value>
         <object_component_ref idref="oc-447"/>
      </symbol>
      <symbol id="sm-796">
         <name>getdevice</name>
         <value>0x2c7d</value>
         <object_component_ref idref="oc-41f"/>
      </symbol>
      <symbol id="sm-7a6">
         <name>strcmp</name>
         <value>0x2fc5</value>
         <object_component_ref idref="oc-45e"/>
      </symbol>
      <symbol id="sm-7b6">
         <name>strncpy</name>
         <value>0x2de5</value>
         <object_component_ref idref="oc-441"/>
      </symbol>
      <symbol id="sm-7c6">
         <name>unlink</name>
         <value>0x2ee5</value>
         <object_component_ref idref="oc-3f0"/>
      </symbol>
      <symbol id="sm-7da">
         <name>close</name>
         <value>0x2881</value>
         <object_component_ref idref="oc-3ea"/>
      </symbol>
      <symbol id="sm-7db">
         <name>__TI_static_base__</name>
         <value>0x0</value>
      </symbol>
      <symbol id="sm-7de">
         <name>__mpu_init</name>
         <value>0x0</value>
      </symbol>
      <symbol id="sm-7df">
         <name>_system_post_cinit</name>
         <value>0x0</value>
      </symbol>
      <symbol id="sm-7e0">
         <name>NMI_Handler</name>
         <value>0xb43</value>
      </symbol>
      <symbol id="sm-7e1">
         <name>HardFault_Handler</name>
         <value>0xb43</value>
      </symbol>
      <symbol id="sm-7e2">
         <name>MemManage_Handler</name>
         <value>0xb43</value>
      </symbol>
      <symbol id="sm-7e3">
         <name>BusFault_Handler</name>
         <value>0xb43</value>
      </symbol>
      <symbol id="sm-7e4">
         <name>UsageFault_Handler</name>
         <value>0xb43</value>
      </symbol>
      <symbol id="sm-7e5">
         <name>SVC_Handler</name>
         <value>0xb43</value>
      </symbol>
      <symbol id="sm-7e6">
         <name>DebugMon_Handler</name>
         <value>0xb43</value>
      </symbol>
      <symbol id="sm-7e7">
         <name>PendSV_Handler</name>
         <value>0xb43</value>
      </symbol>
      <symbol id="sm-7e8">
         <name>SysTick_Handler</name>
         <value>0xb43</value>
      </symbol>
      <symbol id="sm-7e9">
         <name>PSS_IRQHandler</name>
         <value>0xb43</value>
      </symbol>
      <symbol id="sm-7ea">
         <name>CS_IRQHandler</name>
         <value>0xb43</value>
      </symbol>
      <symbol id="sm-7eb">
         <name>PCM_IRQHandler</name>
         <value>0xb43</value>
      </symbol>
      <symbol id="sm-7ec">
         <name>WDT_A_IRQHandler</name>
         <value>0xb43</value>
      </symbol>
      <symbol id="sm-7ed">
         <name>FPU_IRQHandler</name>
         <value>0xb43</value>
      </symbol>
      <symbol id="sm-7ee">
         <name>FLCTL_IRQHandler</name>
         <value>0xb43</value>
      </symbol>
      <symbol id="sm-7ef">
         <name>COMP_E0_IRQHandler</name>
         <value>0xb43</value>
      </symbol>
      <symbol id="sm-7f0">
         <name>COMP_E1_IRQHandler</name>
         <value>0xb43</value>
      </symbol>
      <symbol id="sm-7f1">
         <name>TA0_0_IRQHandler</name>
         <value>0xb43</value>
      </symbol>
      <symbol id="sm-7f2">
         <name>TA0_N_IRQHandler</name>
         <value>0xb43</value>
      </symbol>
      <symbol id="sm-7f3">
         <name>TA1_0_IRQHandler</name>
         <value>0xb43</value>
      </symbol>
      <symbol id="sm-7f4">
         <name>TA1_N_IRQHandler</name>
         <value>0xb43</value>
      </symbol>
      <symbol id="sm-7f5">
         <name>TA2_0_IRQHandler</name>
         <value>0xb43</value>
      </symbol>
      <symbol id="sm-7f6">
         <name>TA2_N_IRQHandler</name>
         <value>0xb43</value>
      </symbol>
      <symbol id="sm-7f7">
         <name>TA3_0_IRQHandler</name>
         <value>0xb43</value>
      </symbol>
      <symbol id="sm-7f8">
         <name>TA3_N_IRQHandler</name>
         <value>0xb43</value>
      </symbol>
      <symbol id="sm-7f9">
         <name>EUSCIA0_IRQHandler</name>
         <value>0xb43</value>
      </symbol>
      <symbol id="sm-7fa">
         <name>EUSCIA1_IRQHandler</name>
         <value>0xb43</value>
      </symbol>
      <symbol id="sm-7fb">
         <name>EUSCIA2_IRQHandler</name>
         <value>0xb43</value>
      </symbol>
      <symbol id="sm-7fc">
         <name>EUSCIA3_IRQHandler</name>
         <value>0xb43</value>
      </symbol>
      <symbol id="sm-7fd">
         <name>EUSCIB0_IRQHandler</name>
         <value>0xb43</value>
      </symbol>
      <symbol id="sm-7fe">
         <name>EUSCIB1_IRQHandler</name>
         <value>0xb43</value>
      </symbol>
      <symbol id="sm-7ff">
         <name>EUSCIB2_IRQHandler</name>
         <value>0xb43</value>
      </symbol>
      <symbol id="sm-800">
         <name>EUSCIB3_IRQHandler</name>
         <value>0xb43</value>
      </symbol>
      <symbol id="sm-801">
         <name>ADC14_IRQHandler</name>
         <value>0xb45</value>
      </symbol>
      <symbol id="sm-802">
         <name>T32_INT1_IRQHandler</name>
         <value>0xb43</value>
      </symbol>
      <symbol id="sm-803">
         <name>T32_INT2_IRQHandler</name>
         <value>0xb43</value>
      </symbol>
      <symbol id="sm-804">
         <name>T32_INTC_IRQHandler</name>
         <value>0xb43</value>
      </symbol>
      <symbol id="sm-805">
         <name>AES256_IRQHandler</name>
         <value>0xb43</value>
      </symbol>
      <symbol id="sm-806">
         <name>RTC_C_IRQHandler</name>
         <value>0xb43</value>
      </symbol>
      <symbol id="sm-807">
         <name>DMA_ERR_IRQHandler</name>
         <value>0xb43</value>
      </symbol>
      <symbol id="sm-808">
         <name>DMA_INT3_IRQHandler</name>
         <value>0xb43</value>
      </symbol>
      <symbol id="sm-809">
         <name>DMA_INT2_IRQHandler</name>
         <value>0xb43</value>
      </symbol>
      <symbol id="sm-80a">
         <name>DMA_INT1_IRQHandler</name>
         <value>0xb43</value>
      </symbol>
      <symbol id="sm-80b">
         <name>DMA_INT0_IRQHandler</name>
         <value>0xb43</value>
      </symbol>
      <symbol id="sm-80c">
         <name>PORT1_IRQHandler</name>
         <value>0xb43</value>
      </symbol>
      <symbol id="sm-80d">
         <name>PORT2_IRQHandler</name>
         <value>0xb43</value>
      </symbol>
      <symbol id="sm-80e">
         <name>PORT3_IRQHandler</name>
         <value>0xb43</value>
      </symbol>
      <symbol id="sm-80f">
         <name>PORT4_IRQHandler</name>
         <value>0xb43</value>
      </symbol>
      <symbol id="sm-810">
         <name>PORT5_IRQHandler</name>
         <value>0xb43</value>
      </symbol>
      <symbol id="sm-811">
         <name>PORT6_IRQHandler</name>
         <value>0xb43</value>
      </symbol>
      <symbol id="sm-812">
         <name>remove</name>
         <value>0x2ee5</value>
      </symbol>
   </symbol_table>
   <title>Link successful</title>
</link_info>
