******************************************************************************
                  TI ARM Linker PC v18.1.4                     
******************************************************************************
>> Linked Mon Jan 28 22:30:53 2019

OUTPUT FILE NAME:   <motor3_adc3.out>
ENTRY POINT SYMBOL: "_c_int00_noargs"  address: 00002ded


MEMORY CONFIGURATION

         name            origin    length      used     unused   attr    fill
----------------------  --------  ---------  --------  --------  ----  --------
  MAIN                  00000000   00040000  00003328  0003ccd8  R  X
  INFO                  00200000   00004000  00000000  00004000  R  X
  SRAM_CODE             01000000   00010000  00000e2c  0000f1d4  RW X
  SRAM_DATA             20000000   00010000  00000e2c  0000f1d4  RW  


SEGMENT ALLOCATION MAP

run origin  load origin   length   init length attrs members
----------  ----------- ---------- ----------- ----- -------
00000000    00000000    00003328   00003328    r-x
  00000000    00000000    000000e4   000000e4    r-- .intvecs
  000000e4    000000e4    00003018   00003018    r-x .text
  000030fc    000030fc    00000184   00000184    r-- .const
  00003280    00003280    000000a8   000000a8    r-- .cinit
20000000    20000000    00000c2c   00000000    rw-
  20000000    20000000    00000800   00000000    rw- .sysmem
  20000800    20000800    0000021c   00000000    rw- .data
  20000a1c    20000a1c    00000210   00000000    rw- .bss
2000fe00    2000fe00    00000200   00000000    rw-
  2000fe00    2000fe00    00000200   00000000    rw- .stack


SECTION ALLOCATION MAP

 output                                  attributes/
section   page    origin      length       input sections
--------  ----  ----------  ----------   ----------------
.intvecs   0    00000000    000000e4     
                  00000000    000000e4     startup_msp432p401r_ccs.obj (.intvecs:retain)

.text      0    000000e4    00003018     
                  000000e4    00000a5e     rtsv7M4_T_le_v4SPD16_eabi.lib : _printfi.c.obj (.text:__TI_printfi)
                  00000b42    00000002     startup_msp432p401r_ccs.obj (.text:Default_Handler)
                  00000b44    00000370     motor3_main.obj (.text:ADC14_IRQHandler)
                  00000eb4    00000270     rtsv7M4_T_le_v4SPD16_eabi.lib : _printfi.c.obj (.text:_pconv_a)
                  00001124    00000270     motor3_main.obj (.text:main)
                  00001394    000001d0     rtsv7M4_T_le_v4SPD16_eabi.lib : _printfi.c.obj (.text:_pconv_g)
                  00001564    000001b6                                   : fd_add_t2.asm.obj (.text)
                  0000171a    00000002                                   : _lock.c.obj (.text:_nop)
                  0000171c    0000013c                                   : _printfi.c.obj (.text:_pconv_e)
                  00001858    00000136                                   : fd_div_t2.asm.obj (.text)
                  0000198e    00000002                                   : div0.asm.obj (.text)
                  00001990    00000124                                   : _printfi.c.obj (.text:fcvt)
                  00001ab4    00000114                                   : fputs.c.obj (.text:fputs)
                  00001bc8    00000110                                   : s_scalbn.c.obj (.text:scalbn)
                  00001cd8    000000fc                                   : fd_mul_t2.asm.obj (.text)
                  00001dd4    000000dc                                   : setvbuf.c.obj (.text:setvbuf)
                  00001eb0    000000d8                                   : memory.c.obj (.text:free)
                  00001f88    000000b1                                   : _printfi.c.obj (.text:_ltostr)
                  00002039    00000001     --HOLE-- [fill = 0]
                  0000203a    0000009c                                   : memcpy_t2.asm.obj (.text)
                  000020d6    00000096                                   : ull_div_t2.asm.obj (.text)
                  0000216c    0000008c                                   : fputc.c.obj (.text:fputc)
                  000021f8    00000086                                   : fd_cmp_t2.asm.obj (.text:__aeabi_cdcmple)
                  0000227e    00000086                                   : fd_cmp_t2.asm.obj (.text:__aeabi_cdrcmple)
                  00002304    0000007a                                   : memset_t2.asm.obj (.text)
                  0000237e    00000002     --HOLE-- [fill = 0]
                  00002380    00000078     msp432p4xx_driverlib.lib : adc14.o (.text:ADC14_getMultiSequenceResult)
                  000023f8    00000078     system_msp432p401r.obj (.text:SystemInit)
                  00002470    00000078     rtsv7M4_T_le_v4SPD16_eabi.lib : memory.c.obj (.text:malloc)
                  000024e8    00000074                                   : fclose.c.obj (.text:__TI_closefile)
                  0000255c    0000006e                                   : _printfi.c.obj (.text:_mcpy)
                  000025ca    00000002     --HOLE-- [fill = 0]
                  000025cc    00000068                                   : hostlseek.c.obj (.text:HOSTlseek)
                  00002634    00000068                                   : hostrename.c.obj (.text:HOSTrename)
                  0000269c    00000068                                   : copy_decompress_lzss.c.obj (.text:decompress:lzss:__TI_decompress_lzss)
                  00002704    00000068                                   : printf.c.obj (.text:printf)
                  0000276c    00000064                                   : s_frexp.c.obj (.text:frexp)
                  000027d0    00000064                                   : fseek.c.obj (.text:fseek)
                  00002834    00000062                                   : _io_perm.c.obj (.text:__TI_wrt_ok)
                  00002896    00000002     --HOLE-- [fill = 0]
                  00002898    00000060                                   : hostopen.c.obj (.text:HOSTopen)
                  000028f8    0000005c                                   : close.c.obj (.text:close)
                  00002954    00000058                                   : hostread.c.obj (.text:HOSTread)
                  000029ac    00000058                                   : hostwrite.c.obj (.text:HOSTwrite)
                  00002a04    00000056                                   : _printfi.c.obj (.text:_pconv_f)
                  00002a5a    00000054                                   : ltoa.c.obj (.text:ltoa)
                  00002aae    00000052                                   : _printfi.c.obj (.text:_ecpy)
                  00002b00    0000004c                                   : fflush.c.obj (.text:__TI_doflush)
                  00002b4c    0000004c                                   : atoi.c.obj (.text:atoi)
                  00002b98    00000048                                   : exit.c.obj (.text:exit)
                  00002be0    00000048                                   : fd_toi_t2.asm.obj (.text)
                  00002c28    00000044                                   : hostclose.c.obj (.text:HOSTclose)
                  00002c6c    00000044                                   : hostunlink.c.obj (.text:HOSTunlink)
                  00002cb0    00000044                                   : autoinit.c.obj (.text:__TI_auto_init_nobinit_nopinit:__TI_auto_init_nobinit_nopinit)
                  00002cf4    00000044                                   : getdevice.c.obj (.text:getdevice)
                  00002d38    0000003e                                   : _printfi.c.obj (.text:_fcpy)
                  00002d76    00000002     --HOLE-- [fill = 0]
                  00002d78    0000003c                                   : memory.c.obj (.text:minsert)
                  00002db4    00000038                                   : trgmsg.c.obj (.text:__TI_writemsg)
                  00002dec    00000038                                   : boot_cortex_m.c.obj (.text:_c_int00_noargs:_c_int00_noargs)
                  00002e24    00000038                                   : memory.c.obj (.text:minit)
                  00002e5c    00000036                                   : strncpy.c.obj (.text:strncpy)
                  00002e92    00000002     --HOLE-- [fill = 0]
                  00002e94    00000034                                   : fopen.c.obj (.text:__TI_cleanup)
                  00002ec8    00000034                                   : trgmsg.c.obj (.text:__TI_readmsg)
                  00002efc    00000030                                   : getdevice.c.obj (.text:finddevice)
                  00002f2c    0000002e                                   : i_tofd_t2.asm.obj (.text)
                  00002f5a    00000002     --HOLE-- [fill = 0]
                  00002f5c    0000002c                                   : unlink.c.obj (.text:unlink)
                  00002f88    00000028                                   : lseek.c.obj (.text:lseek)
                  00002fb0    00000028                                   : memory.c.obj (.text:mremove)
                  00002fd8    00000028                                   : write.c.obj (.text:write)
                  00003000    00000020                                   : memchr.c.obj (.text:memchr)
                  00003020    0000001c                                   : memccpy.c.obj (.text:memccpy)
                  0000303c    00000018                                   : strcmp.c.obj (.text:strcmp)
                  00003054    00000016                                   : strchr.c.obj (.text:strchr)
                  0000306a    00000014                                   : s_copysign.c.obj (.text:copysign)
                  0000307e    00000014                                   : strcpy.c.obj (.text:strcpy)
                  00003092    00000014                                   : strlen.c.obj (.text:strlen)
                  000030a6    00000012                                   : copy_zero_init.c.obj (.text:decompress:ZI:__TI_zero_init_nomemset:__TI_zero_init_nomemset)
                  000030b8    00000012                                   : wcslen.c.obj (.text:wcslen)
                  000030ca    0000000e                                   : copy_decompress_none.c.obj (.text:decompress:none:__TI_decompress_none)
                  000030d8    0000000c     startup_msp432p401r_ccs.obj (.text:Reset_Handler)
                  000030e4    00000008     rtsv7M4_T_le_v4SPD16_eabi.lib : errno.c.obj (.text:__aeabi_errno_addr)
                  000030ec    00000004                                   : printf.c.obj (.text:_outc)
                  000030f0    00000004                                   : printf.c.obj (.text:_outs)
                  000030f4    00000004                                   : pre_init.c.obj (.text:_system_pre_init)
                  000030f8    00000004                                   : exit.c.obj (.text:abort:abort)

.const     0    000030fc    00000184     
                  000030fc    00000101     rtsv7M4_T_le_v4SPD16_eabi.lib : ctype.c.obj (.const:.string:_ctypes_)
                  000031fd    00000003     --HOLE-- [fill = 0]
                  00003200    00000080     msp432p4xx_driverlib.lib : adc14.o (.const:_ctlRegs)

.cinit     0    00003280    000000a8     
                  00003280    00000080     (.cinit..data.load) [load image, compression = lzss]
                  00003300    0000000c     (__TI_handler_table)
                  0000330c    00000004     --HOLE-- [fill = 0]
                  00003310    00000008     (.cinit..bss.load) [load image, compression = zero_init]
                  00003318    00000010     (__TI_cinit_table)

.init_array 
*          0    00000000    00000000     UNINITIALIZED

.binit     0    00000000    00000000     

.sysmem    0    20000000    00000800     UNINITIALIZED
                  20000000    00000008     rtsv7M4_T_le_v4SPD16_eabi.lib : memory.c.obj (.sysmem)
                  20000008    000007f8     --HOLE--

.data      0    20000800    0000021c     UNINITIALIZED
                  20000800    000000f0     rtsv7M4_T_le_v4SPD16_eabi.lib : defs.c.obj (.data:_ftable)
                  200008f0    00000078                                   : write.c.obj (.data:_device)
                  20000968    00000050                                   : write.c.obj (.data:_stream)
                  200009b8    00000018     motor3_main.obj (.data:pwmConfig2)
                  200009d0    00000018     motor3_main.obj (.data:pwmConfig)
                  200009e8    00000010     rtsv7M4_T_le_v4SPD16_eabi.lib : defs.c.obj (.data)
                  200009f8    0000000c                                   : exit.c.obj (.data:$O1$$)
                  20000a04    0000000c                                   : memory.c.obj (.data:$O1$$)
                  20000a10    00000008                                   : _lock.c.obj (.data:$O1$$)
                  20000a18    00000004                                   : errno.c.obj (.data)

.bss       0    20000a1c    00000210     UNINITIALIZED
                  20000a1c    00000120     rtsv7M4_T_le_v4SPD16_eabi.lib : trgmsg.c.obj (.bss:_CIOBUF_)
                  20000b3c    000000a0     (.common:__TI_tmpnams)
                  20000bdc    00000010     motor3_main.obj (.bss:resultsBuffer)
                  20000bec    00000008     (.common:parmbuf)
                  20000bf4    00000004     (.common:a)
                  20000bf8    00000004     (.common:b)
                  20000bfc    00000004     (.common:c)
                  20000c00    00000004     (.common:d)
                  20000c04    00000004     (.common:direction)
                  20000c08    00000004     (.common:direction_1)
                  20000c0c    00000004     (.common:direction_2)
                  20000c10    00000004     (.common:loop)
                  20000c14    00000004     (.common:val1)
                  20000c18    00000004     (.common:val2)
                  20000c1c    00000004     (.common:val3)
                  20000c20    00000004     (.common:value1)
                  20000c24    00000004     (.common:value2)
                  20000c28    00000004     (.common:value3)

.stack     0    2000fe00    00000200     UNINITIALIZED
                  2000fe00    00000004     rtsv7M4_T_le_v4SPD16_eabi.lib : boot_cortex_m.c.obj (.stack)
                  2000fe04    000001fc     --HOLE--

MODULE SUMMARY

       Module                        code    ro data   rw data
       ------                        ----    -------   -------
    .\
       motor3_main.obj               1504    0         240    
       system_msp432p401r.obj        120     0         0      
    +--+-----------------------------+-------+---------+---------+
       Total:                        1624    0         240    
                                                              
    .\ccs\
       startup_msp432p401r_ccs.obj   14      228       0      
    +--+-----------------------------+-------+---------+---------+
       Total:                        14      228       0      
                                                              
    C:/ti/simplelink_msp432p4_sdk_2_30_00_14/source/ti/devices/msp432p4xx/driverlib/ccs/msp432p4xx_driverlib.lib
       adc14.o                       120     128       0      
    +--+-----------------------------+-------+---------+---------+
       Total:                        120     128       0      
                                                              
    C:\ti\ccsv8\tools\compiler\ti-cgt-arm_18.1.4.LTS\lib\rtsv7M4_T_le_v4SPD16_eabi.lib
       _printfi.c.obj                4867    0         0      
       defs.c.obj                    0       0         832    
       trgmsg.c.obj                  108     0         576    
       memory.c.obj                  492     0         24     
       write.c.obj                   40      0         400    
       fd_add_t2.asm.obj             438     0         0      
       fd_div_t2.asm.obj             310     0         0      
       fputs.c.obj                   276     0         0      
       s_scalbn.c.obj                272     0         0      
       fd_cmp_t2.asm.obj             268     0         0      
       ctype.c.obj                   0       257       0      
       fd_mul_t2.asm.obj             252     0         0      
       setvbuf.c.obj                 220     0         0      
       memcpy_t2.asm.obj             156     0         0      
       ull_div_t2.asm.obj            150     0         0      
       fputc.c.obj                   140     0         0      
       memset_t2.asm.obj             122     0         0      
       fclose.c.obj                  116     0         0      
       getdevice.c.obj               116     0         0      
       hostopen.c.obj                96      0         16     
       printf.c.obj                  112     0         0      
       copy_decompress_lzss.c.obj    104     0         0      
       hostlseek.c.obj               104     0         0      
       hostrename.c.obj              104     0         0      
       exit.c.obj                    76      0         24     
       fseek.c.obj                   100     0         0      
       s_frexp.c.obj                 100     0         0      
       _io_perm.c.obj                98      0         0      
       close.c.obj                   92      0         0      
       hostread.c.obj                88      0         0      
       hostwrite.c.obj               88      0         0      
       ltoa.c.obj                    84      0         0      
       atoi.c.obj                    76      0         0      
       fflush.c.obj                  76      0         0      
       fd_toi_t2.asm.obj             72      0         0      
       autoinit.c.obj                68      0         0      
       hostclose.c.obj               68      0         0      
       hostunlink.c.obj              68      0         0      
       boot_cortex_m.c.obj           56      0         0      
       strncpy.c.obj                 54      0         0      
       fopen.c.obj                   52      0         0      
       i_tofd_t2.asm.obj             46      0         0      
       unlink.c.obj                  44      0         0      
       lseek.c.obj                   40      0         0      
       memchr.c.obj                  32      0         0      
       memccpy.c.obj                 28      0         0      
       strcmp.c.obj                  24      0         0      
       strchr.c.obj                  22      0         0      
       s_copysign.c.obj              20      0         0      
       strcpy.c.obj                  20      0         0      
       strlen.c.obj                  20      0         0      
       _lock.c.obj                   2       0         16     
       copy_zero_init.c.obj          18      0         0      
       wcslen.c.obj                  18      0         0      
       errno.c.obj                   8       0         8      
       copy_decompress_none.c.obj    14      0         0      
       pre_init.c.obj                4       0         0      
       div0.asm.obj                  2       0         0      
    +--+-----------------------------+-------+---------+---------+
       Total:                        10541   257       1896   
                                                              
       Heap:                         0       0         4096   
       Stack:                        0       0         1024   
       Linker Generated:             0       164       0      
    +--+-----------------------------+-------+---------+---------+
       Grand Total:                  12299   777       7256   


LINKER GENERATED COPY TABLES

__TI_cinit_table @ 00003318 records: 2, size/record: 8, table size: 16
	.data: load addr=00003280, load size=00000080 bytes, run addr=20000800, run size=0000021c bytes, compression=lzss
	.bss: load addr=00003310, load size=00000008 bytes, run addr=20000a1c, run size=00000210 bytes, compression=zero_init


LINKER GENERATED HANDLER TABLE

__TI_handler_table @ 00003300 records: 3, size/record: 4, table size: 12
	index: 0, handler: __TI_decompress_lzss
	index: 1, handler: __TI_decompress_none
	index: 2, handler: __TI_zero_init


GLOBAL SYMBOLS: SORTED ALPHABETICALLY BY Name 

address   name                           
-------   ----                           
00000b45  ADC14_IRQHandler               
00000b45  ADC14_IRQHandler               
00002381  ADC14_getMultiSequenceResult   
00000b43  AES256_IRQHandler              
00000b43  BusFault_Handler               
000030f9  C$$EXIT                        
00002de3  C$$IO$$                        
00000b43  COMP_E0_IRQHandler             
00000b43  COMP_E1_IRQHandler             
00000b43  CS_IRQHandler                  
00000b43  DMA_ERR_IRQHandler             
00000b43  DMA_INT0_IRQHandler            
00000b43  DMA_INT1_IRQHandler            
00000b43  DMA_INT2_IRQHandler            
00000b43  DMA_INT3_IRQHandler            
00000b43  DebugMon_Handler               
00000b43  Default_Handler                
00000b43  EUSCIA0_IRQHandler             
00000b43  EUSCIA1_IRQHandler             
00000b43  EUSCIA2_IRQHandler             
00000b43  EUSCIA3_IRQHandler             
00000b43  EUSCIB0_IRQHandler             
00000b43  EUSCIB1_IRQHandler             
00000b43  EUSCIB2_IRQHandler             
00000b43  EUSCIB3_IRQHandler             
00000b43  FLCTL_IRQHandler               
00000b43  FPU_IRQHandler                 
00002c29  HOSTclose                      
000025cd  HOSTlseek                      
00002899  HOSTopen                       
00002955  HOSTread                       
00002635  HOSTrename                     
00002c6d  HOSTunlink                     
000029ad  HOSTwrite                      
00000b43  HardFault_Handler              
00000b43  MemManage_Handler              
00000b43  NMI_Handler                    
00000b43  PCM_IRQHandler                 
00000b43  PORT1_IRQHandler               
00000b43  PORT2_IRQHandler               
00000b43  PORT3_IRQHandler               
00000b43  PORT4_IRQHandler               
00000b43  PORT5_IRQHandler               
00000b43  PORT6_IRQHandler               
00000b43  PSS_IRQHandler                 
00000b43  PendSV_Handler                 
00000b43  RTC_C_IRQHandler               
000030d9  Reset_Handler                  
00000b43  SVC_Handler                    
00000b43  SysTick_Handler                
000023f9  SystemInit                     
00000b43  T32_INT1_IRQHandler            
00000b43  T32_INT2_IRQHandler            
00000b43  T32_INTC_IRQHandler            
00000b43  TA0_0_IRQHandler               
00000b43  TA0_N_IRQHandler               
00000b43  TA1_0_IRQHandler               
00000b43  TA1_N_IRQHandler               
00000b43  TA2_0_IRQHandler               
00000b43  TA2_N_IRQHandler               
00000b43  TA3_0_IRQHandler               
00000b43  TA3_N_IRQHandler               
00000b43  UsageFault_Handler             
4000480c  WDTCTL_SYM                     
00000b43  WDT_A_IRQHandler               
20000a1c  __CIOBUF_                      
20010000  __STACK_END                    
00000200  __STACK_SIZE                   
00000800  __SYSMEM_SIZE                  
00003318  __TI_CINIT_Base                
00003328  __TI_CINIT_Limit               
00003300  __TI_Handler_Table_Base        
0000330c  __TI_Handler_Table_Limit       
00002cb1  __TI_auto_init_nobinit_nopinit 
00002e95  __TI_cleanup                   
200009f8  __TI_cleanup_ptr               
000024e9  __TI_closefile                 
0000269d  __TI_decompress_lzss           
000030cb  __TI_decompress_none           
00002b01  __TI_doflush                   
200009fc  __TI_dtors_ptr                 
20000a00  __TI_enable_exit_profile_output
200009e8  __TI_ft_end                    
ffffffff  __TI_pprof_out_hndl            
000000e5  __TI_printfi                   
ffffffff  __TI_prof_data_size            
ffffffff  __TI_prof_data_start           
00002ec9  __TI_readmsg                   
00000000  __TI_static_base__             
20000b3c  __TI_tmpnams                   
00002db5  __TI_writemsg                  
00002835  __TI_wrt_ok                    
000030a7  __TI_zero_init_nomemset        
000021f9  __aeabi_cdcmpeq                
000021f9  __aeabi_cdcmple                
0000227f  __aeabi_cdrcmple               
00002be1  __aeabi_d2iz                   
0000156f  __aeabi_dadd                   
00001859  __aeabi_ddiv                   
00001cd9  __aeabi_dmul                   
00001565  __aeabi_dsub                   
000030e5  __aeabi_errno_addr             
00002f2d  __aeabi_i2d                    
0000198f  __aeabi_idiv0                  
0000198f  __aeabi_ldiv0                  
00002305  __aeabi_memclr                 
00002305  __aeabi_memclr4                
00002305  __aeabi_memclr8                
0000203b  __aeabi_memcpy                 
0000203b  __aeabi_memcpy4                
0000203b  __aeabi_memcpy8                
00002307  __aeabi_memset                 
00002307  __aeabi_memset4                
00002307  __aeabi_memset8                
200009f4  __aeabi_stderr                 
200009ec  __aeabi_stdin                  
200009f0  __aeabi_stdout                 
000020d7  __aeabi_uldivmod               
ffffffff  __binit__                      
ffffffff  __c_args__                     
UNDEFED   __mpu_init                     
2000fe00  __stack                        
00002ded  _c_int00_noargs                
000030fc  _ctypes_                       
200008f0  _device                        
20000800  _ftable                        
20000a10  _lock                          
0000171b  _nop                           
20000968  _stream                        
20000000  _sys_memory                    
UNDEFED   _system_post_cinit             
000030f5  _system_pre_init               
20000a14  _unlock                        
20000bf4  a                              
000030f9  abort                          
00002b4d  atoi                           
20000bf8  b                              
ffffffff  binit                          
20000bfc  c                              
000028f9  close                          
0000306b  copysign                       
0000306b  copysignl                      
20000c00  d                              
20000c04  direction                      
20000c08  direction_1                    
20000c0c  direction_2                    
20000a18  errno                          
00002b99  exit                           
00002efd  finddevice                     
0000216d  fputc                          
00001ab5  fputs                          
00001eb1  free                           
0000276d  frexp                          
0000276d  frexpl                         
000027d1  fseek                          
00002cf5  getdevice                      
00000000  interruptVectors               
00001bc9  ldexp                          
00001bc9  ldexpl                         
20000c10  loop                           
00002f89  lseek                          
00002a5b  ltoa                           
00001125  main                           
00002471  malloc                         
00003021  memccpy                        
00003001  memchr                         
0000203b  memcpy                         
0000230d  memset                         
00002e25  minit                          
20000bec  parmbuf                        
00002705  printf                         
0000216d  putc                           
200009d0  pwmConfig                      
200009b8  pwmConfig2                     
00002f5d  remove                         
00001bc9  scalbn                         
00001bc9  scalbnl                        
00001dd5  setvbuf                        
00003055  strchr                         
0000303d  strcmp                         
0000307f  strcpy                         
00003093  strlen                         
00002e5d  strncpy                        
00002f5d  unlink                         
20000c14  val1                           
20000c18  val2                           
20000c1c  val3                           
20000c20  value1                         
20000c24  value2                         
20000c28  value3                         
000030b9  wcslen                         
00002fd9  write                          


GLOBAL SYMBOLS: SORTED BY Symbol Address 

address   name                           
-------   ----                           
00000000  __TI_static_base__             
00000000  interruptVectors               
000000e5  __TI_printfi                   
00000200  __STACK_SIZE                   
00000800  __SYSMEM_SIZE                  
00000b43  AES256_IRQHandler              
00000b43  BusFault_Handler               
00000b43  COMP_E0_IRQHandler             
00000b43  COMP_E1_IRQHandler             
00000b43  CS_IRQHandler                  
00000b43  DMA_ERR_IRQHandler             
00000b43  DMA_INT0_IRQHandler            
00000b43  DMA_INT1_IRQHandler            
00000b43  DMA_INT2_IRQHandler            
00000b43  DMA_INT3_IRQHandler            
00000b43  DebugMon_Handler               
00000b43  Default_Handler                
00000b43  EUSCIA0_IRQHandler             
00000b43  EUSCIA1_IRQHandler             
00000b43  EUSCIA2_IRQHandler             
00000b43  EUSCIA3_IRQHandler             
00000b43  EUSCIB0_IRQHandler             
00000b43  EUSCIB1_IRQHandler             
00000b43  EUSCIB2_IRQHandler             
00000b43  EUSCIB3_IRQHandler             
00000b43  FLCTL_IRQHandler               
00000b43  FPU_IRQHandler                 
00000b43  HardFault_Handler              
00000b43  MemManage_Handler              
00000b43  NMI_Handler                    
00000b43  PCM_IRQHandler                 
00000b43  PORT1_IRQHandler               
00000b43  PORT2_IRQHandler               
00000b43  PORT3_IRQHandler               
00000b43  PORT4_IRQHandler               
00000b43  PORT5_IRQHandler               
00000b43  PORT6_IRQHandler               
00000b43  PSS_IRQHandler                 
00000b43  PendSV_Handler                 
00000b43  RTC_C_IRQHandler               
00000b43  SVC_Handler                    
00000b43  SysTick_Handler                
00000b43  T32_INT1_IRQHandler            
00000b43  T32_INT2_IRQHandler            
00000b43  T32_INTC_IRQHandler            
00000b43  TA0_0_IRQHandler               
00000b43  TA0_N_IRQHandler               
00000b43  TA1_0_IRQHandler               
00000b43  TA1_N_IRQHandler               
00000b43  TA2_0_IRQHandler               
00000b43  TA2_N_IRQHandler               
00000b43  TA3_0_IRQHandler               
00000b43  TA3_N_IRQHandler               
00000b43  UsageFault_Handler             
00000b43  WDT_A_IRQHandler               
00000b45  ADC14_IRQHandler               
00000b45  ADC14_IRQHandler               
00001125  main                           
00001565  __aeabi_dsub                   
0000156f  __aeabi_dadd                   
0000171b  _nop                           
00001859  __aeabi_ddiv                   
0000198f  __aeabi_idiv0                  
0000198f  __aeabi_ldiv0                  
00001ab5  fputs                          
00001bc9  ldexp                          
00001bc9  ldexpl                         
00001bc9  scalbn                         
00001bc9  scalbnl                        
00001cd9  __aeabi_dmul                   
00001dd5  setvbuf                        
00001eb1  free                           
0000203b  __aeabi_memcpy                 
0000203b  __aeabi_memcpy4                
0000203b  __aeabi_memcpy8                
0000203b  memcpy                         
000020d7  __aeabi_uldivmod               
0000216d  fputc                          
0000216d  putc                           
000021f9  __aeabi_cdcmpeq                
000021f9  __aeabi_cdcmple                
0000227f  __aeabi_cdrcmple               
00002305  __aeabi_memclr                 
00002305  __aeabi_memclr4                
00002305  __aeabi_memclr8                
00002307  __aeabi_memset                 
00002307  __aeabi_memset4                
00002307  __aeabi_memset8                
0000230d  memset                         
00002381  ADC14_getMultiSequenceResult   
000023f9  SystemInit                     
00002471  malloc                         
000024e9  __TI_closefile                 
000025cd  HOSTlseek                      
00002635  HOSTrename                     
0000269d  __TI_decompress_lzss           
00002705  printf                         
0000276d  frexp                          
0000276d  frexpl                         
000027d1  fseek                          
00002835  __TI_wrt_ok                    
00002899  HOSTopen                       
000028f9  close                          
00002955  HOSTread                       
000029ad  HOSTwrite                      
00002a5b  ltoa                           
00002b01  __TI_doflush                   
00002b4d  atoi                           
00002b99  exit                           
00002be1  __aeabi_d2iz                   
00002c29  HOSTclose                      
00002c6d  HOSTunlink                     
00002cb1  __TI_auto_init_nobinit_nopinit 
00002cf5  getdevice                      
00002db5  __TI_writemsg                  
00002de3  C$$IO$$                        
00002ded  _c_int00_noargs                
00002e25  minit                          
00002e5d  strncpy                        
00002e95  __TI_cleanup                   
00002ec9  __TI_readmsg                   
00002efd  finddevice                     
00002f2d  __aeabi_i2d                    
00002f5d  remove                         
00002f5d  unlink                         
00002f89  lseek                          
00002fd9  write                          
00003001  memchr                         
00003021  memccpy                        
0000303d  strcmp                         
00003055  strchr                         
0000306b  copysign                       
0000306b  copysignl                      
0000307f  strcpy                         
00003093  strlen                         
000030a7  __TI_zero_init_nomemset        
000030b9  wcslen                         
000030cb  __TI_decompress_none           
000030d9  Reset_Handler                  
000030e5  __aeabi_errno_addr             
000030f5  _system_pre_init               
000030f9  C$$EXIT                        
000030f9  abort                          
000030fc  _ctypes_                       
00003300  __TI_Handler_Table_Base        
0000330c  __TI_Handler_Table_Limit       
00003318  __TI_CINIT_Base                
00003328  __TI_CINIT_Limit               
20000000  _sys_memory                    
20000800  _ftable                        
200008f0  _device                        
20000968  _stream                        
200009b8  pwmConfig2                     
200009d0  pwmConfig                      
200009e8  __TI_ft_end                    
200009ec  __aeabi_stdin                  
200009f0  __aeabi_stdout                 
200009f4  __aeabi_stderr                 
200009f8  __TI_cleanup_ptr               
200009fc  __TI_dtors_ptr                 
20000a00  __TI_enable_exit_profile_output
20000a10  _lock                          
20000a14  _unlock                        
20000a18  errno                          
20000a1c  __CIOBUF_                      
20000b3c  __TI_tmpnams                   
20000bec  parmbuf                        
20000bf4  a                              
20000bf8  b                              
20000bfc  c                              
20000c00  d                              
20000c04  direction                      
20000c08  direction_1                    
20000c0c  direction_2                    
20000c10  loop                           
20000c14  val1                           
20000c18  val2                           
20000c1c  val3                           
20000c20  value1                         
20000c24  value2                         
20000c28  value3                         
2000fe00  __stack                        
20010000  __STACK_END                    
4000480c  WDTCTL_SYM                     
ffffffff  __TI_pprof_out_hndl            
ffffffff  __TI_prof_data_size            
ffffffff  __TI_prof_data_start           
ffffffff  __binit__                      
ffffffff  __c_args__                     
ffffffff  binit                          
UNDEFED   __mpu_init                     
UNDEFED   _system_post_cinit             

[192 symbols]
