******************************************************************************
                  TI ARM Linker PC v18.1.4                     
******************************************************************************
>> Linked Thu Dec 13 15:14:38 2018

OUTPUT FILE NAME:   <single_adc_and_motor.out>
ENTRY POINT SYMBOL: "_c_int00_noargs"  address: 00002eb5


MEMORY CONFIGURATION

         name            origin    length      used     unused   attr    fill
----------------------  --------  ---------  --------  --------  ----  --------
  MAIN                  00000000   00040000  000035fc  0003ca04  R  X
  INFO                  00200000   00004000  00000000  00004000  R  X
  SRAM_CODE             01000000   00010000  00000e04  0000f1fc  RW X
  SRAM_DATA             20000000   00010000  00000e04  0000f1fc  RW  


SEGMENT ALLOCATION MAP

run origin  load origin   length   init length attrs members
----------  ----------- ---------- ----------- ----- -------
00000000    00000000    00003600   00003600    r-x
  00000000    00000000    000000e4   000000e4    r-- .intvecs
  000000e4    000000e4    000032ac   000032ac    r-x .text
  00003390    00003390    000001bc   000001bc    r-- .const
  00003550    00003550    000000b0   000000b0    r-- .cinit
20000000    20000000    00000c04   00000000    rw-
  20000000    20000000    00000800   00000000    rw- .sysmem
  20000800    20000800    00000234   00000000    rw- .data
  20000a34    20000a34    000001d0   00000000    rw- .bss
2000fe00    2000fe00    00000200   00000000    rw-
  2000fe00    2000fe00    00000200   00000000    rw- .stack


SECTION ALLOCATION MAP

 output                                  attributes/
section   page    origin      length       input sections
--------  ----  ----------  ----------   ----------------
.intvecs   0    00000000    000000e4     
                  00000000    000000e4     startup_msp432p401r_ccs.obj (.intvecs:retain)

.text      0    000000e4    000032ac     
                  000000e4    00000a5e     rtsv7M4_T_le_v4SPD16_eabi.lib : _printfi.c.obj (.text:__TI_printfi)
                  00000b42    00000002     startup_msp432p401r_ccs.obj (.text:Default_Handler)
                  00000b44    00000270     rtsv7M4_T_le_v4SPD16_eabi.lib : _printfi.c.obj (.text:_pconv_a)
                  00000db4    000001f0     adcsingle.obj (.text:ADC14_IRQHandler)
                  00000fa4    000001d0     rtsv7M4_T_le_v4SPD16_eabi.lib : _printfi.c.obj (.text:_pconv_g)
                  00001174    000001b6                                   : fd_add_t2.asm.obj (.text)
                  0000132a    00000002                                   : _lock.c.obj (.text:_nop)
                  0000132c    00000160     msp432p4xx_driverlib.lib : adc14.o (.text:_getIndexForMemRegister)
                  0000148c    0000013c     rtsv7M4_T_le_v4SPD16_eabi.lib : _printfi.c.obj (.text:_pconv_e)
                  000015c8    00000138     adcsingle.obj (.text:main)
                  00001700    00000136     rtsv7M4_T_le_v4SPD16_eabi.lib : fd_div_t2.asm.obj (.text)
                  00001836    00000002                                   : div0.asm.obj (.text)
                  00001838    00000124                                   : _printfi.c.obj (.text:fcvt)
                  0000195c    00000114                                   : fputs.c.obj (.text:fputs)
                  00001a70    00000110                                   : s_scalbn.c.obj (.text:scalbn)
                  00001b80    000000fc                                   : fd_mul_t2.asm.obj (.text)
                  00001c7c    000000dc                                   : setvbuf.c.obj (.text:setvbuf)
                  00001d58    000000d8                                   : memory.c.obj (.text:free)
                  00001e30    000000b1                                   : _printfi.c.obj (.text:_ltostr)
                  00001ee1    00000003     --HOLE-- [fill = 0]
                  00001ee4    000000a4     msp432p4xx_driverlib.lib : adc14.o (.text:ADC14_configureConversionMemory)
                  00001f88    0000009c     rtsv7M4_T_le_v4SPD16_eabi.lib : memcpy_t2.asm.obj (.text)
                  00002024    00000096                                   : ull_div_t2.asm.obj (.text)
                  000020ba    00000002     --HOLE-- [fill = 0]
                  000020bc    0000008c                                   : fputc.c.obj (.text:fputc)
                  00002148    00000088     msp432p4xx_driverlib.lib : gpio.o (.text:GPIO_setAsPeripheralModuleFunctionInputPin)
                  000021d0    00000086     rtsv7M4_T_le_v4SPD16_eabi.lib : fd_cmp_t2.asm.obj (.text:__aeabi_cdcmple)
                  00002256    00000086                                   : fd_cmp_t2.asm.obj (.text:__aeabi_cdrcmple)
                  000022dc    00000080     msp432p4xx_driverlib.lib : interrupt.o (.text:Interrupt_enableInterrupt)
                  0000235c    0000007a     rtsv7M4_T_le_v4SPD16_eabi.lib : memset_t2.asm.obj (.text)
                  000023d6    00000002     --HOLE-- [fill = 0]
                  000023d8    00000078     system_msp432p401r.obj (.text:SystemInit)
                  00002450    00000078     rtsv7M4_T_le_v4SPD16_eabi.lib : memory.c.obj (.text:malloc)
                  000024c8    00000074                                   : fclose.c.obj (.text:__TI_closefile)
                  0000253c    0000006e                                   : _printfi.c.obj (.text:_mcpy)
                  000025aa    00000002     --HOLE-- [fill = 0]
                  000025ac    00000068                                   : hostlseek.c.obj (.text:HOSTlseek)
                  00002614    00000068                                   : hostrename.c.obj (.text:HOSTrename)
                  0000267c    00000068                                   : copy_decompress_lzss.c.obj (.text:decompress:lzss:__TI_decompress_lzss)
                  000026e4    00000068                                   : printf.c.obj (.text:printf)
                  0000274c    00000064                                   : s_frexp.c.obj (.text:frexp)
                  000027b0    00000064                                   : fseek.c.obj (.text:fseek)
                  00002814    00000062                                   : _io_perm.c.obj (.text:__TI_wrt_ok)
                  00002876    00000002     --HOLE-- [fill = 0]
                  00002878    00000060                                   : hostopen.c.obj (.text:HOSTopen)
                  000028d8    0000005c                                   : close.c.obj (.text:close)
                  00002934    00000058     msp432p4xx_driverlib.lib : adc14.o (.text:ADC14_configureSingleSampleMode)
                  0000298c    00000058     rtsv7M4_T_le_v4SPD16_eabi.lib : hostread.c.obj (.text:HOSTread)
                  000029e4    00000058                                   : hostwrite.c.obj (.text:HOSTwrite)
                  00002a3c    00000056                                   : _printfi.c.obj (.text:_pconv_f)
                  00002a92    00000002     --HOLE-- [fill = 0]
                  00002a94    00000054     msp432p4xx_driverlib.lib : adc14.o (.text:ADC14_initModule)
                  00002ae8    00000054     rtsv7M4_T_le_v4SPD16_eabi.lib : ltoa.c.obj (.text:ltoa)
                  00002b3c    00000052                                   : _printfi.c.obj (.text:_ecpy)
                  00002b8e    0000004c                                   : fflush.c.obj (.text:__TI_doflush)
                  00002bda    00000002     --HOLE-- [fill = 0]
                  00002bdc    0000004c                                   : atoi.c.obj (.text:atoi)
                  00002c28    00000048                                   : exit.c.obj (.text:exit)
                  00002c70    00000048                                   : fd_toi_t2.asm.obj (.text)
                  00002cb8    00000044                                   : hostclose.c.obj (.text:HOSTclose)
                  00002cfc    00000044                                   : hostunlink.c.obj (.text:HOSTunlink)
                  00002d40    00000044                                   : autoinit.c.obj (.text:__TI_auto_init_nobinit_nopinit:__TI_auto_init_nobinit_nopinit)
                  00002d84    00000044                                   : getdevice.c.obj (.text:getdevice)
                  00002dc8    0000003e                                   : _printfi.c.obj (.text:_fcpy)
                  00002e06    00000002     --HOLE-- [fill = 0]
                  00002e08    0000003c                                   : memory.c.obj (.text:minsert)
                  00002e44    00000038     msp432p4xx_driverlib.lib : adc14.o (.text:ADC14_getEnabledInterruptStatus)
                  00002e7c    00000038     rtsv7M4_T_le_v4SPD16_eabi.lib : trgmsg.c.obj (.text:__TI_writemsg)
                  00002eb4    00000038                                   : boot_cortex_m.c.obj (.text:_c_int00_noargs:_c_int00_noargs)
                  00002eec    00000038                                   : memory.c.obj (.text:minit)
                  00002f24    00000036                                   : strncpy.c.obj (.text:strncpy)
                  00002f5a    00000002     --HOLE-- [fill = 0]
                  00002f5c    00000034     msp432p4xx_driverlib.lib : adc14.o (.text:ADC14_enableSampleTimer)
                  00002f90    00000034     rtsv7M4_T_le_v4SPD16_eabi.lib : fopen.c.obj (.text:__TI_cleanup)
                  00002fc4    00000034                                   : trgmsg.c.obj (.text:__TI_readmsg)
                  00002ff8    00000030     msp432p4xx_driverlib.lib : adc14.o (.text:ADC14_clearInterruptFlag)
                  00003028    00000030                              : adc14.o (.text:ADC14_enableInterrupt)
                  00003058    00000030     rtsv7M4_T_le_v4SPD16_eabi.lib : getdevice.c.obj (.text:finddevice)
                  00003088    0000002e                                   : i_tofd_t2.asm.obj (.text)
                  000030b6    00000002     --HOLE-- [fill = 0]
                  000030b8    0000002c     msp432p4xx_driverlib.lib : adc14.o (.text:ADC14_getInterruptStatus)
                  000030e4    0000002c                              : adc14.o (.text:ADC14_toggleConversionTrigger)
                  00003110    0000002c     rtsv7M4_T_le_v4SPD16_eabi.lib : unlink.c.obj (.text:unlink)
                  0000313c    00000028     msp432p4xx_driverlib.lib : adc14.o (.text:ADC14_enableConversion)
                  00003164    00000028                              : pcm.o (.text:PCM_gotoLPM0)
                  0000318c    00000028     rtsv7M4_T_le_v4SPD16_eabi.lib : lseek.c.obj (.text:lseek)
                  000031b4    00000028                                   : memory.c.obj (.text:mremove)
                  000031dc    00000028                                   : write.c.obj (.text:write)
                  00003204    00000024     msp432p4xx_driverlib.lib : wdt_a.o (.text:WDT_A_holdTimer)
                  00003228    00000020     rtsv7M4_T_le_v4SPD16_eabi.lib : memchr.c.obj (.text:memchr)
                  00003248    0000001c     msp432p4xx_driverlib.lib : adc14.o (.text:ADC14_getResult)
                  00003264    0000001c     rtsv7M4_T_le_v4SPD16_eabi.lib : memccpy.c.obj (.text:memccpy)
                  00003280    00000018                                   : strcmp.c.obj (.text:strcmp)
                  00003298    00000016                                   : strchr.c.obj (.text:strchr)
                  000032ae    00000014                                   : s_copysign.c.obj (.text:copysign)
                  000032c2    00000014                                   : strcpy.c.obj (.text:strcpy)
                  000032d6    00000014                                   : strlen.c.obj (.text:strlen)
                  000032ea    00000012                                   : copy_zero_init.c.obj (.text:decompress:ZI:__TI_zero_init_nomemset:__TI_zero_init_nomemset)
                  000032fc    00000012                                   : wcslen.c.obj (.text:wcslen)
                  0000330e    00000002     --HOLE-- [fill = 0]
                  00003310    00000010     msp432p4xx_driverlib.lib : adc14.o (.text:ADCIsConversionRunning)
                  00003320    00000010                              : interrupt.o (.text:Interrupt_enableMaster)
                  00003330    00000010                              : interrupt.o (.text:Interrupt_enableSleepOnIsrExit)
                  00003340    0000000e     rtsv7M4_T_le_v4SPD16_eabi.lib : copy_decompress_none.c.obj (.text:decompress:none:__TI_decompress_none)
                  0000334e    00000002     --HOLE-- [fill = 0]
                  00003350    0000000c     msp432p4xx_driverlib.lib : adc14.o (.text:ADC14_enableModule)
                  0000335c    0000000c                              : cpu.o (.text:CPU_cpsie)
                  00003368    0000000c     startup_msp432p401r_ccs.obj (.text:Reset_Handler)
                  00003374    00000008     rtsv7M4_T_le_v4SPD16_eabi.lib : errno.c.obj (.text:__aeabi_errno_addr)
                  0000337c    00000004     msp432p4xx_driverlib.lib : cpu.o (.text:CPU_wfi)
                  00003380    00000004     rtsv7M4_T_le_v4SPD16_eabi.lib : printf.c.obj (.text:_outc)
                  00003384    00000004                                   : printf.c.obj (.text:_outs)
                  00003388    00000004                                   : pre_init.c.obj (.text:_system_pre_init)
                  0000338c    00000004                                   : exit.c.obj (.text:abort:abort)

.const     0    00003390    000001bc     
                  00003390    00000101     rtsv7M4_T_le_v4SPD16_eabi.lib : ctype.c.obj (.const:.string:_ctypes_)
                  00003491    00000003     --HOLE-- [fill = 0]
                  00003494    00000080     msp432p4xx_driverlib.lib : adc14.o (.const:_ctlRegs)
                  00003514    00000030                              : gpio.o (.const:GPIO_PORT_TO_BASE)
                  00003544    00000008                              : interrupt.o (.const:g_pulEnRegs)

.cinit     0    00003550    000000b0     
                  00003550    00000087     (.cinit..data.load) [load image, compression = lzss]
                  000035d7    00000001     --HOLE-- [fill = 0]
                  000035d8    0000000c     (__TI_handler_table)
                  000035e4    00000004     --HOLE-- [fill = 0]
                  000035e8    00000008     (.cinit..bss.load) [load image, compression = zero_init]
                  000035f0    00000010     (__TI_cinit_table)

.init_array 
*          0    00000000    00000000     UNINITIALIZED

.binit     0    00000000    00000000     

.sysmem    0    20000000    00000800     UNINITIALIZED
                  20000000    00000008     rtsv7M4_T_le_v4SPD16_eabi.lib : memory.c.obj (.sysmem)
                  20000008    000007f8     --HOLE--

.data      0    20000800    00000234     UNINITIALIZED
                  20000800    000000f0     rtsv7M4_T_le_v4SPD16_eabi.lib : defs.c.obj (.data:_ftable)
                  200008f0    00000078                                   : write.c.obj (.data:_device)
                  20000968    00000050                                   : write.c.obj (.data:_stream)
                  200009b8    00000018     adcsingle.obj (.data)
                  200009d0    00000018     adcsingle.obj (.data:pwmConfig3)
                  200009e8    00000018     adcsingle.obj (.data:pwmConfig)
                  20000a00    00000010     rtsv7M4_T_le_v4SPD16_eabi.lib : defs.c.obj (.data)
                  20000a10    0000000c                                   : exit.c.obj (.data:$O1$$)
                  20000a1c    0000000c                                   : memory.c.obj (.data:$O1$$)
                  20000a28    00000008                                   : _lock.c.obj (.data:$O1$$)
                  20000a30    00000004                                   : errno.c.obj (.data)

.bss       0    20000a34    000001d0     UNINITIALIZED
                  20000a34    00000120     rtsv7M4_T_le_v4SPD16_eabi.lib : trgmsg.c.obj (.bss:_CIOBUF_)
                  20000b54    000000a0     (.common:__TI_tmpnams)
                  20000bf4    00000008     (.common:parmbuf)
                  20000bfc    00000004     (.common:a)
                  20000c00    00000002     (.common:adcResult)
                  20000c02    00000002     (.common:adcResult1)

.stack     0    2000fe00    00000200     UNINITIALIZED
                  2000fe00    00000004     rtsv7M4_T_le_v4SPD16_eabi.lib : boot_cortex_m.c.obj (.stack)
                  2000fe04    000001fc     --HOLE--

MODULE SUMMARY

       Module                        code    ro data   rw data
       ------                        ----    -------   -------
    .\
       adcsingle.obj                 808     0         160    
       system_msp432p401r.obj        120     0         0      
    +--+-----------------------------+-------+---------+---------+
       Total:                        928     0         160    
                                                              
    .\ccs\
       startup_msp432p401r_ccs.obj   14      228       0      
    +--+-----------------------------+-------+---------+---------+
       Total:                        14      228       0      
                                                              
    C:/ti/simplelink_msp432p4_sdk_2_30_00_14/source/ti/devices/msp432p4xx/driverlib/ccs/msp432p4xx_driverlib.lib
       adc14.o                       1076    128       0      
       gpio.o                        136     48        0      
       interrupt.o                   160     8         0      
       pcm.o                         40      0         0      
       wdt_a.o                       36      0         0      
       cpu.o                         16      0         0      
    +--+-----------------------------+-------+---------+---------+
       Total:                        1464    184       0      
                                                              
    C:\ti\ccsv8\tools\compiler\ti-cgt-arm_18.1.4.LTS\lib\rtsv7M4_T_le_v4SPD16_eabi.lib
       _printfi.c.obj                4867    0         0      
       defs.c.obj                    0       0         832    
       trgmsg.c.obj                  108     0         576    
       memory.c.obj                  492     0         24     
       write.c.obj                   40      0         400    
       fd_add_t2.asm.obj             438     0         0      
       fd_div_t2.asm.obj             310     0         0      
       fputs.c.obj                   276     0         0      
       s_scalbn.c.obj                272     0         0      
       fd_cmp_t2.asm.obj             268     0         0      
       ctype.c.obj                   0       257       0      
       fd_mul_t2.asm.obj             252     0         0      
       setvbuf.c.obj                 220     0         0      
       memcpy_t2.asm.obj             156     0         0      
       ull_div_t2.asm.obj            150     0         0      
       fputc.c.obj                   140     0         0      
       memset_t2.asm.obj             122     0         0      
       fclose.c.obj                  116     0         0      
       getdevice.c.obj               116     0         0      
       hostopen.c.obj                96      0         16     
       printf.c.obj                  112     0         0      
       copy_decompress_lzss.c.obj    104     0         0      
       hostlseek.c.obj               104     0         0      
       hostrename.c.obj              104     0         0      
       exit.c.obj                    76      0         24     
       fseek.c.obj                   100     0         0      
       s_frexp.c.obj                 100     0         0      
       _io_perm.c.obj                98      0         0      
       close.c.obj                   92      0         0      
       hostread.c.obj                88      0         0      
       hostwrite.c.obj               88      0         0      
       ltoa.c.obj                    84      0         0      
       atoi.c.obj                    76      0         0      
       fflush.c.obj                  76      0         0      
       fd_toi_t2.asm.obj             72      0         0      
       autoinit.c.obj                68      0         0      
       hostclose.c.obj               68      0         0      
       hostunlink.c.obj              68      0         0      
       boot_cortex_m.c.obj           56      0         0      
       strncpy.c.obj                 54      0         0      
       fopen.c.obj                   52      0         0      
       i_tofd_t2.asm.obj             46      0         0      
       unlink.c.obj                  44      0         0      
       lseek.c.obj                   40      0         0      
       memchr.c.obj                  32      0         0      
       memccpy.c.obj                 28      0         0      
       strcmp.c.obj                  24      0         0      
       strchr.c.obj                  22      0         0      
       s_copysign.c.obj              20      0         0      
       strcpy.c.obj                  20      0         0      
       strlen.c.obj                  20      0         0      
       _lock.c.obj                   2       0         16     
       copy_zero_init.c.obj          18      0         0      
       wcslen.c.obj                  18      0         0      
       errno.c.obj                   8       0         8      
       copy_decompress_none.c.obj    14      0         0      
       pre_init.c.obj                4       0         0      
       div0.asm.obj                  2       0         0      
    +--+-----------------------------+-------+---------+---------+
       Total:                        10541   257       1896   
                                                              
       Heap:                         0       0         4096   
       Stack:                        0       0         1024   
       Linker Generated:             0       171       0      
    +--+-----------------------------+-------+---------+---------+
       Grand Total:                  12947   840       7176   


LINKER GENERATED COPY TABLES

__TI_cinit_table @ 000035f0 records: 2, size/record: 8, table size: 16
	.data: load addr=00003550, load size=00000087 bytes, run addr=20000800, run size=00000234 bytes, compression=lzss
	.bss: load addr=000035e8, load size=00000008 bytes, run addr=20000a34, run size=000001d0 bytes, compression=zero_init


LINKER GENERATED HANDLER TABLE

__TI_handler_table @ 000035d8 records: 3, size/record: 4, table size: 12
	index: 0, handler: __TI_decompress_lzss
	index: 1, handler: __TI_decompress_none
	index: 2, handler: __TI_zero_init


GLOBAL SYMBOLS: SORTED ALPHABETICALLY BY Name 

address   name                                      
-------   ----                                      
00000db5  ADC14_IRQHandler                          
00000db5  ADC14_IRQHandler                          
00002ff9  ADC14_clearInterruptFlag                  
00001ee5  ADC14_configureConversionMemory           
00002935  ADC14_configureSingleSampleMode           
0000313d  ADC14_enableConversion                    
00003029  ADC14_enableInterrupt                     
00003351  ADC14_enableModule                        
00002f5d  ADC14_enableSampleTimer                   
00002e45  ADC14_getEnabledInterruptStatus           
000030b9  ADC14_getInterruptStatus                  
00003249  ADC14_getResult                           
00002a95  ADC14_initModule                          
000030e5  ADC14_toggleConversionTrigger             
00000b43  AES256_IRQHandler                         
00000b43  BusFault_Handler                          
0000338d  C$$EXIT                                   
00002eab  C$$IO$$                                   
00000b43  COMP_E0_IRQHandler                        
00000b43  COMP_E1_IRQHandler                        
0000335d  CPU_cpsie                                 
0000337d  CPU_wfi                                   
00000b43  CS_IRQHandler                             
00000b43  DMA_ERR_IRQHandler                        
00000b43  DMA_INT0_IRQHandler                       
00000b43  DMA_INT1_IRQHandler                       
00000b43  DMA_INT2_IRQHandler                       
00000b43  DMA_INT3_IRQHandler                       
00000b43  DebugMon_Handler                          
00000b43  Default_Handler                           
00000b43  EUSCIA0_IRQHandler                        
00000b43  EUSCIA1_IRQHandler                        
00000b43  EUSCIA2_IRQHandler                        
00000b43  EUSCIA3_IRQHandler                        
00000b43  EUSCIB0_IRQHandler                        
00000b43  EUSCIB1_IRQHandler                        
00000b43  EUSCIB2_IRQHandler                        
00000b43  EUSCIB3_IRQHandler                        
00000b43  FLCTL_IRQHandler                          
00000b43  FPU_IRQHandler                            
00002149  GPIO_setAsPeripheralModuleFunctionInputPin
00002cb9  HOSTclose                                 
000025ad  HOSTlseek                                 
00002879  HOSTopen                                  
0000298d  HOSTread                                  
00002615  HOSTrename                                
00002cfd  HOSTunlink                                
000029e5  HOSTwrite                                 
00000b43  HardFault_Handler                         
000022dd  Interrupt_enableInterrupt                 
00003321  Interrupt_enableMaster                    
00003331  Interrupt_enableSleepOnIsrExit            
00000b43  MemManage_Handler                         
00000b43  NMI_Handler                               
00000b43  PCM_IRQHandler                            
00003165  PCM_gotoLPM0                              
00000b43  PORT1_IRQHandler                          
00000b43  PORT2_IRQHandler                          
00000b43  PORT3_IRQHandler                          
00000b43  PORT4_IRQHandler                          
00000b43  PORT5_IRQHandler                          
00000b43  PORT6_IRQHandler                          
00000b43  PSS_IRQHandler                            
00000b43  PendSV_Handler                            
00000b43  RTC_C_IRQHandler                          
00003369  Reset_Handler                             
00000b43  SVC_Handler                               
00000b43  SysTick_Handler                           
000023d9  SystemInit                                
00000b43  T32_INT1_IRQHandler                       
00000b43  T32_INT2_IRQHandler                       
00000b43  T32_INTC_IRQHandler                       
00000b43  TA0_0_IRQHandler                          
00000b43  TA0_N_IRQHandler                          
00000b43  TA1_0_IRQHandler                          
00000b43  TA1_N_IRQHandler                          
00000b43  TA2_0_IRQHandler                          
00000b43  TA2_N_IRQHandler                          
00000b43  TA3_0_IRQHandler                          
00000b43  TA3_N_IRQHandler                          
00000b43  UsageFault_Handler                        
4000480c  WDTCTL_SYM                                
00000b43  WDT_A_IRQHandler                          
00003205  WDT_A_holdTimer                           
20000a34  __CIOBUF_                                 
20010000  __STACK_END                               
00000200  __STACK_SIZE                              
00000800  __SYSMEM_SIZE                             
000035f0  __TI_CINIT_Base                           
00003600  __TI_CINIT_Limit                          
000035d8  __TI_Handler_Table_Base                   
000035e4  __TI_Handler_Table_Limit                  
00002d41  __TI_auto_init_nobinit_nopinit            
00002f91  __TI_cleanup                              
20000a10  __TI_cleanup_ptr                          
000024c9  __TI_closefile                            
0000267d  __TI_decompress_lzss                      
00003341  __TI_decompress_none                      
00002b8f  __TI_doflush                              
20000a14  __TI_dtors_ptr                            
20000a18  __TI_enable_exit_profile_output           
20000a00  __TI_ft_end                               
ffffffff  __TI_pprof_out_hndl                       
000000e5  __TI_printfi                              
ffffffff  __TI_prof_data_size                       
ffffffff  __TI_prof_data_start                      
00002fc5  __TI_readmsg                              
00000000  __TI_static_base__                        
20000b54  __TI_tmpnams                              
00002e7d  __TI_writemsg                             
00002815  __TI_wrt_ok                               
000032eb  __TI_zero_init_nomemset                   
000021d1  __aeabi_cdcmpeq                           
000021d1  __aeabi_cdcmple                           
00002257  __aeabi_cdrcmple                          
00002c71  __aeabi_d2iz                              
0000117f  __aeabi_dadd                              
00001701  __aeabi_ddiv                              
00001b81  __aeabi_dmul                              
00001175  __aeabi_dsub                              
00003375  __aeabi_errno_addr                        
00003089  __aeabi_i2d                               
00001837  __aeabi_idiv0                             
00001837  __aeabi_ldiv0                             
0000235d  __aeabi_memclr                            
0000235d  __aeabi_memclr4                           
0000235d  __aeabi_memclr8                           
00001f89  __aeabi_memcpy                            
00001f89  __aeabi_memcpy4                           
00001f89  __aeabi_memcpy8                           
0000235f  __aeabi_memset                            
0000235f  __aeabi_memset4                           
0000235f  __aeabi_memset8                           
20000a0c  __aeabi_stderr                            
20000a04  __aeabi_stdin                             
20000a08  __aeabi_stdout                            
00002025  __aeabi_uldivmod                          
ffffffff  __binit__                                 
ffffffff  __c_args__                                
UNDEFED   __mpu_init                                
2000fe00  __stack                                   
00002eb5  _c_int00_noargs                           
00003390  _ctypes_                                  
200008f0  _device                                   
20000800  _ftable                                   
20000a28  _lock                                     
0000132b  _nop                                      
20000968  _stream                                   
20000000  _sys_memory                               
UNDEFED   _system_post_cinit                        
00003389  _system_pre_init                          
20000a2c  _unlock                                   
20000bfc  a                                         
0000338d  abort                                     
20000c00  adcResult                                 
20000c02  adcResult1                                
00002bdd  atoi                                      
200009b8  b                                         
ffffffff  binit                                     
200009bc  c                                         
000028d9  close                                     
000032af  copysign                                  
000032af  copysignl                                 
200009c0  direction                                 
200009c4  direction_1                               
200009c8  direction_2                               
20000a30  errno                                     
00002c29  exit                                      
00003059  finddevice                                
000020bd  fputc                                     
0000195d  fputs                                     
00001d59  free                                      
0000274d  frexp                                     
0000274d  frexpl                                    
000027b1  fseek                                     
00002d85  getdevice                                 
00000000  interruptVectors                          
00001a71  ldexp                                     
00001a71  ldexpl                                    
200009cc  loop                                      
0000318d  lseek                                     
00002ae9  ltoa                                      
000015c9  main                                      
00002451  malloc                                    
00003265  memccpy                                   
00003229  memchr                                    
00001f89  memcpy                                    
00002365  memset                                    
00002eed  minit                                     
20000bf4  parmbuf                                   
000026e5  printf                                    
000020bd  putc                                      
200009e8  pwmConfig                                 
200009d0  pwmConfig3                                
00003111  remove                                    
00001a71  scalbn                                    
00001a71  scalbnl                                   
00001c7d  setvbuf                                   
00003299  strchr                                    
00003281  strcmp                                    
000032c3  strcpy                                    
000032d7  strlen                                    
00002f25  strncpy                                   
00003111  unlink                                    
000032fd  wcslen                                    
000031dd  write                                     


GLOBAL SYMBOLS: SORTED BY Symbol Address 

address   name                                      
-------   ----                                      
00000000  __TI_static_base__                        
00000000  interruptVectors                          
000000e5  __TI_printfi                              
00000200  __STACK_SIZE                              
00000800  __SYSMEM_SIZE                             
00000b43  AES256_IRQHandler                         
00000b43  BusFault_Handler                          
00000b43  COMP_E0_IRQHandler                        
00000b43  COMP_E1_IRQHandler                        
00000b43  CS_IRQHandler                             
00000b43  DMA_ERR_IRQHandler                        
00000b43  DMA_INT0_IRQHandler                       
00000b43  DMA_INT1_IRQHandler                       
00000b43  DMA_INT2_IRQHandler                       
00000b43  DMA_INT3_IRQHandler                       
00000b43  DebugMon_Handler                          
00000b43  Default_Handler                           
00000b43  EUSCIA0_IRQHandler                        
00000b43  EUSCIA1_IRQHandler                        
00000b43  EUSCIA2_IRQHandler                        
00000b43  EUSCIA3_IRQHandler                        
00000b43  EUSCIB0_IRQHandler                        
00000b43  EUSCIB1_IRQHandler                        
00000b43  EUSCIB2_IRQHandler                        
00000b43  EUSCIB3_IRQHandler                        
00000b43  FLCTL_IRQHandler                          
00000b43  FPU_IRQHandler                            
00000b43  HardFault_Handler                         
00000b43  MemManage_Handler                         
00000b43  NMI_Handler                               
00000b43  PCM_IRQHandler                            
00000b43  PORT1_IRQHandler                          
00000b43  PORT2_IRQHandler                          
00000b43  PORT3_IRQHandler                          
00000b43  PORT4_IRQHandler                          
00000b43  PORT5_IRQHandler                          
00000b43  PORT6_IRQHandler                          
00000b43  PSS_IRQHandler                            
00000b43  PendSV_Handler                            
00000b43  RTC_C_IRQHandler                          
00000b43  SVC_Handler                               
00000b43  SysTick_Handler                           
00000b43  T32_INT1_IRQHandler                       
00000b43  T32_INT2_IRQHandler                       
00000b43  T32_INTC_IRQHandler                       
00000b43  TA0_0_IRQHandler                          
00000b43  TA0_N_IRQHandler                          
00000b43  TA1_0_IRQHandler                          
00000b43  TA1_N_IRQHandler                          
00000b43  TA2_0_IRQHandler                          
00000b43  TA2_N_IRQHandler                          
00000b43  TA3_0_IRQHandler                          
00000b43  TA3_N_IRQHandler                          
00000b43  UsageFault_Handler                        
00000b43  WDT_A_IRQHandler                          
00000db5  ADC14_IRQHandler                          
00000db5  ADC14_IRQHandler                          
00001175  __aeabi_dsub                              
0000117f  __aeabi_dadd                              
0000132b  _nop                                      
000015c9  main                                      
00001701  __aeabi_ddiv                              
00001837  __aeabi_idiv0                             
00001837  __aeabi_ldiv0                             
0000195d  fputs                                     
00001a71  ldexp                                     
00001a71  ldexpl                                    
00001a71  scalbn                                    
00001a71  scalbnl                                   
00001b81  __aeabi_dmul                              
00001c7d  setvbuf                                   
00001d59  free                                      
00001ee5  ADC14_configureConversionMemory           
00001f89  __aeabi_memcpy                            
00001f89  __aeabi_memcpy4                           
00001f89  __aeabi_memcpy8                           
00001f89  memcpy                                    
00002025  __aeabi_uldivmod                          
000020bd  fputc                                     
000020bd  putc                                      
00002149  GPIO_setAsPeripheralModuleFunctionInputPin
000021d1  __aeabi_cdcmpeq                           
000021d1  __aeabi_cdcmple                           
00002257  __aeabi_cdrcmple                          
000022dd  Interrupt_enableInterrupt                 
0000235d  __aeabi_memclr                            
0000235d  __aeabi_memclr4                           
0000235d  __aeabi_memclr8                           
0000235f  __aeabi_memset                            
0000235f  __aeabi_memset4                           
0000235f  __aeabi_memset8                           
00002365  memset                                    
000023d9  SystemInit                                
00002451  malloc                                    
000024c9  __TI_closefile                            
000025ad  HOSTlseek                                 
00002615  HOSTrename                                
0000267d  __TI_decompress_lzss                      
000026e5  printf                                    
0000274d  frexp                                     
0000274d  frexpl                                    
000027b1  fseek                                     
00002815  __TI_wrt_ok                               
00002879  HOSTopen                                  
000028d9  close                                     
00002935  ADC14_configureSingleSampleMode           
0000298d  HOSTread                                  
000029e5  HOSTwrite                                 
00002a95  ADC14_initModule                          
00002ae9  ltoa                                      
00002b8f  __TI_doflush                              
00002bdd  atoi                                      
00002c29  exit                                      
00002c71  __aeabi_d2iz                              
00002cb9  HOSTclose                                 
00002cfd  HOSTunlink                                
00002d41  __TI_auto_init_nobinit_nopinit            
00002d85  getdevice                                 
00002e45  ADC14_getEnabledInterruptStatus           
00002e7d  __TI_writemsg                             
00002eab  C$$IO$$                                   
00002eb5  _c_int00_noargs                           
00002eed  minit                                     
00002f25  strncpy                                   
00002f5d  ADC14_enableSampleTimer                   
00002f91  __TI_cleanup                              
00002fc5  __TI_readmsg                              
00002ff9  ADC14_clearInterruptFlag                  
00003029  ADC14_enableInterrupt                     
00003059  finddevice                                
00003089  __aeabi_i2d                               
000030b9  ADC14_getInterruptStatus                  
000030e5  ADC14_toggleConversionTrigger             
00003111  remove                                    
00003111  unlink                                    
0000313d  ADC14_enableConversion                    
00003165  PCM_gotoLPM0                              
0000318d  lseek                                     
000031dd  write                                     
00003205  WDT_A_holdTimer                           
00003229  memchr                                    
00003249  ADC14_getResult                           
00003265  memccpy                                   
00003281  strcmp                                    
00003299  strchr                                    
000032af  copysign                                  
000032af  copysignl                                 
000032c3  strcpy                                    
000032d7  strlen                                    
000032eb  __TI_zero_init_nomemset                   
000032fd  wcslen                                    
00003321  Interrupt_enableMaster                    
00003331  Interrupt_enableSleepOnIsrExit            
00003341  __TI_decompress_none                      
00003351  ADC14_enableModule                        
0000335d  CPU_cpsie                                 
00003369  Reset_Handler                             
00003375  __aeabi_errno_addr                        
0000337d  CPU_wfi                                   
00003389  _system_pre_init                          
0000338d  C$$EXIT                                   
0000338d  abort                                     
00003390  _ctypes_                                  
000035d8  __TI_Handler_Table_Base                   
000035e4  __TI_Handler_Table_Limit                  
000035f0  __TI_CINIT_Base                           
00003600  __TI_CINIT_Limit                          
20000000  _sys_memory                               
20000800  _ftable                                   
200008f0  _device                                   
20000968  _stream                                   
200009b8  b                                         
200009bc  c                                         
200009c0  direction                                 
200009c4  direction_1                               
200009c8  direction_2                               
200009cc  loop                                      
200009d0  pwmConfig3                                
200009e8  pwmConfig                                 
20000a00  __TI_ft_end                               
20000a04  __aeabi_stdin                             
20000a08  __aeabi_stdout                            
20000a0c  __aeabi_stderr                            
20000a10  __TI_cleanup_ptr                          
20000a14  __TI_dtors_ptr                            
20000a18  __TI_enable_exit_profile_output           
20000a28  _lock                                     
20000a2c  _unlock                                   
20000a30  errno                                     
20000a34  __CIOBUF_                                 
20000b54  __TI_tmpnams                              
20000bf4  parmbuf                                   
20000bfc  a                                         
20000c00  adcResult                                 
20000c02  adcResult1                                
2000fe00  __stack                                   
20010000  __STACK_END                               
4000480c  WDTCTL_SYM                                
ffffffff  __TI_pprof_out_hndl                       
ffffffff  __TI_prof_data_size                       
ffffffff  __TI_prof_data_start                      
ffffffff  __binit__                                 
ffffffff  __c_args__                                
ffffffff  binit                                     
UNDEFED   __mpu_init                                
UNDEFED   _system_post_cinit                        

[206 symbols]
