******************************************************************************
                  TI ARM Linker PC v18.1.4                     
******************************************************************************
>> Linked Thu Dec 13 01:53:44 2018

OUTPUT FILE NAME:   <adc14_multiple_channel_no_repeat_MSP_EXP432P401R_nortos_ccs.out>
ENTRY POINT SYMBOL: "_c_int00_noargs"  address: 000004f9


MEMORY CONFIGURATION

         name            origin    length      used     unused   attr    fill
----------------------  --------  ---------  --------  --------  ----  --------
  MAIN                  00000000   00040000  00000584  0003fa7c  R  X
  INFO                  00200000   00004000  00000000  00004000  R  X
  SRAM_CODE             01000000   00010000  00000230  0000fdd0  RW X
  SRAM_DATA             20000000   00010000  00000230  0000fdd0  RW  


SEGMENT ALLOCATION MAP

run origin  load origin   length   init length attrs members
----------  ----------- ---------- ----------- ----- -------
00000000    00000000    00000588   00000588    r-x
  00000000    00000000    000000e4   000000e4    r-- .intvecs
  000000e4    000000e4    00000470   00000470    r-x .text
  00000558    00000558    00000030   00000030    r-- .cinit
20000000    20000000    00000030   00000000    rw-
  20000000    20000000    00000030   00000000    rw- .data
2000fe00    2000fe00    00000200   00000000    rw-
  2000fe00    2000fe00    00000200   00000000    rw- .stack


SECTION ALLOCATION MAP

 output                                  attributes/
section   page    origin      length       input sections
--------  ----  ----------  ----------   ----------------
.intvecs   0    00000000    000000e4     
                  00000000    000000e4     startup_msp432p401r_ccs.obj (.intvecs:retain)

.text      0    000000e4    00000470     
                  000000e4    00000254     motor_main.obj (.text:main)
                  00000338    0000009c     rtsv7M4_T_le_v4SPD16_eabi.lib : memcpy_t2.asm.obj (.text)
                  000003d4    00000078     system_msp432p401r.obj (.text:SystemInit)
                  0000044c    00000068     rtsv7M4_T_le_v4SPD16_eabi.lib : copy_decompress_lzss.c.obj (.text:decompress:lzss:__TI_decompress_lzss)
                  000004b4    00000044                                   : autoinit.c.obj (.text:__TI_auto_init_nobinit_nopinit:__TI_auto_init_nobinit_nopinit)
                  000004f8    00000038                                   : boot_cortex_m.c.obj (.text:_c_int00_noargs:_c_int00_noargs)
                  00000530    0000000e                                   : copy_decompress_none.c.obj (.text:decompress:none:__TI_decompress_none)
                  0000053e    0000000c     startup_msp432p401r_ccs.obj (.text:Reset_Handler)
                  0000054a    00000004     rtsv7M4_T_le_v4SPD16_eabi.lib : pre_init.c.obj (.text:_system_pre_init)
                  0000054e    00000004                                   : exit.c.obj (.text:abort:abort)
                  00000552    00000002     startup_msp432p401r_ccs.obj (.text:Default_Handler)

.cinit     0    00000558    00000030     
                  00000558    00000020     (.cinit..data.load) [load image, compression = lzss]
                  00000578    00000008     (__TI_handler_table)
                  00000580    00000008     (__TI_cinit_table)

.init_array 
*          0    00000000    00000000     UNINITIALIZED

.binit     0    00000000    00000000     

.data      0    20000000    00000030     UNINITIALIZED
                  20000000    00000018     motor_main.obj (.data:pwmConfig2)
                  20000018    00000018     motor_main.obj (.data:pwmConfig)

.stack     0    2000fe00    00000200     UNINITIALIZED
                  2000fe00    00000004     rtsv7M4_T_le_v4SPD16_eabi.lib : boot_cortex_m.c.obj (.stack)
                  2000fe04    000001fc     --HOLE--

MODULE SUMMARY

       Module                        code   ro data   rw data
       ------                        ----   -------   -------
    .\
       motor_main.obj                596    0         96     
       system_msp432p401r.obj        120    0         0      
    +--+-----------------------------+------+---------+---------+
       Total:                        716    0         96     
                                                             
    .\ccs\
       startup_msp432p401r_ccs.obj   14     228       0      
    +--+-----------------------------+------+---------+---------+
       Total:                        14     228       0      
                                                             
    C:\ti\ccsv8\tools\compiler\ti-cgt-arm_18.1.4.LTS\lib\rtsv7M4_T_le_v4SPD16_eabi.lib
       memcpy_t2.asm.obj             156    0         0      
       copy_decompress_lzss.c.obj    104    0         0      
       autoinit.c.obj                68     0         0      
       boot_cortex_m.c.obj           56     0         0      
       copy_decompress_none.c.obj    14     0         0      
       exit.c.obj                    4      0         0      
       pre_init.c.obj                4      0         0      
    +--+-----------------------------+------+---------+---------+
       Total:                        406    0         0      
                                                             
       Stack:                        0      0         1024   
       Linker Generated:             0      48        0      
    +--+-----------------------------+------+---------+---------+
       Grand Total:                  1136   276       1120   


LINKER GENERATED COPY TABLES

__TI_cinit_table @ 00000580 records: 1, size/record: 8, table size: 8
	.data: load addr=00000558, load size=00000020 bytes, run addr=20000000, run size=00000030 bytes, compression=lzss


LINKER GENERATED HANDLER TABLE

__TI_handler_table @ 00000578 records: 2, size/record: 4, table size: 8
	index: 0, handler: __TI_decompress_lzss
	index: 1, handler: __TI_decompress_none


GLOBAL SYMBOLS: SORTED ALPHABETICALLY BY Name 

address   name                          
-------   ----                          
00000553  ADC14_IRQHandler              
00000553  AES256_IRQHandler             
00000553  BusFault_Handler              
0000054f  C$$EXIT                       
00000553  COMP_E0_IRQHandler            
00000553  COMP_E1_IRQHandler            
00000553  CS_IRQHandler                 
00000553  DMA_ERR_IRQHandler            
00000553  DMA_INT0_IRQHandler           
00000553  DMA_INT1_IRQHandler           
00000553  DMA_INT2_IRQHandler           
00000553  DMA_INT3_IRQHandler           
00000553  DebugMon_Handler              
00000553  Default_Handler               
00000553  EUSCIA0_IRQHandler            
00000553  EUSCIA1_IRQHandler            
00000553  EUSCIA2_IRQHandler            
00000553  EUSCIA3_IRQHandler            
00000553  EUSCIB0_IRQHandler            
00000553  EUSCIB1_IRQHandler            
00000553  EUSCIB2_IRQHandler            
00000553  EUSCIB3_IRQHandler            
00000553  FLCTL_IRQHandler              
00000553  FPU_IRQHandler                
00000553  HardFault_Handler             
00000553  MemManage_Handler             
00000553  NMI_Handler                   
00000553  PCM_IRQHandler                
00000553  PORT1_IRQHandler              
00000553  PORT2_IRQHandler              
00000553  PORT3_IRQHandler              
00000553  PORT4_IRQHandler              
00000553  PORT5_IRQHandler              
00000553  PORT6_IRQHandler              
00000553  PSS_IRQHandler                
00000553  PendSV_Handler                
00000553  RTC_C_IRQHandler              
0000053f  Reset_Handler                 
00000553  SVC_Handler                   
00000553  SysTick_Handler               
000003d5  SystemInit                    
00000553  T32_INT1_IRQHandler           
00000553  T32_INT2_IRQHandler           
00000553  T32_INTC_IRQHandler           
00000553  TA0_0_IRQHandler              
00000553  TA0_N_IRQHandler              
00000553  TA1_0_IRQHandler              
00000553  TA1_N_IRQHandler              
00000553  TA2_0_IRQHandler              
00000553  TA2_N_IRQHandler              
00000553  TA3_0_IRQHandler              
00000553  TA3_N_IRQHandler              
00000553  UsageFault_Handler            
4000480c  WDTCTL_SYM                    
00000553  WDT_A_IRQHandler              
20010000  __STACK_END                   
00000200  __STACK_SIZE                  
00000580  __TI_CINIT_Base               
00000588  __TI_CINIT_Limit              
00000578  __TI_Handler_Table_Base       
00000580  __TI_Handler_Table_Limit      
000004b5  __TI_auto_init_nobinit_nopinit
0000044d  __TI_decompress_lzss          
00000531  __TI_decompress_none          
ffffffff  __TI_pprof_out_hndl           
ffffffff  __TI_prof_data_size           
ffffffff  __TI_prof_data_start          
00000000  __TI_static_base__            
00000339  __aeabi_memcpy                
00000339  __aeabi_memcpy4               
00000339  __aeabi_memcpy8               
ffffffff  __binit__                     
ffffffff  __c_args__                    
UNDEFED   __mpu_init                    
2000fe00  __stack                       
000004f9  _c_int00_noargs               
UNDEFED   _system_post_cinit            
0000054b  _system_pre_init              
0000054f  abort                         
ffffffff  binit                         
00000000  interruptVectors              
000000e5  main                          
00000339  memcpy                        
20000018  pwmConfig                     
20000000  pwmConfig2                    


GLOBAL SYMBOLS: SORTED BY Symbol Address 

address   name                          
-------   ----                          
00000000  __TI_static_base__            
00000000  interruptVectors              
000000e5  main                          
00000200  __STACK_SIZE                  
00000339  __aeabi_memcpy                
00000339  __aeabi_memcpy4               
00000339  __aeabi_memcpy8               
00000339  memcpy                        
000003d5  SystemInit                    
0000044d  __TI_decompress_lzss          
000004b5  __TI_auto_init_nobinit_nopinit
000004f9  _c_int00_noargs               
00000531  __TI_decompress_none          
0000053f  Reset_Handler                 
0000054b  _system_pre_init              
0000054f  C$$EXIT                       
0000054f  abort                         
00000553  ADC14_IRQHandler              
00000553  AES256_IRQHandler             
00000553  BusFault_Handler              
00000553  COMP_E0_IRQHandler            
00000553  COMP_E1_IRQHandler            
00000553  CS_IRQHandler                 
00000553  DMA_ERR_IRQHandler            
00000553  DMA_INT0_IRQHandler           
00000553  DMA_INT1_IRQHandler           
00000553  DMA_INT2_IRQHandler           
00000553  DMA_INT3_IRQHandler           
00000553  DebugMon_Handler              
00000553  Default_Handler               
00000553  EUSCIA0_IRQHandler            
00000553  EUSCIA1_IRQHandler            
00000553  EUSCIA2_IRQHandler            
00000553  EUSCIA3_IRQHandler            
00000553  EUSCIB0_IRQHandler            
00000553  EUSCIB1_IRQHandler            
00000553  EUSCIB2_IRQHandler            
00000553  EUSCIB3_IRQHandler            
00000553  FLCTL_IRQHandler              
00000553  FPU_IRQHandler                
00000553  HardFault_Handler             
00000553  MemManage_Handler             
00000553  NMI_Handler                   
00000553  PCM_IRQHandler                
00000553  PORT1_IRQHandler              
00000553  PORT2_IRQHandler              
00000553  PORT3_IRQHandler              
00000553  PORT4_IRQHandler              
00000553  PORT5_IRQHandler              
00000553  PORT6_IRQHandler              
00000553  PSS_IRQHandler                
00000553  PendSV_Handler                
00000553  RTC_C_IRQHandler              
00000553  SVC_Handler                   
00000553  SysTick_Handler               
00000553  T32_INT1_IRQHandler           
00000553  T32_INT2_IRQHandler           
00000553  T32_INTC_IRQHandler           
00000553  TA0_0_IRQHandler              
00000553  TA0_N_IRQHandler              
00000553  TA1_0_IRQHandler              
00000553  TA1_N_IRQHandler              
00000553  TA2_0_IRQHandler              
00000553  TA2_N_IRQHandler              
00000553  TA3_0_IRQHandler              
00000553  TA3_N_IRQHandler              
00000553  UsageFault_Handler            
00000553  WDT_A_IRQHandler              
00000578  __TI_Handler_Table_Base       
00000580  __TI_CINIT_Base               
00000580  __TI_Handler_Table_Limit      
00000588  __TI_CINIT_Limit              
20000000  pwmConfig2                    
20000018  pwmConfig                     
2000fe00  __stack                       
20010000  __STACK_END                   
4000480c  WDTCTL_SYM                    
ffffffff  __TI_pprof_out_hndl           
ffffffff  __TI_prof_data_size           
ffffffff  __TI_prof_data_start          
ffffffff  __binit__                     
ffffffff  __c_args__                    
ffffffff  binit                         
UNDEFED   __mpu_init                    
UNDEFED   _system_post_cinit            

[85 symbols]
