<?xml version="1.0" encoding="ISO-8859-1" ?>
<link_info>
   <banner>TI ARM Linker PC v18.1.4.LTS</banner>
   <copyright>Copyright (c) 1996-2018 Texas Instruments Incorporated</copyright>
   <link_time>0x5c48005b</link_time>
   <link_errors>0x0</link_errors>
   <output_file>MotorP.out</output_file>
   <entry_point>
      <name>_c_int00_noargs</name>
      <address>0x27c5</address>
   </entry_point>
   <input_file_list>
      <input_file id="fl-2">
         <path>.\</path>
         <kind>object</kind>
         <file>main.obj</file>
         <name>main.obj</name>
      </input_file>
      <input_file id="fl-3">
         <path>.\inc\</path>
         <kind>object</kind>
         <file>ADC.obj</file>
         <name>ADC.obj</name>
      </input_file>
      <input_file id="fl-4">
         <path>.\inc\</path>
         <kind>object</kind>
         <file>Bump.obj</file>
         <name>Bump.obj</name>
      </input_file>
      <input_file id="fl-5">
         <path>.\inc\</path>
         <kind>object</kind>
         <file>Clock.obj</file>
         <name>Clock.obj</name>
      </input_file>
      <input_file id="fl-6">
         <path>.\inc\</path>
         <kind>object</kind>
         <file>CortexM.obj</file>
         <name>CortexM.obj</name>
      </input_file>
      <input_file id="fl-7">
         <path>.\inc\</path>
         <kind>object</kind>
         <file>DAC.obj</file>
         <name>DAC.obj</name>
      </input_file>
      <input_file id="fl-8">
         <path>.\inc\</path>
         <kind>object</kind>
         <file>EUSCIA0.obj</file>
         <name>EUSCIA0.obj</name>
      </input_file>
      <input_file id="fl-9">
         <path>.\inc\</path>
         <kind>object</kind>
         <file>FIFO0.obj</file>
         <name>FIFO0.obj</name>
      </input_file>
      <input_file id="fl-a">
         <path>.\inc\</path>
         <kind>object</kind>
         <file>LaunchPad.obj</file>
         <name>LaunchPad.obj</name>
      </input_file>
      <input_file id="fl-b">
         <path>.\inc\</path>
         <kind>object</kind>
         <file>Motor.obj</file>
         <name>Motor.obj</name>
      </input_file>
      <input_file id="fl-c">
         <path>.\inc\</path>
         <kind>object</kind>
         <file>SysTick.obj</file>
         <name>SysTick.obj</name>
      </input_file>
      <input_file id="fl-d">
         <path>.\inc\</path>
         <kind>object</kind>
         <file>TExaS.obj</file>
         <name>TExaS.obj</name>
      </input_file>
      <input_file id="fl-e">
         <path>.\inc\</path>
         <kind>object</kind>
         <file>Util.obj</file>
         <name>Util.obj</name>
      </input_file>
      <input_file id="fl-f">
         <path>.\inc\</path>
         <kind>object</kind>
         <file>startup_msp432p401r_ccs.obj</file>
         <name>startup_msp432p401r_ccs.obj</name>
      </input_file>
      <input_file id="fl-10">
         <path>.\inc\</path>
         <kind>object</kind>
         <file>system_msp432p401r.obj</file>
         <name>system_msp432p401r.obj</name>
      </input_file>
      <input_file id="fl-14">
         <kind>object</kind>
         <file>&lt;internal&gt;</file>
         <name>&lt;internal&gt;</name>
      </input_file>
      <input_file id="fl-ca">
         <path>C:\ti\ccsv8\tools\compiler\ti-cgt-arm_18.1.4.LTS\lib\</path>
         <kind>archive</kind>
         <file>rtsv7M4_T_le_v4SPD16_eabi.lib</file>
         <name>s_round.c.obj</name>
      </input_file>
      <input_file id="fl-cb">
         <path>C:\ti\ccsv8\tools\compiler\ti-cgt-arm_18.1.4.LTS\lib\</path>
         <kind>archive</kind>
         <file>rtsv7M4_T_le_v4SPD16_eabi.lib</file>
         <name>fd_add_t2.asm.obj</name>
      </input_file>
      <input_file id="fl-cc">
         <path>C:\ti\ccsv8\tools\compiler\ti-cgt-arm_18.1.4.LTS\lib\</path>
         <kind>archive</kind>
         <file>rtsv7M4_T_le_v4SPD16_eabi.lib</file>
         <name>fd_cmp_t2.asm.obj</name>
      </input_file>
      <input_file id="fl-cd">
         <path>C:\ti\ccsv8\tools\compiler\ti-cgt-arm_18.1.4.LTS\lib\</path>
         <kind>archive</kind>
         <file>rtsv7M4_T_le_v4SPD16_eabi.lib</file>
         <name>fd_div_t2.asm.obj</name>
      </input_file>
      <input_file id="fl-ce">
         <path>C:\ti\ccsv8\tools\compiler\ti-cgt-arm_18.1.4.LTS\lib\</path>
         <kind>archive</kind>
         <file>rtsv7M4_T_le_v4SPD16_eabi.lib</file>
         <name>fd_mul_t2.asm.obj</name>
      </input_file>
      <input_file id="fl-cf">
         <path>C:\ti\ccsv8\tools\compiler\ti-cgt-arm_18.1.4.LTS\lib\</path>
         <kind>archive</kind>
         <file>rtsv7M4_T_le_v4SPD16_eabi.lib</file>
         <name>fd_toi_t2.asm.obj</name>
      </input_file>
      <input_file id="fl-d0">
         <path>C:\ti\ccsv8\tools\compiler\ti-cgt-arm_18.1.4.LTS\lib\</path>
         <kind>archive</kind>
         <file>rtsv7M4_T_le_v4SPD16_eabi.lib</file>
         <name>fd_tos_t2.asm.obj</name>
      </input_file>
      <input_file id="fl-d1">
         <path>C:\ti\ccsv8\tools\compiler\ti-cgt-arm_18.1.4.LTS\lib\</path>
         <kind>archive</kind>
         <file>rtsv7M4_T_le_v4SPD16_eabi.lib</file>
         <name>fs_tod_t2.asm.obj</name>
      </input_file>
      <input_file id="fl-d2">
         <path>C:\ti\ccsv8\tools\compiler\ti-cgt-arm_18.1.4.LTS\lib\</path>
         <kind>archive</kind>
         <file>rtsv7M4_T_le_v4SPD16_eabi.lib</file>
         <name>i_tofd_t2.asm.obj</name>
      </input_file>
      <input_file id="fl-d3">
         <path>C:\ti\ccsv8\tools\compiler\ti-cgt-arm_18.1.4.LTS\lib\</path>
         <kind>archive</kind>
         <file>rtsv7M4_T_le_v4SPD16_eabi.lib</file>
         <name>u_tofd_t2.asm.obj</name>
      </input_file>
      <input_file id="fl-d4">
         <path>C:\ti\ccsv8\tools\compiler\ti-cgt-arm_18.1.4.LTS\lib\</path>
         <kind>archive</kind>
         <file>rtsv7M4_T_le_v4SPD16_eabi.lib</file>
         <name>copy_zero_init.c.obj</name>
      </input_file>
      <input_file id="fl-d5">
         <path>C:\ti\ccsv8\tools\compiler\ti-cgt-arm_18.1.4.LTS\lib\</path>
         <kind>archive</kind>
         <file>rtsv7M4_T_le_v4SPD16_eabi.lib</file>
         <name>copy_decompress_none.c.obj</name>
      </input_file>
      <input_file id="fl-d6">
         <path>C:\ti\ccsv8\tools\compiler\ti-cgt-arm_18.1.4.LTS\lib\</path>
         <kind>archive</kind>
         <file>rtsv7M4_T_le_v4SPD16_eabi.lib</file>
         <name>copy_decompress_lzss.c.obj</name>
      </input_file>
      <input_file id="fl-d7">
         <path>C:\ti\ccsv8\tools\compiler\ti-cgt-arm_18.1.4.LTS\lib\</path>
         <kind>archive</kind>
         <file>rtsv7M4_T_le_v4SPD16_eabi.lib</file>
         <name>boot_cortex_m.c.obj</name>
      </input_file>
      <input_file id="fl-d8">
         <path>C:\ti\ccsv8\tools\compiler\ti-cgt-arm_18.1.4.LTS\lib\</path>
         <kind>archive</kind>
         <file>rtsv7M4_T_le_v4SPD16_eabi.lib</file>
         <name>exit.c.obj</name>
      </input_file>
      <input_file id="fl-d9">
         <path>C:\ti\ccsv8\tools\compiler\ti-cgt-arm_18.1.4.LTS\lib\</path>
         <kind>archive</kind>
         <file>rtsv7M4_T_le_v4SPD16_eabi.lib</file>
         <name>_lock.c.obj</name>
      </input_file>
      <input_file id="fl-da">
         <path>C:\ti\ccsv8\tools\compiler\ti-cgt-arm_18.1.4.LTS\lib\</path>
         <kind>archive</kind>
         <file>rtsv7M4_T_le_v4SPD16_eabi.lib</file>
         <name>args_main.c.obj</name>
      </input_file>
      <input_file id="fl-db">
         <path>C:\ti\ccsv8\tools\compiler\ti-cgt-arm_18.1.4.LTS\lib\</path>
         <kind>archive</kind>
         <file>rtsv7M4_T_le_v4SPD16_eabi.lib</file>
         <name>s_floor.c.obj</name>
      </input_file>
      <input_file id="fl-dc">
         <path>C:\ti\ccsv8\tools\compiler\ti-cgt-arm_18.1.4.LTS\lib\</path>
         <kind>archive</kind>
         <file>rtsv7M4_T_le_v4SPD16_eabi.lib</file>
         <name>memcpy_t2.asm.obj</name>
      </input_file>
      <input_file id="fl-dd">
         <path>C:\ti\ccsv8\tools\compiler\ti-cgt-arm_18.1.4.LTS\lib\</path>
         <kind>archive</kind>
         <file>rtsv7M4_T_le_v4SPD16_eabi.lib</file>
         <name>memset_t2.asm.obj</name>
      </input_file>
      <input_file id="fl-de">
         <path>C:\ti\ccsv8\tools\compiler\ti-cgt-arm_18.1.4.LTS\lib\</path>
         <kind>archive</kind>
         <file>rtsv7M4_T_le_v4SPD16_eabi.lib</file>
         <name>autoinit.c.obj</name>
      </input_file>
      <input_file id="fl-df">
         <path>C:\ti\ccsv8\tools\compiler\ti-cgt-arm_18.1.4.LTS\lib\</path>
         <kind>archive</kind>
         <file>rtsv7M4_T_le_v4SPD16_eabi.lib</file>
         <name>pre_init.c.obj</name>
      </input_file>
      <input_file id="fl-e0">
         <path>C:\ti\ccsv8\tools\compiler\ti-cgt-arm_18.1.4.LTS\lib\</path>
         <kind>archive</kind>
         <file>rtsv7M4_T_le_v4SPD16_eabi.lib</file>
         <name>cpy_tbl.c.obj</name>
      </input_file>
   </input_file_list>
   <object_component_list>
      <object_component id="oc-23">
         <name>.intvecs:retain</name>
         <load_address>0x0</load_address>
         <run_address>0x0</run_address>
         <size>0xe4</size>
         <input_file_ref idref="fl-f"/>
      </object_component>
      <object_component id="oc-6a">
         <name>.text</name>
         <load_address>0xe4</load_address>
         <run_address>0xe4</run_address>
         <size>0x940</size>
         <input_file_ref idref="fl-2"/>
      </object_component>
      <object_component id="oc-70">
         <name>.text</name>
         <load_address>0xa24</load_address>
         <run_address>0xa24</run_address>
         <size>0x5b6</size>
         <input_file_ref idref="fl-8"/>
      </object_component>
      <object_component id="oc-d5">
         <name>.text</name>
         <load_address>0xfdc</load_address>
         <run_address>0xfdc</run_address>
         <size>0x404</size>
         <input_file_ref idref="fl-b"/>
      </object_component>
      <object_component id="oc-a8">
         <name>.text</name>
         <load_address>0x13e0</load_address>
         <run_address>0x13e0</run_address>
         <size>0x32c</size>
         <input_file_ref idref="fl-10"/>
      </object_component>
      <object_component id="oc-af">
         <name>.text</name>
         <load_address>0x170c</load_address>
         <run_address>0x170c</run_address>
         <size>0x1ec</size>
         <input_file_ref idref="fl-7"/>
      </object_component>
      <object_component id="oc-f8">
         <name>.text</name>
         <load_address>0x18f8</load_address>
         <run_address>0x18f8</run_address>
         <size>0x1e0</size>
         <input_file_ref idref="fl-5"/>
      </object_component>
      <object_component id="oc-e0">
         <name>.text</name>
         <load_address>0x1ad8</load_address>
         <run_address>0x1ad8</run_address>
         <size>0x1b6</size>
         <input_file_ref idref="fl-cb"/>
      </object_component>
      <object_component id="oc-bb">
         <name>.text</name>
         <load_address>0x1c90</load_address>
         <run_address>0x1c90</run_address>
         <size>0x184</size>
         <input_file_ref idref="fl-3"/>
      </object_component>
      <object_component id="oc-c6">
         <name>.text</name>
         <load_address>0x1e14</load_address>
         <run_address>0x1e14</run_address>
         <size>0x136</size>
         <input_file_ref idref="fl-cd"/>
      </object_component>
      <object_component id="oc-118">
         <name>.text</name>
         <load_address>0x1f4c</load_address>
         <run_address>0x1f4c</run_address>
         <size>0x130</size>
         <input_file_ref idref="fl-9"/>
      </object_component>
      <object_component id="oc-fe">
         <name>.text</name>
         <load_address>0x207c</load_address>
         <run_address>0x207c</run_address>
         <size>0x11c</size>
         <input_file_ref idref="fl-a"/>
      </object_component>
      <object_component id="oc-cb">
         <name>.text</name>
         <load_address>0x2198</load_address>
         <run_address>0x2198</run_address>
         <size>0xfc</size>
         <input_file_ref idref="fl-ce"/>
      </object_component>
      <object_component id="oc-18e">
         <name>.text:floor</name>
         <load_address>0x2294</load_address>
         <run_address>0x2294</run_address>
         <size>0xf8</size>
         <input_file_ref idref="fl-db"/>
      </object_component>
      <object_component id="oc-e5">
         <name>.text:round</name>
         <load_address>0x238c</load_address>
         <run_address>0x238c</run_address>
         <size>0xc0</size>
         <input_file_ref idref="fl-ca"/>
      </object_component>
      <object_component id="oc-34">
         <name>.text</name>
         <load_address>0x244c</load_address>
         <run_address>0x244c</run_address>
         <size>0x9c</size>
         <input_file_ref idref="fl-dc"/>
      </object_component>
      <object_component id="oc-194">
         <name>.text:__aeabi_cdcmple</name>
         <load_address>0x24e8</load_address>
         <run_address>0x24e8</run_address>
         <size>0x86</size>
         <input_file_ref idref="fl-cc"/>
      </object_component>
      <object_component id="oc-1e6">
         <name>.text:__aeabi_cdrcmple</name>
         <load_address>0x256e</load_address>
         <run_address>0x256e</run_address>
         <size>0x86</size>
         <input_file_ref idref="fl-cc"/>
      </object_component>
      <object_component id="oc-d0">
         <name>.text</name>
         <load_address>0x25f4</load_address>
         <run_address>0x25f4</run_address>
         <size>0x6e</size>
         <input_file_ref idref="fl-d0"/>
      </object_component>
      <object_component id="oc-104">
         <name>.text</name>
         <load_address>0x2664</load_address>
         <run_address>0x2664</run_address>
         <size>0x6c</size>
         <input_file_ref idref="fl-c"/>
      </object_component>
      <object_component id="oc-14">
         <name>.text:decompress:lzss:__TI_decompress_lzss</name>
         <load_address>0x26d0</load_address>
         <run_address>0x26d0</run_address>
         <size>0x68</size>
         <input_file_ref idref="fl-d6"/>
      </object_component>
      <object_component id="oc-eb">
         <name>.text</name>
         <load_address>0x2738</load_address>
         <run_address>0x2738</run_address>
         <size>0x48</size>
         <input_file_ref idref="fl-cf"/>
      </object_component>
      <object_component id="oc-146">
         <name>.text:__TI_auto_init_nobinit_nopinit:__TI_auto_init_nobinit_nopinit</name>
         <load_address>0x2780</load_address>
         <run_address>0x2780</run_address>
         <size>0x44</size>
         <input_file_ref idref="fl-de"/>
      </object_component>
      <object_component id="oc-52">
         <name>.text:_c_int00_noargs:_c_int00_noargs</name>
         <load_address>0x27c4</load_address>
         <run_address>0x27c4</run_address>
         <size>0x38</size>
         <input_file_ref idref="fl-d7"/>
      </object_component>
      <object_component id="oc-db">
         <name>.text</name>
         <load_address>0x27fc</load_address>
         <run_address>0x27fc</run_address>
         <size>0x38</size>
         <input_file_ref idref="fl-d1"/>
      </object_component>
      <object_component id="oc-f3">
         <name>.text</name>
         <load_address>0x2834</load_address>
         <run_address>0x2834</run_address>
         <size>0x2e</size>
         <input_file_ref idref="fl-d2"/>
      </object_component>
      <object_component id="oc-10a">
         <name>.text</name>
         <load_address>0x2862</load_address>
         <run_address>0x2862</run_address>
         <size>0x24</size>
         <input_file_ref idref="fl-6"/>
      </object_component>
      <object_component id="oc-c1">
         <name>.text</name>
         <load_address>0x2886</load_address>
         <run_address>0x2886</run_address>
         <size>0x20</size>
         <input_file_ref idref="fl-d3"/>
      </object_component>
      <object_component id="oc-b5">
         <name>.text</name>
         <load_address>0x28a6</load_address>
         <run_address>0x28a6</run_address>
         <size>0x12</size>
         <input_file_ref idref="fl-e"/>
      </object_component>
      <object_component id="oc-40">
         <name>.text:decompress:ZI:__TI_zero_init_nomemset:__TI_zero_init_nomemset</name>
         <load_address>0x28b8</load_address>
         <run_address>0x28b8</run_address>
         <size>0x12</size>
         <input_file_ref idref="fl-d4"/>
      </object_component>
      <object_component id="oc-1a">
         <name>.text:decompress:none:__TI_decompress_none</name>
         <load_address>0x28ca</load_address>
         <run_address>0x28ca</run_address>
         <size>0xe</size>
         <input_file_ref idref="fl-d5"/>
      </object_component>
      <object_component id="oc-64">
         <name>.text</name>
         <load_address>0x28d8</load_address>
         <run_address>0x28d8</run_address>
         <size>0xe</size>
         <input_file_ref idref="fl-f"/>
      </object_component>
      <object_component id="oc-96">
         <name>.text:_system_pre_init</name>
         <load_address>0x28e6</load_address>
         <run_address>0x28e6</run_address>
         <size>0x4</size>
         <input_file_ref idref="fl-df"/>
      </object_component>
      <object_component id="oc-13a">
         <name>.text:abort:abort</name>
         <load_address>0x28ea</load_address>
         <run_address>0x28ea</run_address>
         <size>0x4</size>
         <input_file_ref idref="fl-d8"/>
      </object_component>
      <object_component id="oc-260">
         <name>.cinit..data.load</name>
         <load_address>0x28f0</load_address>
         <run_address>0x28f0</run_address>
         <size>0x1e</size>
      </object_component>
      <object_component id="oc-25e">
         <name>__TI_handler_table</name>
         <load_address>0x2910</load_address>
         <run_address>0x2910</run_address>
         <size>0xc</size>
      </object_component>
      <object_component id="oc-261">
         <name>.cinit..bss.load</name>
         <load_address>0x2920</load_address>
         <run_address>0x2920</run_address>
         <size>0x8</size>
      </object_component>
      <object_component id="oc-25f">
         <name>__TI_cinit_table</name>
         <load_address>0x2928</load_address>
         <run_address>0x2928</run_address>
         <size>0x10</size>
      </object_component>
      <object_component id="oc-233">
         <name>.binit</name>
         <load_address>0x0</load_address>
         <run_address>0x0</run_address>
         <size>0x0</size>
      </object_component>
      <object_component id="oc-f0">
         <name>.data</name>
         <load_address>0x2000017c</load_address>
         <run_address>0x2000017c</run_address>
         <size>0x3c</size>
         <input_file_ref idref="fl-2"/>
      </object_component>
      <object_component id="oc-19f">
         <name>.data</name>
         <load_address>0x200001b8</load_address>
         <run_address>0x200001b8</run_address>
         <size>0x18</size>
         <input_file_ref idref="fl-5"/>
      </object_component>
      <object_component id="oc-178">
         <name>.data</name>
         <load_address>0x200001d0</load_address>
         <run_address>0x200001d0</run_address>
         <size>0x4</size>
         <input_file_ref idref="fl-10"/>
      </object_component>
      <object_component id="oc-187">
         <name>.common:motorStartSysTickCountLeft</name>
         <uninitialized>true</uninitialized>
         <run_address>0x20000170</run_address>
         <size>0x4</size>
      </object_component>
      <object_component id="oc-18a">
         <name>.common:motorStartSysTickCountRight</name>
         <uninitialized>true</uninitialized>
         <run_address>0x20000174</run_address>
         <size>0x4</size>
      </object_component>
      <object_component id="oc-17e">
         <name>.common:mems</name>
         <uninitialized>true</uninitialized>
         <run_address>0x20000140</run_address>
         <size>0x20</size>
      </object_component>
      <object_component id="oc-181">
         <name>.common:memMask</name>
         <uninitialized>true</uninitialized>
         <run_address>0x2000016c</run_address>
         <size>0x4</size>
      </object_component>
      <object_component id="oc-121">
         <name>.common:Messageindexc</name>
         <uninitialized>true</uninitialized>
         <run_address>0x20000168</run_address>
         <size>0x4</size>
      </object_component>
      <object_component id="oc-11e">
         <name>.common:Messagec</name>
         <uninitialized>true</uninitialized>
         <run_address>0x20000160</run_address>
         <size>0x8</size>
      </object_component>
      <object_component id="oc-1bc">
         <name>.common:FIFO</name>
         <uninitialized>true</uninitialized>
         <run_address>0x20000100</run_address>
         <size>0x40</size>
      </object_component>
      <object_component id="oc-1b7">
         <name>.common:pushI</name>
         <uninitialized>true</uninitialized>
         <run_address>0x2000017a</run_address>
         <size>0x2</size>
      </object_component>
      <object_component id="oc-1ba">
         <name>.common:popI</name>
         <uninitialized>true</uninitialized>
         <run_address>0x20000178</run_address>
         <size>0x2</size>
      </object_component>
      <object_component id="oc-1bb">
         <name>.common:TxHistogram</name>
         <uninitialized>true</uninitialized>
         <run_address>0x20000000</run_address>
         <size>0x100</size>
      </object_component>
      <object_component id="oc-26">
         <name>.stack</name>
         <uninitialized>true</uninitialized>
         <run_address>0x2000fe00</run_address>
         <size>0x4</size>
         <input_file_ref idref="fl-d7"/>
      </object_component>
      <object_component id="oc-262">
         <name>.stack</name>
         <uninitialized>true</uninitialized>
         <run_address>0x2000fe00</run_address>
         <size>0x0</size>
      </object_component>
      <object_component id="oc-116">
         <name>.debug_info</name>
         <load_address>0x0</load_address>
         <run_address>0x0</run_address>
         <size>0x8d2</size>
         <input_file_ref idref="fl-2"/>
      </object_component>
      <object_component id="oc-f1">
         <name>.debug_info</name>
         <load_address>0x8d2</load_address>
         <run_address>0x8d2</run_address>
         <size>0x43b</size>
         <input_file_ref idref="fl-2"/>
      </object_component>
      <object_component id="oc-6b">
         <name>.debug_info</name>
         <load_address>0xd0d</load_address>
         <run_address>0xd0d</run_address>
         <size>0x119f</size>
         <input_file_ref idref="fl-2"/>
      </object_component>
      <object_component id="oc-1ad">
         <name>.debug_info</name>
         <load_address>0x1eac</load_address>
         <run_address>0x1eac</run_address>
         <size>0x37e2</size>
         <input_file_ref idref="fl-2"/>
      </object_component>
      <object_component id="oc-1b2">
         <name>.debug_info</name>
         <load_address>0x568e</load_address>
         <run_address>0x568e</run_address>
         <size>0x1055</size>
         <input_file_ref idref="fl-2"/>
      </object_component>
      <object_component id="oc-125">
         <name>.debug_info</name>
         <load_address>0x66e3</load_address>
         <run_address>0x66e3</run_address>
         <size>0x26b</size>
         <input_file_ref idref="fl-2"/>
      </object_component>
      <object_component id="oc-2f">
         <name>.debug_info</name>
         <load_address>0x694e</load_address>
         <run_address>0x694e</run_address>
         <size>0x84</size>
         <input_file_ref idref="fl-2"/>
      </object_component>
      <object_component id="oc-1a6">
         <name>.debug_info</name>
         <load_address>0x69d2</load_address>
         <run_address>0x69d2</run_address>
         <size>0x297</size>
         <input_file_ref idref="fl-2"/>
      </object_component>
      <object_component id="oc-111">
         <name>.debug_info</name>
         <load_address>0x6c69</load_address>
         <run_address>0x6c69</run_address>
         <size>0xbb</size>
         <input_file_ref idref="fl-2"/>
      </object_component>
      <object_component id="oc-17f">
         <name>.debug_info</name>
         <load_address>0x6d24</load_address>
         <run_address>0x6d24</run_address>
         <size>0x584</size>
         <input_file_ref idref="fl-3"/>
      </object_component>
      <object_component id="oc-bc">
         <name>.debug_info</name>
         <load_address>0x72a8</load_address>
         <run_address>0x72a8</run_address>
         <size>0x4a3</size>
         <input_file_ref idref="fl-3"/>
      </object_component>
      <object_component id="oc-1a0">
         <name>.debug_info</name>
         <load_address>0x774b</load_address>
         <run_address>0x774b</run_address>
         <size>0x180</size>
         <input_file_ref idref="fl-5"/>
      </object_component>
      <object_component id="oc-fc">
         <name>.debug_info</name>
         <load_address>0x78cb</load_address>
         <run_address>0x78cb</run_address>
         <size>0x2cc</size>
         <input_file_ref idref="fl-5"/>
      </object_component>
      <object_component id="oc-10b">
         <name>.debug_info</name>
         <load_address>0x7b97</load_address>
         <run_address>0x7b97</run_address>
         <size>0x28d</size>
         <input_file_ref idref="fl-6"/>
      </object_component>
      <object_component id="oc-b0">
         <name>.debug_info</name>
         <load_address>0x7e24</load_address>
         <run_address>0x7e24</run_address>
         <size>0x5f8</size>
         <input_file_ref idref="fl-7"/>
      </object_component>
      <object_component id="oc-11f">
         <name>.debug_info</name>
         <load_address>0x841c</load_address>
         <run_address>0x841c</run_address>
         <size>0x656</size>
         <input_file_ref idref="fl-8"/>
      </object_component>
      <object_component id="oc-71">
         <name>.debug_info</name>
         <load_address>0x8a72</load_address>
         <run_address>0x8a72</run_address>
         <size>0xe39</size>
         <input_file_ref idref="fl-8"/>
      </object_component>
      <object_component id="oc-1b8">
         <name>.debug_info</name>
         <load_address>0x98ab</load_address>
         <run_address>0x98ab</run_address>
         <size>0x2ef</size>
         <input_file_ref idref="fl-9"/>
      </object_component>
      <object_component id="oc-11b">
         <name>.debug_info</name>
         <load_address>0x9b9a</load_address>
         <run_address>0x9b9a</run_address>
         <size>0x45d</size>
         <input_file_ref idref="fl-9"/>
      </object_component>
      <object_component id="oc-100">
         <name>.debug_info</name>
         <load_address>0x9ff7</load_address>
         <run_address>0x9ff7</run_address>
         <size>0x28a</size>
         <input_file_ref idref="fl-a"/>
      </object_component>
      <object_component id="oc-188">
         <name>.debug_info</name>
         <load_address>0xa281</load_address>
         <run_address>0xa281</run_address>
         <size>0x602</size>
         <input_file_ref idref="fl-b"/>
      </object_component>
      <object_component id="oc-d7">
         <name>.debug_info</name>
         <load_address>0xa883</load_address>
         <run_address>0xa883</run_address>
         <size>0xd14</size>
         <input_file_ref idref="fl-b"/>
      </object_component>
      <object_component id="oc-107">
         <name>.debug_info</name>
         <load_address>0xb597</load_address>
         <run_address>0xb597</run_address>
         <size>0x236</size>
         <input_file_ref idref="fl-c"/>
      </object_component>
      <object_component id="oc-b6">
         <name>.debug_info</name>
         <load_address>0xb7cd</load_address>
         <run_address>0xb7cd</run_address>
         <size>0x126</size>
         <input_file_ref idref="fl-e"/>
      </object_component>
      <object_component id="oc-78">
         <name>.debug_info</name>
         <load_address>0xb8f3</load_address>
         <run_address>0xb8f3</run_address>
         <size>0x2c3</size>
         <input_file_ref idref="fl-f"/>
      </object_component>
      <object_component id="oc-24">
         <name>.debug_info</name>
         <load_address>0xbbb6</load_address>
         <run_address>0xbbb6</run_address>
         <size>0xef</size>
         <input_file_ref idref="fl-f"/>
      </object_component>
      <object_component id="oc-65">
         <name>.debug_info</name>
         <load_address>0xbca5</load_address>
         <run_address>0xbca5</run_address>
         <size>0x1c6</size>
         <input_file_ref idref="fl-f"/>
      </object_component>
      <object_component id="oc-179">
         <name>.debug_info</name>
         <load_address>0xbe6b</load_address>
         <run_address>0xbe6b</run_address>
         <size>0xe8</size>
         <input_file_ref idref="fl-10"/>
      </object_component>
      <object_component id="oc-a9">
         <name>.debug_info</name>
         <load_address>0xbf53</load_address>
         <run_address>0xbf53</run_address>
         <size>0x26a</size>
         <input_file_ref idref="fl-10"/>
      </object_component>
      <object_component id="oc-19a">
         <name>.debug_info</name>
         <load_address>0xc1bd</load_address>
         <run_address>0xc1bd</run_address>
         <size>0x2b0</size>
         <input_file_ref idref="fl-ca"/>
      </object_component>
      <object_component id="oc-e6">
         <name>.debug_info</name>
         <load_address>0xc46d</load_address>
         <run_address>0xc46d</run_address>
         <size>0x219</size>
         <input_file_ref idref="fl-ca"/>
      </object_component>
      <object_component id="oc-e2">
         <name>.debug_info</name>
         <load_address>0xc686</load_address>
         <run_address>0xc686</run_address>
         <size>0x14f</size>
         <input_file_ref idref="fl-cb"/>
      </object_component>
      <object_component id="oc-196">
         <name>.debug_info</name>
         <load_address>0xc7d5</load_address>
         <run_address>0xc7d5</run_address>
         <size>0x12b</size>
         <input_file_ref idref="fl-cc"/>
      </object_component>
      <object_component id="oc-1e7">
         <name>.debug_info</name>
         <load_address>0xc900</load_address>
         <run_address>0xc900</run_address>
         <size>0x12d</size>
         <input_file_ref idref="fl-cc"/>
      </object_component>
      <object_component id="oc-c9">
         <name>.debug_info</name>
         <load_address>0xca2d</load_address>
         <run_address>0xca2d</run_address>
         <size>0x13d</size>
         <input_file_ref idref="fl-cd"/>
      </object_component>
      <object_component id="oc-ce">
         <name>.debug_info</name>
         <load_address>0xcb6a</load_address>
         <run_address>0xcb6a</run_address>
         <size>0x13d</size>
         <input_file_ref idref="fl-ce"/>
      </object_component>
      <object_component id="oc-ec">
         <name>.debug_info</name>
         <load_address>0xcca7</load_address>
         <run_address>0xcca7</run_address>
         <size>0x131</size>
         <input_file_ref idref="fl-cf"/>
      </object_component>
      <object_component id="oc-d2">
         <name>.debug_info</name>
         <load_address>0xcdd8</load_address>
         <run_address>0xcdd8</run_address>
         <size>0x141</size>
         <input_file_ref idref="fl-d0"/>
      </object_component>
      <object_component id="oc-dc">
         <name>.debug_info</name>
         <load_address>0xcf19</load_address>
         <run_address>0xcf19</run_address>
         <size>0x12f</size>
         <input_file_ref idref="fl-d1"/>
      </object_component>
      <object_component id="oc-f6">
         <name>.debug_info</name>
         <load_address>0xd048</load_address>
         <run_address>0xd048</run_address>
         <size>0x12f</size>
         <input_file_ref idref="fl-d2"/>
      </object_component>
      <object_component id="oc-c2">
         <name>.debug_info</name>
         <load_address>0xd177</load_address>
         <run_address>0xd177</run_address>
         <size>0x131</size>
         <input_file_ref idref="fl-d3"/>
      </object_component>
      <object_component id="oc-8f">
         <name>.debug_info</name>
         <load_address>0xd2a8</load_address>
         <run_address>0xd2a8</run_address>
         <size>0x31e</size>
         <input_file_ref idref="fl-d4"/>
      </object_component>
      <object_component id="oc-41">
         <name>.debug_info</name>
         <load_address>0xd5c6</load_address>
         <run_address>0xd5c6</run_address>
         <size>0x1bf</size>
         <input_file_ref idref="fl-d4"/>
      </object_component>
      <object_component id="oc-8a">
         <name>.debug_info</name>
         <load_address>0xd785</load_address>
         <run_address>0xd785</run_address>
         <size>0x46</size>
         <input_file_ref idref="fl-d4"/>
      </object_component>
      <object_component id="oc-131">
         <name>.debug_info</name>
         <load_address>0xd7cb</load_address>
         <run_address>0xd7cb</run_address>
         <size>0x2c</size>
         <input_file_ref idref="fl-d4"/>
      </object_component>
      <object_component id="oc-3f">
         <name>.debug_info</name>
         <load_address>0xd7f7</load_address>
         <run_address>0xd7f7</run_address>
         <size>0x2a8</size>
         <input_file_ref idref="fl-d5"/>
      </object_component>
      <object_component id="oc-1b">
         <name>.debug_info</name>
         <load_address>0xda9f</load_address>
         <run_address>0xda9f</run_address>
         <size>0x1ea</size>
         <input_file_ref idref="fl-d5"/>
      </object_component>
      <object_component id="oc-3a">
         <name>.debug_info</name>
         <load_address>0xdc89</load_address>
         <run_address>0xdc89</run_address>
         <size>0x46</size>
         <input_file_ref idref="fl-d5"/>
      </object_component>
      <object_component id="oc-82">
         <name>.debug_info</name>
         <load_address>0xdccf</load_address>
         <run_address>0xdccf</run_address>
         <size>0x2c</size>
         <input_file_ref idref="fl-d5"/>
      </object_component>
      <object_component id="oc-80">
         <name>.debug_info</name>
         <load_address>0xdcfb</load_address>
         <run_address>0xdcfb</run_address>
         <size>0x29e</size>
         <input_file_ref idref="fl-d6"/>
      </object_component>
      <object_component id="oc-18">
         <name>.debug_info</name>
         <load_address>0xdf99</load_address>
         <run_address>0xdf99</run_address>
         <size>0x250</size>
         <input_file_ref idref="fl-d6"/>
      </object_component>
      <object_component id="oc-2a">
         <name>.debug_info</name>
         <load_address>0xe1e9</load_address>
         <run_address>0xe1e9</run_address>
         <size>0x60</size>
         <input_file_ref idref="fl-d6"/>
      </object_component>
      <object_component id="oc-12a">
         <name>.debug_info</name>
         <load_address>0xe249</load_address>
         <run_address>0xe249</run_address>
         <size>0x46</size>
         <input_file_ref idref="fl-d6"/>
      </object_component>
      <object_component id="oc-7b">
         <name>.debug_info</name>
         <load_address>0xe28f</load_address>
         <run_address>0xe28f</run_address>
         <size>0x39</size>
         <input_file_ref idref="fl-d6"/>
      </object_component>
      <object_component id="oc-27">
         <name>.debug_info</name>
         <load_address>0xe2c8</load_address>
         <run_address>0xe2c8</run_address>
         <size>0x10b</size>
         <input_file_ref idref="fl-d7"/>
      </object_component>
      <object_component id="oc-54">
         <name>.debug_info</name>
         <load_address>0xe3d3</load_address>
         <run_address>0xe3d3</run_address>
         <size>0x1af</size>
         <input_file_ref idref="fl-d7"/>
      </object_component>
      <object_component id="oc-13e">
         <name>.debug_info</name>
         <load_address>0xe582</load_address>
         <run_address>0xe582</run_address>
         <size>0x122</size>
         <input_file_ref idref="fl-d8"/>
      </object_component>
      <object_component id="oc-1f1">
         <name>.debug_info</name>
         <load_address>0xe6a4</load_address>
         <run_address>0xe6a4</run_address>
         <size>0x28f</size>
         <input_file_ref idref="fl-db"/>
      </object_component>
      <object_component id="oc-190">
         <name>.debug_info</name>
         <load_address>0xe933</load_address>
         <run_address>0xe933</run_address>
         <size>0x22a</size>
         <input_file_ref idref="fl-db"/>
      </object_component>
      <object_component id="oc-21b">
         <name>.debug_info</name>
         <load_address>0xeb5d</load_address>
         <run_address>0xeb5d</run_address>
         <size>0x46</size>
         <input_file_ref idref="fl-db"/>
      </object_component>
      <object_component id="oc-1ec">
         <name>.debug_info</name>
         <load_address>0xeba3</load_address>
         <run_address>0xeba3</run_address>
         <size>0x39</size>
         <input_file_ref idref="fl-db"/>
      </object_component>
      <object_component id="oc-36">
         <name>.debug_info</name>
         <load_address>0xebdc</load_address>
         <run_address>0xebdc</run_address>
         <size>0x11c</size>
         <input_file_ref idref="fl-dc"/>
      </object_component>
      <object_component id="oc-1cb">
         <name>.debug_info</name>
         <load_address>0xecf8</load_address>
         <run_address>0xecf8</run_address>
         <size>0x552</size>
         <input_file_ref idref="fl-de"/>
      </object_component>
      <object_component id="oc-147">
         <name>.debug_info</name>
         <load_address>0xf24a</load_address>
         <run_address>0xf24a</run_address>
         <size>0x1a6</size>
         <input_file_ref idref="fl-de"/>
      </object_component>
      <object_component id="oc-209">
         <name>.debug_info</name>
         <load_address>0xf3f0</load_address>
         <run_address>0xf3f0</run_address>
         <size>0x39</size>
         <input_file_ref idref="fl-de"/>
      </object_component>
      <object_component id="oc-225">
         <name>.debug_info</name>
         <load_address>0xf429</load_address>
         <run_address>0xf429</run_address>
         <size>0x39</size>
         <input_file_ref idref="fl-de"/>
      </object_component>
      <object_component id="oc-20e">
         <name>.debug_info</name>
         <load_address>0xf462</load_address>
         <run_address>0xf462</run_address>
         <size>0x39</size>
         <input_file_ref idref="fl-de"/>
      </object_component>
      <object_component id="oc-213">
         <name>.debug_info</name>
         <load_address>0xf49b</load_address>
         <run_address>0xf49b</run_address>
         <size>0xcd</size>
         <input_file_ref idref="fl-de"/>
      </object_component>
      <object_component id="oc-98">
         <name>.debug_info</name>
         <load_address>0xf568</load_address>
         <run_address>0xf568</run_address>
         <size>0x153</size>
         <input_file_ref idref="fl-df"/>
      </object_component>
      <object_component id="oc-263">
         <name>.debug_info</name>
         <load_address>0xf6bb</load_address>
         <run_address>0xf6bb</run_address>
         <size>0x9a</size>
      </object_component>
      <object_component id="oc-1ac">
         <name>.debug_line</name>
         <load_address>0x0</load_address>
         <run_address>0x0</run_address>
         <size>0x245</size>
         <input_file_ref idref="fl-2"/>
      </object_component>
      <object_component id="oc-19d">
         <name>.debug_line</name>
         <load_address>0x245</load_address>
         <run_address>0x245</run_address>
         <size>0x2d</size>
         <input_file_ref idref="fl-2"/>
      </object_component>
      <object_component id="oc-6f">
         <name>.debug_line</name>
         <load_address>0x272</load_address>
         <run_address>0x272</run_address>
         <size>0x281</size>
         <input_file_ref idref="fl-2"/>
      </object_component>
      <object_component id="oc-1b0">
         <name>.debug_line</name>
         <load_address>0x4f3</load_address>
         <run_address>0x4f3</run_address>
         <size>0x52</size>
         <input_file_ref idref="fl-2"/>
      </object_component>
      <object_component id="oc-1b5">
         <name>.debug_line</name>
         <load_address>0x545</load_address>
         <run_address>0x545</run_address>
         <size>0x55</size>
         <input_file_ref idref="fl-2"/>
      </object_component>
      <object_component id="oc-128">
         <name>.debug_line</name>
         <load_address>0x59a</load_address>
         <run_address>0x59a</run_address>
         <size>0x69</size>
         <input_file_ref idref="fl-2"/>
      </object_component>
      <object_component id="oc-32">
         <name>.debug_line</name>
         <load_address>0x603</load_address>
         <run_address>0x603</run_address>
         <size>0x20</size>
         <input_file_ref idref="fl-2"/>
      </object_component>
      <object_component id="oc-1a9">
         <name>.debug_line</name>
         <load_address>0x623</load_address>
         <run_address>0x623</run_address>
         <size>0x6d</size>
         <input_file_ref idref="fl-2"/>
      </object_component>
      <object_component id="oc-114">
         <name>.debug_line</name>
         <load_address>0x690</load_address>
         <run_address>0x690</run_address>
         <size>0x6a</size>
         <input_file_ref idref="fl-2"/>
      </object_component>
      <object_component id="oc-1e3">
         <name>.debug_line</name>
         <load_address>0x6fa</load_address>
         <run_address>0x6fa</run_address>
         <size>0x41</size>
         <input_file_ref idref="fl-3"/>
      </object_component>
      <object_component id="oc-bf">
         <name>.debug_line</name>
         <load_address>0x73b</load_address>
         <run_address>0x73b</run_address>
         <size>0x131</size>
         <input_file_ref idref="fl-3"/>
      </object_component>
      <object_component id="oc-1f6">
         <name>.debug_line</name>
         <load_address>0x86c</load_address>
         <run_address>0x86c</run_address>
         <size>0x32</size>
         <input_file_ref idref="fl-5"/>
      </object_component>
      <object_component id="oc-fa">
         <name>.debug_line</name>
         <load_address>0x89e</load_address>
         <run_address>0x89e</run_address>
         <size>0xff</size>
         <input_file_ref idref="fl-5"/>
      </object_component>
      <object_component id="oc-10e">
         <name>.debug_line</name>
         <load_address>0x99d</load_address>
         <run_address>0x99d</run_address>
         <size>0xb6</size>
         <input_file_ref idref="fl-6"/>
      </object_component>
      <object_component id="oc-b3">
         <name>.debug_line</name>
         <load_address>0xa53</load_address>
         <run_address>0xa53</run_address>
         <size>0x143</size>
         <input_file_ref idref="fl-7"/>
      </object_component>
      <object_component id="oc-1bf">
         <name>.debug_line</name>
         <load_address>0xb96</load_address>
         <run_address>0xb96</run_address>
         <size>0x46</size>
         <input_file_ref idref="fl-8"/>
      </object_component>
      <object_component id="oc-74">
         <name>.debug_line</name>
         <load_address>0xbdc</load_address>
         <run_address>0xbdc</run_address>
         <size>0x3af</size>
         <input_file_ref idref="fl-8"/>
      </object_component>
      <object_component id="oc-1f8">
         <name>.debug_line</name>
         <load_address>0xf8b</load_address>
         <run_address>0xf8b</run_address>
         <size>0x32</size>
         <input_file_ref idref="fl-9"/>
      </object_component>
      <object_component id="oc-11a">
         <name>.debug_line</name>
         <load_address>0xfbd</load_address>
         <run_address>0xfbd</run_address>
         <size>0x130</size>
         <input_file_ref idref="fl-9"/>
      </object_component>
      <object_component id="oc-ff">
         <name>.debug_line</name>
         <load_address>0x10ed</load_address>
         <run_address>0x10ed</run_address>
         <size>0xab</size>
         <input_file_ref idref="fl-a"/>
      </object_component>
      <object_component id="oc-1e5">
         <name>.debug_line</name>
         <load_address>0x1198</load_address>
         <run_address>0x1198</run_address>
         <size>0x46</size>
         <input_file_ref idref="fl-b"/>
      </object_component>
      <object_component id="oc-da">
         <name>.debug_line</name>
         <load_address>0x11de</load_address>
         <run_address>0x11de</run_address>
         <size>0x283</size>
         <input_file_ref idref="fl-b"/>
      </object_component>
      <object_component id="oc-106">
         <name>.debug_line</name>
         <load_address>0x1461</load_address>
         <run_address>0x1461</run_address>
         <size>0x9b</size>
         <input_file_ref idref="fl-c"/>
      </object_component>
      <object_component id="oc-b9">
         <name>.debug_line</name>
         <load_address>0x14fc</load_address>
         <run_address>0x14fc</run_address>
         <size>0x48</size>
         <input_file_ref idref="fl-e"/>
      </object_component>
      <object_component id="oc-124">
         <name>.debug_line</name>
         <load_address>0x1544</load_address>
         <run_address>0x1544</run_address>
         <size>0x44</size>
         <input_file_ref idref="fl-f"/>
      </object_component>
      <object_component id="oc-77">
         <name>.debug_line</name>
         <load_address>0x1588</load_address>
         <run_address>0x1588</run_address>
         <size>0x44</size>
         <input_file_ref idref="fl-f"/>
      </object_component>
      <object_component id="oc-69">
         <name>.debug_line</name>
         <load_address>0x15cc</load_address>
         <run_address>0x15cc</run_address>
         <size>0x75</size>
         <input_file_ref idref="fl-f"/>
      </object_component>
      <object_component id="oc-1e1">
         <name>.debug_line</name>
         <load_address>0x1641</load_address>
         <run_address>0x1641</run_address>
         <size>0x3f</size>
         <input_file_ref idref="fl-10"/>
      </object_component>
      <object_component id="oc-ad">
         <name>.debug_line</name>
         <load_address>0x1680</load_address>
         <run_address>0x1680</run_address>
         <size>0x14a</size>
         <input_file_ref idref="fl-10"/>
      </object_component>
      <object_component id="oc-1f4">
         <name>.debug_line</name>
         <load_address>0x17ca</load_address>
         <run_address>0x17ca</run_address>
         <size>0x2a</size>
         <input_file_ref idref="fl-ca"/>
      </object_component>
      <object_component id="oc-e9">
         <name>.debug_line</name>
         <load_address>0x17f4</load_address>
         <run_address>0x17f4</run_address>
         <size>0x8c</size>
         <input_file_ref idref="fl-ca"/>
      </object_component>
      <object_component id="oc-e1">
         <name>.debug_line</name>
         <load_address>0x1880</load_address>
         <run_address>0x1880</run_address>
         <size>0xd2</size>
         <input_file_ref idref="fl-cb"/>
      </object_component>
      <object_component id="oc-195">
         <name>.debug_line</name>
         <load_address>0x1952</load_address>
         <run_address>0x1952</run_address>
         <size>0x77</size>
         <input_file_ref idref="fl-cc"/>
      </object_component>
      <object_component id="oc-1ea">
         <name>.debug_line</name>
         <load_address>0x19c9</load_address>
         <run_address>0x19c9</run_address>
         <size>0x77</size>
         <input_file_ref idref="fl-cc"/>
      </object_component>
      <object_component id="oc-c7">
         <name>.debug_line</name>
         <load_address>0x1a40</load_address>
         <run_address>0x1a40</run_address>
         <size>0xa8</size>
         <input_file_ref idref="fl-cd"/>
      </object_component>
      <object_component id="oc-cd">
         <name>.debug_line</name>
         <load_address>0x1ae8</load_address>
         <run_address>0x1ae8</run_address>
         <size>0x8e</size>
         <input_file_ref idref="fl-ce"/>
      </object_component>
      <object_component id="oc-ef">
         <name>.debug_line</name>
         <load_address>0x1b76</load_address>
         <run_address>0x1b76</run_address>
         <size>0x5a</size>
         <input_file_ref idref="fl-cf"/>
      </object_component>
      <object_component id="oc-d1">
         <name>.debug_line</name>
         <load_address>0x1bd0</load_address>
         <run_address>0x1bd0</run_address>
         <size>0x67</size>
         <input_file_ref idref="fl-d0"/>
      </object_component>
      <object_component id="oc-df">
         <name>.debug_line</name>
         <load_address>0x1c37</load_address>
         <run_address>0x1c37</run_address>
         <size>0x57</size>
         <input_file_ref idref="fl-d1"/>
      </object_component>
      <object_component id="oc-f4">
         <name>.debug_line</name>
         <load_address>0x1c8e</load_address>
         <run_address>0x1c8e</run_address>
         <size>0x50</size>
         <input_file_ref idref="fl-d2"/>
      </object_component>
      <object_component id="oc-c5">
         <name>.debug_line</name>
         <load_address>0x1cde</load_address>
         <run_address>0x1cde</run_address>
         <size>0x4c</size>
         <input_file_ref idref="fl-d3"/>
      </object_component>
      <object_component id="oc-137">
         <name>.debug_line</name>
         <load_address>0x1d2a</load_address>
         <run_address>0x1d2a</run_address>
         <size>0xa9</size>
         <input_file_ref idref="fl-d4"/>
      </object_component>
      <object_component id="oc-44">
         <name>.debug_line</name>
         <load_address>0x1dd3</load_address>
         <run_address>0x1dd3</run_address>
         <size>0x4f</size>
         <input_file_ref idref="fl-d4"/>
      </object_component>
      <object_component id="oc-8d">
         <name>.debug_line</name>
         <load_address>0x1e22</load_address>
         <run_address>0x1e22</run_address>
         <size>0x34</size>
         <input_file_ref idref="fl-d4"/>
      </object_component>
      <object_component id="oc-134">
         <name>.debug_line</name>
         <load_address>0x1e56</load_address>
         <run_address>0x1e56</run_address>
         <size>0x95</size>
         <input_file_ref idref="fl-d4"/>
      </object_component>
      <object_component id="oc-88">
         <name>.debug_line</name>
         <load_address>0x1eeb</load_address>
         <run_address>0x1eeb</run_address>
         <size>0x20</size>
         <input_file_ref idref="fl-d5"/>
      </object_component>
      <object_component id="oc-1e">
         <name>.debug_line</name>
         <load_address>0x1f0b</load_address>
         <run_address>0x1f0b</run_address>
         <size>0x55</size>
         <input_file_ref idref="fl-d5"/>
      </object_component>
      <object_component id="oc-3d">
         <name>.debug_line</name>
         <load_address>0x1f60</load_address>
         <run_address>0x1f60</run_address>
         <size>0x3a</size>
         <input_file_ref idref="fl-d5"/>
      </object_component>
      <object_component id="oc-85">
         <name>.debug_line</name>
         <load_address>0x1f9a</load_address>
         <run_address>0x1f9a</run_address>
         <size>0x95</size>
         <input_file_ref idref="fl-d5"/>
      </object_component>
      <object_component id="oc-130">
         <name>.debug_line</name>
         <load_address>0x202f</load_address>
         <run_address>0x202f</run_address>
         <size>0x20</size>
         <input_file_ref idref="fl-d6"/>
      </object_component>
      <object_component id="oc-17">
         <name>.debug_line</name>
         <load_address>0x204f</load_address>
         <run_address>0x204f</run_address>
         <size>0xa9</size>
         <input_file_ref idref="fl-d6"/>
      </object_component>
      <object_component id="oc-2d">
         <name>.debug_line</name>
         <load_address>0x20f8</load_address>
         <run_address>0x20f8</run_address>
         <size>0x3a</size>
         <input_file_ref idref="fl-d6"/>
      </object_component>
      <object_component id="oc-12d">
         <name>.debug_line</name>
         <load_address>0x2132</load_address>
         <run_address>0x2132</run_address>
         <size>0x9d</size>
         <input_file_ref idref="fl-d6"/>
      </object_component>
      <object_component id="oc-7e">
         <name>.debug_line</name>
         <load_address>0x21cf</load_address>
         <run_address>0x21cf</run_address>
         <size>0x99</size>
         <input_file_ref idref="fl-d6"/>
      </object_component>
      <object_component id="oc-7a">
         <name>.debug_line</name>
         <load_address>0x2268</load_address>
         <run_address>0x2268</run_address>
         <size>0x33</size>
         <input_file_ref idref="fl-d7"/>
      </object_component>
      <object_component id="oc-57">
         <name>.debug_line</name>
         <load_address>0x229b</load_address>
         <run_address>0x229b</run_address>
         <size>0x56</size>
         <input_file_ref idref="fl-d7"/>
      </object_component>
      <object_component id="oc-13d">
         <name>.debug_line</name>
         <load_address>0x22f1</load_address>
         <run_address>0x22f1</run_address>
         <size>0x3c</size>
         <input_file_ref idref="fl-d8"/>
      </object_component>
      <object_component id="oc-221">
         <name>.debug_line</name>
         <load_address>0x232d</load_address>
         <run_address>0x232d</run_address>
         <size>0x20</size>
         <input_file_ref idref="fl-db"/>
      </object_component>
      <object_component id="oc-193">
         <name>.debug_line</name>
         <load_address>0x234d</load_address>
         <run_address>0x234d</run_address>
         <size>0xa8</size>
         <input_file_ref idref="fl-db"/>
      </object_component>
      <object_component id="oc-21e">
         <name>.debug_line</name>
         <load_address>0x23f5</load_address>
         <run_address>0x23f5</run_address>
         <size>0x9d</size>
         <input_file_ref idref="fl-db"/>
      </object_component>
      <object_component id="oc-1ef">
         <name>.debug_line</name>
         <load_address>0x2492</load_address>
         <run_address>0x2492</run_address>
         <size>0x9a</size>
         <input_file_ref idref="fl-db"/>
      </object_component>
      <object_component id="oc-38">
         <name>.debug_line</name>
         <load_address>0x252c</load_address>
         <run_address>0x252c</run_address>
         <size>0x88</size>
         <input_file_ref idref="fl-dc"/>
      </object_component>
      <object_component id="oc-208">
         <name>.debug_line</name>
         <load_address>0x25b4</load_address>
         <run_address>0x25b4</run_address>
         <size>0xc2</size>
         <input_file_ref idref="fl-de"/>
      </object_component>
      <object_component id="oc-14a">
         <name>.debug_line</name>
         <load_address>0x2676</load_address>
         <run_address>0x2676</run_address>
         <size>0x6c</size>
         <input_file_ref idref="fl-de"/>
      </object_component>
      <object_component id="oc-20c">
         <name>.debug_line</name>
         <load_address>0x26e2</load_address>
         <run_address>0x26e2</run_address>
         <size>0x2e</size>
         <input_file_ref idref="fl-de"/>
      </object_component>
      <object_component id="oc-228">
         <name>.debug_line</name>
         <load_address>0x2710</load_address>
         <run_address>0x2710</run_address>
         <size>0x9d</size>
         <input_file_ref idref="fl-de"/>
      </object_component>
      <object_component id="oc-211">
         <name>.debug_line</name>
         <load_address>0x27ad</load_address>
         <run_address>0x27ad</run_address>
         <size>0x9a</size>
         <input_file_ref idref="fl-de"/>
      </object_component>
      <object_component id="oc-216">
         <name>.debug_line</name>
         <load_address>0x2847</load_address>
         <run_address>0x2847</run_address>
         <size>0x96</size>
         <input_file_ref idref="fl-de"/>
      </object_component>
      <object_component id="oc-97">
         <name>.debug_line</name>
         <load_address>0x28dd</load_address>
         <run_address>0x28dd</run_address>
         <size>0x40</size>
         <input_file_ref idref="fl-df"/>
      </object_component>
      <object_component id="oc-6e">
         <name>.debug_frame</name>
         <load_address>0x0</load_address>
         <run_address>0x0</run_address>
         <size>0x1d8</size>
         <input_file_ref idref="fl-2"/>
      </object_component>
      <object_component id="oc-c0">
         <name>.debug_frame</name>
         <load_address>0x1d8</load_address>
         <run_address>0x1d8</run_address>
         <size>0xfc</size>
         <input_file_ref idref="fl-3"/>
      </object_component>
      <object_component id="oc-fb">
         <name>.debug_frame</name>
         <load_address>0x2d4</load_address>
         <run_address>0x2d4</run_address>
         <size>0xb0</size>
         <input_file_ref idref="fl-5"/>
      </object_component>
      <object_component id="oc-10f">
         <name>.debug_frame</name>
         <load_address>0x384</load_address>
         <run_address>0x384</run_address>
         <size>0xa4</size>
         <input_file_ref idref="fl-6"/>
      </object_component>
      <object_component id="oc-b4">
         <name>.debug_frame</name>
         <load_address>0x428</load_address>
         <run_address>0x428</run_address>
         <size>0x100</size>
         <input_file_ref idref="fl-7"/>
      </object_component>
      <object_component id="oc-75">
         <name>.debug_frame</name>
         <load_address>0x528</load_address>
         <run_address>0x528</run_address>
         <size>0x220</size>
         <input_file_ref idref="fl-8"/>
      </object_component>
      <object_component id="oc-119">
         <name>.debug_frame</name>
         <load_address>0x748</load_address>
         <run_address>0x748</run_address>
         <size>0xf8</size>
         <input_file_ref idref="fl-9"/>
      </object_component>
      <object_component id="oc-103">
         <name>.debug_frame</name>
         <load_address>0x840</load_address>
         <run_address>0x840</run_address>
         <size>0x98</size>
         <input_file_ref idref="fl-a"/>
      </object_component>
      <object_component id="oc-d6">
         <name>.debug_frame</name>
         <load_address>0x8d8</load_address>
         <run_address>0x8d8</run_address>
         <size>0x1ec</size>
         <input_file_ref idref="fl-b"/>
      </object_component>
      <object_component id="oc-105">
         <name>.debug_frame</name>
         <load_address>0xac4</load_address>
         <run_address>0xac4</run_address>
         <size>0x88</size>
         <input_file_ref idref="fl-c"/>
      </object_component>
      <object_component id="oc-ba">
         <name>.debug_frame</name>
         <load_address>0xb4c</load_address>
         <run_address>0xb4c</run_address>
         <size>0x58</size>
         <input_file_ref idref="fl-e"/>
      </object_component>
      <object_component id="oc-68">
         <name>.debug_frame</name>
         <load_address>0xba4</load_address>
         <run_address>0xba4</run_address>
         <size>0x6c</size>
         <input_file_ref idref="fl-f"/>
      </object_component>
      <object_component id="oc-ac">
         <name>.debug_frame</name>
         <load_address>0xc10</load_address>
         <run_address>0xc10</run_address>
         <size>0x70</size>
         <input_file_ref idref="fl-10"/>
      </object_component>
      <object_component id="oc-ea">
         <name>.debug_frame</name>
         <load_address>0xc80</load_address>
         <run_address>0xc80</run_address>
         <size>0x64</size>
         <input_file_ref idref="fl-ca"/>
      </object_component>
      <object_component id="oc-45">
         <name>.debug_frame</name>
         <load_address>0xce4</load_address>
         <run_address>0xce4</run_address>
         <size>0x54</size>
         <input_file_ref idref="fl-d4"/>
      </object_component>
      <object_component id="oc-1f">
         <name>.debug_frame</name>
         <load_address>0xd38</load_address>
         <run_address>0xd38</run_address>
         <size>0x54</size>
         <input_file_ref idref="fl-d5"/>
      </object_component>
      <object_component id="oc-15">
         <name>.debug_frame</name>
         <load_address>0xd8c</load_address>
         <run_address>0xd8c</run_address>
         <size>0x60</size>
         <input_file_ref idref="fl-d6"/>
      </object_component>
      <object_component id="oc-53">
         <name>.debug_frame</name>
         <load_address>0xdec</load_address>
         <run_address>0xdec</run_address>
         <size>0x58</size>
         <input_file_ref idref="fl-d7"/>
      </object_component>
      <object_component id="oc-13c">
         <name>.debug_frame</name>
         <load_address>0xe44</load_address>
         <run_address>0xe44</run_address>
         <size>0x54</size>
         <input_file_ref idref="fl-d8"/>
      </object_component>
      <object_component id="oc-192">
         <name>.debug_frame</name>
         <load_address>0xe98</load_address>
         <run_address>0xe98</run_address>
         <size>0x60</size>
         <input_file_ref idref="fl-db"/>
      </object_component>
      <object_component id="oc-14b">
         <name>.debug_frame</name>
         <load_address>0xef8</load_address>
         <run_address>0xef8</run_address>
         <size>0x5c</size>
         <input_file_ref idref="fl-de"/>
      </object_component>
      <object_component id="oc-9b">
         <name>.debug_frame</name>
         <load_address>0xf54</load_address>
         <run_address>0xf54</run_address>
         <size>0x54</size>
         <input_file_ref idref="fl-df"/>
      </object_component>
      <object_component id="oc-1ab">
         <name>.debug_abbrev</name>
         <load_address>0x0</load_address>
         <run_address>0x0</run_address>
         <size>0xfe</size>
         <input_file_ref idref="fl-2"/>
      </object_component>
      <object_component id="oc-19c">
         <name>.debug_abbrev</name>
         <load_address>0xfe</load_address>
         <run_address>0xfe</run_address>
         <size>0x29</size>
         <input_file_ref idref="fl-2"/>
      </object_component>
      <object_component id="oc-110">
         <name>.debug_abbrev</name>
         <load_address>0x127</load_address>
         <run_address>0x127</run_address>
         <size>0xd3</size>
         <input_file_ref idref="fl-2"/>
      </object_component>
      <object_component id="oc-1af">
         <name>.debug_abbrev</name>
         <load_address>0x1fa</load_address>
         <run_address>0x1fa</run_address>
         <size>0xbd</size>
         <input_file_ref idref="fl-2"/>
      </object_component>
      <object_component id="oc-1b4">
         <name>.debug_abbrev</name>
         <load_address>0x2b7</load_address>
         <run_address>0x2b7</run_address>
         <size>0x97</size>
         <input_file_ref idref="fl-2"/>
      </object_component>
      <object_component id="oc-127">
         <name>.debug_abbrev</name>
         <load_address>0x34e</load_address>
         <run_address>0x34e</run_address>
         <size>0x69</size>
         <input_file_ref idref="fl-2"/>
      </object_component>
      <object_component id="oc-31">
         <name>.debug_abbrev</name>
         <load_address>0x3b7</load_address>
         <run_address>0x3b7</run_address>
         <size>0x1f</size>
         <input_file_ref idref="fl-2"/>
      </object_component>
      <object_component id="oc-1a8">
         <name>.debug_abbrev</name>
         <load_address>0x3d6</load_address>
         <run_address>0x3d6</run_address>
         <size>0x5c</size>
         <input_file_ref idref="fl-2"/>
      </object_component>
      <object_component id="oc-113">
         <name>.debug_abbrev</name>
         <load_address>0x432</load_address>
         <run_address>0x432</run_address>
         <size>0x24</size>
         <input_file_ref idref="fl-2"/>
      </object_component>
      <object_component id="oc-1e2">
         <name>.debug_abbrev</name>
         <load_address>0x456</load_address>
         <run_address>0x456</run_address>
         <size>0xba</size>
         <input_file_ref idref="fl-3"/>
      </object_component>
      <object_component id="oc-182">
         <name>.debug_abbrev</name>
         <load_address>0x510</load_address>
         <run_address>0x510</run_address>
         <size>0xb4</size>
         <input_file_ref idref="fl-3"/>
      </object_component>
      <object_component id="oc-1f5">
         <name>.debug_abbrev</name>
         <load_address>0x5c4</load_address>
         <run_address>0x5c4</run_address>
         <size>0x29</size>
         <input_file_ref idref="fl-5"/>
      </object_component>
      <object_component id="oc-1a2">
         <name>.debug_abbrev</name>
         <load_address>0x5ed</load_address>
         <run_address>0x5ed</run_address>
         <size>0xa9</size>
         <input_file_ref idref="fl-5"/>
      </object_component>
      <object_component id="oc-1a5">
         <name>.debug_abbrev</name>
         <load_address>0x696</load_address>
         <run_address>0x696</run_address>
         <size>0x50</size>
         <input_file_ref idref="fl-6"/>
      </object_component>
      <object_component id="oc-17c">
         <name>.debug_abbrev</name>
         <load_address>0x6e6</load_address>
         <run_address>0x6e6</run_address>
         <size>0xa9</size>
         <input_file_ref idref="fl-7"/>
      </object_component>
      <object_component id="oc-1be">
         <name>.debug_abbrev</name>
         <load_address>0x78f</load_address>
         <run_address>0x78f</run_address>
         <size>0xd7</size>
         <input_file_ref idref="fl-8"/>
      </object_component>
      <object_component id="oc-122">
         <name>.debug_abbrev</name>
         <load_address>0x866</load_address>
         <run_address>0x866</run_address>
         <size>0x15b</size>
         <input_file_ref idref="fl-8"/>
      </object_component>
      <object_component id="oc-1f7">
         <name>.debug_abbrev</name>
         <load_address>0x9c1</load_address>
         <run_address>0x9c1</run_address>
         <size>0x74</size>
         <input_file_ref idref="fl-9"/>
      </object_component>
      <object_component id="oc-1bd">
         <name>.debug_abbrev</name>
         <load_address>0xa35</load_address>
         <run_address>0xa35</run_address>
         <size>0xb4</size>
         <input_file_ref idref="fl-9"/>
      </object_component>
      <object_component id="oc-1a3">
         <name>.debug_abbrev</name>
         <load_address>0xae9</load_address>
         <run_address>0xae9</run_address>
         <size>0x9b</size>
         <input_file_ref idref="fl-a"/>
      </object_component>
      <object_component id="oc-1e4">
         <name>.debug_abbrev</name>
         <load_address>0xb84</load_address>
         <run_address>0xb84</run_address>
         <size>0x9b</size>
         <input_file_ref idref="fl-b"/>
      </object_component>
      <object_component id="oc-18b">
         <name>.debug_abbrev</name>
         <load_address>0xc1f</load_address>
         <run_address>0xc1f</run_address>
         <size>0xd6</size>
         <input_file_ref idref="fl-b"/>
      </object_component>
      <object_component id="oc-1a4">
         <name>.debug_abbrev</name>
         <load_address>0xcf5</load_address>
         <run_address>0xcf5</run_address>
         <size>0x7a</size>
         <input_file_ref idref="fl-c"/>
      </object_component>
      <object_component id="oc-17d">
         <name>.debug_abbrev</name>
         <load_address>0xd6f</load_address>
         <run_address>0xd6f</run_address>
         <size>0x7a</size>
         <input_file_ref idref="fl-e"/>
      </object_component>
      <object_component id="oc-123">
         <name>.debug_abbrev</name>
         <load_address>0xde9</load_address>
         <run_address>0xde9</run_address>
         <size>0x7c</size>
         <input_file_ref idref="fl-f"/>
      </object_component>
      <object_component id="oc-76">
         <name>.debug_abbrev</name>
         <load_address>0xe65</load_address>
         <run_address>0xe65</run_address>
         <size>0x29</size>
         <input_file_ref idref="fl-f"/>
      </object_component>
      <object_component id="oc-ae">
         <name>.debug_abbrev</name>
         <load_address>0xe8e</load_address>
         <run_address>0xe8e</run_address>
         <size>0x89</size>
         <input_file_ref idref="fl-f"/>
      </object_component>
      <object_component id="oc-1e0">
         <name>.debug_abbrev</name>
         <load_address>0xf17</load_address>
         <run_address>0xf17</run_address>
         <size>0x29</size>
         <input_file_ref idref="fl-10"/>
      </object_component>
      <object_component id="oc-17b">
         <name>.debug_abbrev</name>
         <load_address>0xf40</load_address>
         <run_address>0xf40</run_address>
         <size>0x8b</size>
         <input_file_ref idref="fl-10"/>
      </object_component>
      <object_component id="oc-1f3">
         <name>.debug_abbrev</name>
         <load_address>0xfcb</load_address>
         <run_address>0xfcb</run_address>
         <size>0x44</size>
         <input_file_ref idref="fl-ca"/>
      </object_component>
      <object_component id="oc-199">
         <name>.debug_abbrev</name>
         <load_address>0x100f</load_address>
         <run_address>0x100f</run_address>
         <size>0x7f</size>
         <input_file_ref idref="fl-ca"/>
      </object_component>
      <object_component id="oc-18d">
         <name>.debug_abbrev</name>
         <load_address>0x108e</load_address>
         <run_address>0x108e</run_address>
         <size>0x3c</size>
         <input_file_ref idref="fl-cb"/>
      </object_component>
      <object_component id="oc-1f2">
         <name>.debug_abbrev</name>
         <load_address>0x10ca</load_address>
         <run_address>0x10ca</run_address>
         <size>0x3c</size>
         <input_file_ref idref="fl-cc"/>
      </object_component>
      <object_component id="oc-21a">
         <name>.debug_abbrev</name>
         <load_address>0x1106</load_address>
         <run_address>0x1106</run_address>
         <size>0x3c</size>
         <input_file_ref idref="fl-cc"/>
      </object_component>
      <object_component id="oc-184">
         <name>.debug_abbrev</name>
         <load_address>0x1142</load_address>
         <run_address>0x1142</run_address>
         <size>0x3c</size>
         <input_file_ref idref="fl-cd"/>
      </object_component>
      <object_component id="oc-185">
         <name>.debug_abbrev</name>
         <load_address>0x117e</load_address>
         <run_address>0x117e</run_address>
         <size>0x3c</size>
         <input_file_ref idref="fl-ce"/>
      </object_component>
      <object_component id="oc-19b">
         <name>.debug_abbrev</name>
         <load_address>0x11ba</load_address>
         <run_address>0x11ba</run_address>
         <size>0x3c</size>
         <input_file_ref idref="fl-cf"/>
      </object_component>
      <object_component id="oc-186">
         <name>.debug_abbrev</name>
         <load_address>0x11f6</load_address>
         <run_address>0x11f6</run_address>
         <size>0x3e</size>
         <input_file_ref idref="fl-d0"/>
      </object_component>
      <object_component id="oc-18c">
         <name>.debug_abbrev</name>
         <load_address>0x1234</load_address>
         <run_address>0x1234</run_address>
         <size>0x3c</size>
         <input_file_ref idref="fl-d1"/>
      </object_component>
      <object_component id="oc-19e">
         <name>.debug_abbrev</name>
         <load_address>0x1270</load_address>
         <run_address>0x1270</run_address>
         <size>0x3e</size>
         <input_file_ref idref="fl-d2"/>
      </object_component>
      <object_component id="oc-183">
         <name>.debug_abbrev</name>
         <load_address>0x12ae</load_address>
         <run_address>0x12ae</run_address>
         <size>0x3e</size>
         <input_file_ref idref="fl-d3"/>
      </object_component>
      <object_component id="oc-136">
         <name>.debug_abbrev</name>
         <load_address>0x12ec</load_address>
         <run_address>0x12ec</run_address>
         <size>0x73</size>
         <input_file_ref idref="fl-d4"/>
      </object_component>
      <object_component id="oc-89">
         <name>.debug_abbrev</name>
         <load_address>0x135f</load_address>
         <run_address>0x135f</run_address>
         <size>0x6f</size>
         <input_file_ref idref="fl-d4"/>
      </object_component>
      <object_component id="oc-8c">
         <name>.debug_abbrev</name>
         <load_address>0x13ce</load_address>
         <run_address>0x13ce</run_address>
         <size>0x24</size>
         <input_file_ref idref="fl-d4"/>
      </object_component>
      <object_component id="oc-133">
         <name>.debug_abbrev</name>
         <load_address>0x13f2</load_address>
         <run_address>0x13f2</run_address>
         <size>0x24</size>
         <input_file_ref idref="fl-d4"/>
      </object_component>
      <object_component id="oc-87">
         <name>.debug_abbrev</name>
         <load_address>0x1416</load_address>
         <run_address>0x1416</run_address>
         <size>0x37</size>
         <input_file_ref idref="fl-d5"/>
      </object_component>
      <object_component id="oc-39">
         <name>.debug_abbrev</name>
         <load_address>0x144d</load_address>
         <run_address>0x144d</run_address>
         <size>0x74</size>
         <input_file_ref idref="fl-d5"/>
      </object_component>
      <object_component id="oc-3c">
         <name>.debug_abbrev</name>
         <load_address>0x14c1</load_address>
         <run_address>0x14c1</run_address>
         <size>0x24</size>
         <input_file_ref idref="fl-d5"/>
      </object_component>
      <object_component id="oc-84">
         <name>.debug_abbrev</name>
         <load_address>0x14e5</load_address>
         <run_address>0x14e5</run_address>
         <size>0x24</size>
         <input_file_ref idref="fl-d5"/>
      </object_component>
      <object_component id="oc-12f">
         <name>.debug_abbrev</name>
         <load_address>0x1509</load_address>
         <run_address>0x1509</run_address>
         <size>0x37</size>
         <input_file_ref idref="fl-d6"/>
      </object_component>
      <object_component id="oc-29">
         <name>.debug_abbrev</name>
         <load_address>0x1540</load_address>
         <run_address>0x1540</run_address>
         <size>0x6f</size>
         <input_file_ref idref="fl-d6"/>
      </object_component>
      <object_component id="oc-2c">
         <name>.debug_abbrev</name>
         <load_address>0x15af</load_address>
         <run_address>0x15af</run_address>
         <size>0x24</size>
         <input_file_ref idref="fl-d6"/>
      </object_component>
      <object_component id="oc-12c">
         <name>.debug_abbrev</name>
         <load_address>0x15d3</load_address>
         <run_address>0x15d3</run_address>
         <size>0x35</size>
         <input_file_ref idref="fl-d6"/>
      </object_component>
      <object_component id="oc-7d">
         <name>.debug_abbrev</name>
         <load_address>0x1608</load_address>
         <run_address>0x1608</run_address>
         <size>0x24</size>
         <input_file_ref idref="fl-d6"/>
      </object_component>
      <object_component id="oc-79">
         <name>.debug_abbrev</name>
         <load_address>0x162c</load_address>
         <run_address>0x162c</run_address>
         <size>0x29</size>
         <input_file_ref idref="fl-d7"/>
      </object_component>
      <object_component id="oc-9f">
         <name>.debug_abbrev</name>
         <load_address>0x1655</load_address>
         <run_address>0x1655</run_address>
         <size>0x61</size>
         <input_file_ref idref="fl-d7"/>
      </object_component>
      <object_component id="oc-1c0">
         <name>.debug_abbrev</name>
         <load_address>0x16b6</load_address>
         <run_address>0x16b6</run_address>
         <size>0x45</size>
         <input_file_ref idref="fl-d8"/>
      </object_component>
      <object_component id="oc-220">
         <name>.debug_abbrev</name>
         <load_address>0x16fb</load_address>
         <run_address>0x16fb</run_address>
         <size>0x25</size>
         <input_file_ref idref="fl-db"/>
      </object_component>
      <object_component id="oc-1eb">
         <name>.debug_abbrev</name>
         <load_address>0x1720</load_address>
         <run_address>0x1720</run_address>
         <size>0x7f</size>
         <input_file_ref idref="fl-db"/>
      </object_component>
      <object_component id="oc-21d">
         <name>.debug_abbrev</name>
         <load_address>0x179f</load_address>
         <run_address>0x179f</run_address>
         <size>0x24</size>
         <input_file_ref idref="fl-db"/>
      </object_component>
      <object_component id="oc-1ee">
         <name>.debug_abbrev</name>
         <load_address>0x17c3</load_address>
         <run_address>0x17c3</run_address>
         <size>0x24</size>
         <input_file_ref idref="fl-db"/>
      </object_component>
      <object_component id="oc-81">
         <name>.debug_abbrev</name>
         <load_address>0x17e7</load_address>
         <run_address>0x17e7</run_address>
         <size>0x3e</size>
         <input_file_ref idref="fl-dc"/>
      </object_component>
      <object_component id="oc-207">
         <name>.debug_abbrev</name>
         <load_address>0x1825</load_address>
         <run_address>0x1825</run_address>
         <size>0xdb</size>
         <input_file_ref idref="fl-de"/>
      </object_component>
      <object_component id="oc-1ca">
         <name>.debug_abbrev</name>
         <load_address>0x1900</load_address>
         <run_address>0x1900</run_address>
         <size>0x7e</size>
         <input_file_ref idref="fl-de"/>
      </object_component>
      <object_component id="oc-20b">
         <name>.debug_abbrev</name>
         <load_address>0x197e</load_address>
         <run_address>0x197e</run_address>
         <size>0x24</size>
         <input_file_ref idref="fl-de"/>
      </object_component>
      <object_component id="oc-227">
         <name>.debug_abbrev</name>
         <load_address>0x19a2</load_address>
         <run_address>0x19a2</run_address>
         <size>0x24</size>
         <input_file_ref idref="fl-de"/>
      </object_component>
      <object_component id="oc-210">
         <name>.debug_abbrev</name>
         <load_address>0x19c6</load_address>
         <run_address>0x19c6</run_address>
         <size>0x24</size>
         <input_file_ref idref="fl-de"/>
      </object_component>
      <object_component id="oc-215">
         <name>.debug_abbrev</name>
         <load_address>0x19ea</load_address>
         <run_address>0x19ea</run_address>
         <size>0x4b</size>
         <input_file_ref idref="fl-de"/>
      </object_component>
      <object_component id="oc-139">
         <name>.debug_abbrev</name>
[...]
      </symbol>
      <symbol id="sm-236">
         <name>Messageindexc</name>
         <value>0x20000168</value>
      </symbol>
      <symbol id="sm-237">
         <name>Messagec</name>
         <value>0x20000160</value>
      </symbol>
      <symbol id="sm-238">
         <name>EUSCIA0_OutUDec</name>
         <value>0xb91</value>
         <object_component_ref idref="oc-70"/>
      </symbol>
      <symbol id="sm-239">
         <name>EUSCIA0_InUHex</name>
         <value>0xe05</value>
         <object_component_ref idref="oc-70"/>
      </symbol>
      <symbol id="sm-23a">
         <name>EUSCIA0_OutUHex</name>
         <value>0xecd</value>
         <object_component_ref idref="oc-70"/>
      </symbol>
      <symbol id="sm-23b">
         <name>EUSCIA0_OutUHex2</name>
         <value>0xf33</value>
         <object_component_ref idref="oc-70"/>
      </symbol>
      <symbol id="sm-23c">
         <name>EUSCIA0_OutString</name>
         <value>0xaef</value>
         <object_component_ref idref="oc-70"/>
      </symbol>
      <symbol id="sm-23d">
         <name>EUSCIA0_OutChar</name>
         <value>0xa9f</value>
         <object_component_ref idref="oc-70"/>
      </symbol>
      <symbol id="sm-23e">
         <name>EUSCIA0_Init</name>
         <value>0xa25</value>
         <object_component_ref idref="oc-70"/>
      </symbol>
      <symbol id="sm-23f">
         <name>EUSCIA0_OutUFix1</name>
         <value>0xd91</value>
         <object_component_ref idref="oc-70"/>
      </symbol>
      <symbol id="sm-240">
         <name>EUSCIA0_OutUFix2</name>
         <value>0xdb9</value>
         <object_component_ref idref="oc-70"/>
      </symbol>
      <symbol id="sm-241">
         <name>EUSCIA0outnibble</name>
         <value>0xf11</value>
         <object_component_ref idref="oc-70"/>
      </symbol>
      <symbol id="sm-242">
         <name>EUSCIA0_InString</name>
         <value>0xf51</value>
         <object_component_ref idref="oc-70"/>
      </symbol>
      <symbol id="sm-243">
         <name>EUSCIA0_IRQHandler</name>
         <value>0xab9</value>
         <object_component_ref idref="oc-70"/>
      </symbol>
      <symbol id="sm-244">
         <name>EUSCIA0_OutUDec4</name>
         <value>0xd1d</value>
         <object_component_ref idref="oc-70"/>
      </symbol>
      <symbol id="sm-245">
         <name>EUSCIA0_OutUDec5</name>
         <value>0xd55</value>
         <object_component_ref idref="oc-70"/>
      </symbol>
      <symbol id="sm-246">
         <name>EUSCIA0_InUDec</name>
         <value>0xb0d</value>
         <object_component_ref idref="oc-70"/>
      </symbol>
      <symbol id="sm-247">
         <name>EUSCIA0_InChar</name>
         <value>0xa8d</value>
         <object_component_ref idref="oc-70"/>
      </symbol>
      <symbol id="sm-269">
         <name>FIFO</name>
         <value>0x20000100</value>
      </symbol>
      <symbol id="sm-26a">
         <name>pushI</name>
         <value>0x2000017a</value>
      </symbol>
      <symbol id="sm-26b">
         <name>popI</name>
         <value>0x20000178</value>
      </symbol>
      <symbol id="sm-26c">
         <name>TxHistogram</name>
         <value>0x20000000</value>
      </symbol>
      <symbol id="sm-26d">
         <name>RxFifo0_Put</name>
         <value>0x204d</value>
         <object_component_ref idref="oc-118"/>
      </symbol>
      <symbol id="sm-26e">
         <name>TxFifo0_Put</name>
         <value>0x1f89</value>
         <object_component_ref idref="oc-118"/>
      </symbol>
      <symbol id="sm-26f">
         <name>RxFifo0_Size</name>
         <value>0x2067</value>
         <object_component_ref idref="oc-118"/>
      </symbol>
      <symbol id="sm-270">
         <name>TxFifo0_Size</name>
         <value>0x2017</value>
         <object_component_ref idref="oc-118"/>
      </symbol>
      <symbol id="sm-271">
         <name>RxFifo0_Get</name>
         <value>0x205b</value>
         <object_component_ref idref="oc-118"/>
      </symbol>
      <symbol id="sm-272">
         <name>TxFifo0_Get</name>
         <value>0x1fd9</value>
         <object_component_ref idref="oc-118"/>
      </symbol>
      <symbol id="sm-273">
         <name>TxFifo0_Init</name>
         <value>0x1f4d</value>
         <object_component_ref idref="oc-118"/>
      </symbol>
      <symbol id="sm-274">
         <name>RxFifo0_Init</name>
         <value>0x204b</value>
         <object_component_ref idref="oc-118"/>
      </symbol>
      <symbol id="sm-290">
         <name>LaunchPad_LED</name>
         <value>0x2125</value>
         <object_component_ref idref="oc-fe"/>
      </symbol>
      <symbol id="sm-291">
         <name>LaunchPad_Input</name>
         <value>0x210b</value>
         <object_component_ref idref="oc-fe"/>
      </symbol>
      <symbol id="sm-292">
         <name>LaunchPad_Output</name>
         <value>0x2143</value>
         <object_component_ref idref="oc-fe"/>
      </symbol>
      <symbol id="sm-293">
         <name>LaunchPad_Init</name>
         <value>0x207d</value>
         <object_component_ref idref="oc-fe"/>
      </symbol>
      <symbol id="sm-2d1">
         <name>vehicle_turn_left</name>
         <value>0x1071</value>
         <object_component_ref idref="oc-d5"/>
      </symbol>
      <symbol id="sm-2d2">
         <name>PWM_Duty2</name>
         <value>0x135d</value>
         <object_component_ref idref="oc-d5"/>
      </symbol>
      <symbol id="sm-2d3">
         <name>PWM_Duty1</name>
         <value>0x1325</value>
         <object_component_ref idref="oc-d5"/>
      </symbol>
      <symbol id="sm-2d4">
         <name>vehicle_init</name>
         <value>0x1289</value>
         <object_component_ref idref="oc-d5"/>
      </symbol>
      <symbol id="sm-2d5">
         <name>vehicle_run_right</name>
         <value>0x124f</value>
         <object_component_ref idref="oc-d5"/>
      </symbol>
      <symbol id="sm-2d6">
         <name>vehicle_move_forward</name>
         <value>0xfdd</value>
         <object_component_ref idref="oc-d5"/>
      </symbol>
      <symbol id="sm-2d7">
         <name>vehicle_run_left</name>
         <value>0x1215</value>
         <object_component_ref idref="oc-d5"/>
      </symbol>
      <symbol id="sm-2d8">
         <name>PWM_Init12</name>
         <value>0x12a1</value>
         <object_component_ref idref="oc-d5"/>
      </symbol>
      <symbol id="sm-2d9">
         <name>vehicle_stop</name>
         <value>0x11b1</value>
         <object_component_ref idref="oc-d5"/>
      </symbol>
      <symbol id="sm-2da">
         <name>vehicle_rotate_left</name>
         <value>0x10f5</value>
         <object_component_ref idref="oc-d5"/>
      </symbol>
      <symbol id="sm-2db">
         <name>ms2count</name>
         <value>0x1385</value>
         <object_component_ref idref="oc-d5"/>
      </symbol>
      <symbol id="sm-2dc">
         <name>vehicle_stop_right</name>
         <value>0x11a7</value>
         <object_component_ref idref="oc-d5"/>
      </symbol>
      <symbol id="sm-2dd">
         <name>vehicle_GPIO_init</name>
         <value>0x11c7</value>
         <object_component_ref idref="oc-d5"/>
      </symbol>
      <symbol id="sm-2de">
         <name>vehicle_turn_right</name>
         <value>0x10b3</value>
         <object_component_ref idref="oc-d5"/>
      </symbol>
      <symbol id="sm-2df">
         <name>vehicle_stop_left</name>
         <value>0x119d</value>
         <object_component_ref idref="oc-d5"/>
      </symbol>
      <symbol id="sm-2e0">
         <name>vehicle_move_backward</name>
         <value>0x1027</value>
         <object_component_ref idref="oc-d5"/>
      </symbol>
      <symbol id="sm-2e1">
         <name>vehicle_rotate_right</name>
         <value>0x1149</value>
         <object_component_ref idref="oc-d5"/>
      </symbol>
      <symbol id="sm-2f6">
         <name>SysTick_Wait</name>
         <value>0x2675</value>
         <object_component_ref idref="oc-104"/>
      </symbol>
      <symbol id="sm-2f7">
         <name>SysTick_Wait10ms</name>
         <value>0x269b</value>
         <object_component_ref idref="oc-104"/>
      </symbol>
      <symbol id="sm-2f8">
         <name>SysTick_Init</name>
         <value>0x2665</value>
         <object_component_ref idref="oc-104"/>
      </symbol>
      <symbol id="sm-303">
         <name>sleep</name>
         <value>0x28a7</value>
         <object_component_ref idref="oc-b5"/>
      </symbol>
      <symbol id="sm-318">
         <name>Reset_Handler</name>
         <value>0x28d9</value>
         <object_component_ref idref="oc-64"/>
      </symbol>
      <symbol id="sm-319">
         <name>Default_Handler</name>
         <value>0x28e5</value>
         <object_component_ref idref="oc-64"/>
      </symbol>
      <symbol id="sm-31a">
         <name>interruptVectors</name>
         <value>0x0</value>
         <object_component_ref idref="oc-23"/>
      </symbol>
      <symbol id="sm-360">
         <name>SystemInit</name>
         <value>0x1655</value>
         <object_component_ref idref="oc-a8"/>
      </symbol>
      <symbol id="sm-361">
         <name>SystemCoreClockUpdate</name>
         <value>0x13e1</value>
         <object_component_ref idref="oc-a8"/>
      </symbol>
      <symbol id="sm-362">
         <name>SystemCoreClock</name>
         <value>0x200001d0</value>
         <object_component_ref idref="oc-178"/>
      </symbol>
      <symbol id="sm-37a">
         <name>roundl</name>
         <value>0x238d</value>
         <object_component_ref idref="oc-e5"/>
      </symbol>
      <symbol id="sm-37b">
         <name>round</name>
         <value>0x238d</value>
         <object_component_ref idref="oc-e5"/>
      </symbol>
      <symbol id="sm-392">
         <name>__aeabi_dsub</name>
         <value>0x1ad9</value>
         <object_component_ref idref="oc-e0"/>
      </symbol>
      <symbol id="sm-393">
         <name>__aeabi_dadd</name>
         <value>0x1ae3</value>
         <object_component_ref idref="oc-e0"/>
      </symbol>
      <symbol id="sm-3b5">
         <name>__aeabi_cdcmpeq</name>
         <value>0x24e9</value>
         <object_component_ref idref="oc-194"/>
      </symbol>
      <symbol id="sm-3b6">
         <name>__aeabi_cdcmple</name>
         <value>0x24e9</value>
         <object_component_ref idref="oc-194"/>
      </symbol>
      <symbol id="sm-3b7">
         <name>__aeabi_cdrcmple</name>
         <value>0x256f</value>
         <object_component_ref idref="oc-1e6"/>
      </symbol>
      <symbol id="sm-3cb">
         <name>__aeabi_ddiv</name>
         <value>0x1e15</value>
         <object_component_ref idref="oc-c6"/>
      </symbol>
      <symbol id="sm-3d6">
         <name>__aeabi_dmul</name>
         <value>0x2199</value>
         <object_component_ref idref="oc-cb"/>
      </symbol>
      <symbol id="sm-3e0">
         <name>__aeabi_d2iz</name>
         <value>0x2739</value>
         <object_component_ref idref="oc-eb"/>
      </symbol>
      <symbol id="sm-3ec">
         <name>__aeabi_d2f</name>
         <value>0x25f5</value>
         <object_component_ref idref="oc-d0"/>
      </symbol>
      <symbol id="sm-3f7">
         <name>__aeabi_f2d</name>
         <value>0x27fd</value>
         <object_component_ref idref="oc-db"/>
      </symbol>
      <symbol id="sm-401">
         <name>__aeabi_i2d</name>
         <value>0x2835</value>
         <object_component_ref idref="oc-f3"/>
      </symbol>
      <symbol id="sm-40b">
         <name>__aeabi_ui2d</name>
         <value>0x2887</value>
         <object_component_ref idref="oc-c1"/>
      </symbol>
      <symbol id="sm-424">
         <name>__TI_zero_init_nomemset</name>
         <value>0x28b9</value>
         <object_component_ref idref="oc-40"/>
      </symbol>
      <symbol id="sm-43b">
         <name>__TI_decompress_none</name>
         <value>0x28cb</value>
         <object_component_ref idref="oc-1a"/>
      </symbol>
      <symbol id="sm-45e">
         <name>__TI_decompress_lzss</name>
         <value>0x26d1</value>
         <object_component_ref idref="oc-14"/>
      </symbol>
      <symbol id="sm-471">
         <name>__stack</name>
         <value>0x2000fe00</value>
         <object_component_ref idref="oc-26"/>
      </symbol>
      <symbol id="sm-472">
         <name>_c_int00_noargs</name>
         <value>0x27c5</value>
         <object_component_ref idref="oc-52"/>
      </symbol>
      <symbol id="sm-47d">
         <name>C$$EXIT</name>
         <value>0x28eb</value>
         <object_component_ref idref="oc-13a"/>
      </symbol>
      <symbol id="sm-47e">
         <name>abort</name>
         <value>0x28eb</value>
         <object_component_ref idref="oc-13a"/>
      </symbol>
      <symbol id="sm-4a7">
         <name>floorl</name>
         <value>0x2295</value>
         <object_component_ref idref="oc-18e"/>
      </symbol>
      <symbol id="sm-4a8">
         <name>floor</name>
         <value>0x2295</value>
         <object_component_ref idref="oc-18e"/>
      </symbol>
      <symbol id="sm-4c3">
         <name>memcpy</name>
         <value>0x244d</value>
         <object_component_ref idref="oc-34"/>
      </symbol>
      <symbol id="sm-4c4">
         <name>__aeabi_memcpy</name>
         <value>0x244d</value>
         <object_component_ref idref="oc-34"/>
      </symbol>
      <symbol id="sm-4c5">
         <name>__aeabi_memcpy8</name>
         <value>0x244d</value>
         <object_component_ref idref="oc-34"/>
      </symbol>
      <symbol id="sm-4c6">
         <name>__aeabi_memcpy4</name>
         <value>0x244d</value>
         <object_component_ref idref="oc-34"/>
      </symbol>
      <symbol id="sm-4ef">
         <name>__TI_auto_init_nobinit_nopinit</name>
         <value>0x2781</value>
         <object_component_ref idref="oc-146"/>
      </symbol>
      <symbol id="sm-4f9">
         <name>_system_pre_init</name>
         <value>0x28e7</value>
         <object_component_ref idref="oc-96"/>
      </symbol>
      <symbol id="sm-4fb">
         <name>__TI_static_base__</name>
         <value>0x0</value>
      </symbol>
      <symbol id="sm-4fe">
         <name>__mpu_init</name>
         <value>0x0</value>
      </symbol>
      <symbol id="sm-4ff">
         <name>_system_post_cinit</name>
         <value>0x0</value>
      </symbol>
      <symbol id="sm-500">
         <name>NMI_Handler</name>
         <value>0x28e5</value>
      </symbol>
      <symbol id="sm-501">
         <name>HardFault_Handler</name>
         <value>0x28e5</value>
      </symbol>
      <symbol id="sm-502">
         <name>MemManage_Handler</name>
         <value>0x28e5</value>
      </symbol>
      <symbol id="sm-503">
         <name>BusFault_Handler</name>
         <value>0x28e5</value>
      </symbol>
      <symbol id="sm-504">
         <name>UsageFault_Handler</name>
         <value>0x28e5</value>
      </symbol>
      <symbol id="sm-505">
         <name>SVC_Handler</name>
         <value>0x28e5</value>
      </symbol>
      <symbol id="sm-506">
         <name>DebugMon_Handler</name>
         <value>0x28e5</value>
      </symbol>
      <symbol id="sm-507">
         <name>PendSV_Handler</name>
         <value>0x28e5</value>
      </symbol>
      <symbol id="sm-508">
         <name>SysTick_Handler</name>
         <value>0x28e5</value>
      </symbol>
      <symbol id="sm-509">
         <name>PSS_IRQHandler</name>
         <value>0x28e5</value>
      </symbol>
      <symbol id="sm-50a">
         <name>CS_IRQHandler</name>
         <value>0x28e5</value>
      </symbol>
      <symbol id="sm-50b">
         <name>PCM_IRQHandler</name>
         <value>0x28e5</value>
      </symbol>
      <symbol id="sm-50c">
         <name>WDT_A_IRQHandler</name>
         <value>0x28e5</value>
      </symbol>
      <symbol id="sm-50d">
         <name>FPU_IRQHandler</name>
         <value>0x28e5</value>
      </symbol>
      <symbol id="sm-50e">
         <name>FLCTL_IRQHandler</name>
         <value>0x28e5</value>
      </symbol>
      <symbol id="sm-50f">
         <name>COMP_E0_IRQHandler</name>
         <value>0x28e5</value>
      </symbol>
      <symbol id="sm-510">
         <name>COMP_E1_IRQHandler</name>
         <value>0x28e5</value>
      </symbol>
      <symbol id="sm-511">
         <name>TA0_0_IRQHandler</name>
         <value>0x28e5</value>
      </symbol>
      <symbol id="sm-512">
         <name>TA0_N_IRQHandler</name>
         <value>0x28e5</value>
      </symbol>
      <symbol id="sm-513">
         <name>TA1_0_IRQHandler</name>
         <value>0x78f</value>
      </symbol>
      <symbol id="sm-514">
         <name>TA1_N_IRQHandler</name>
         <value>0x28e5</value>
      </symbol>
      <symbol id="sm-515">
         <name>TA2_0_IRQHandler</name>
         <value>0x28e5</value>
      </symbol>
      <symbol id="sm-516">
         <name>TA2_N_IRQHandler</name>
         <value>0x28e5</value>
      </symbol>
      <symbol id="sm-517">
         <name>TA3_0_IRQHandler</name>
         <value>0x28e5</value>
      </symbol>
      <symbol id="sm-518">
         <name>TA3_N_IRQHandler</name>
         <value>0x28e5</value>
      </symbol>
      <symbol id="sm-519">
         <name>EUSCIA0_IRQHandler</name>
         <value>0xab9</value>
      </symbol>
      <symbol id="sm-51a">
         <name>EUSCIA1_IRQHandler</name>
         <value>0x28e5</value>
      </symbol>
      <symbol id="sm-51b">
         <name>EUSCIA2_IRQHandler</name>
         <value>0x28e5</value>
      </symbol>
      <symbol id="sm-51c">
         <name>EUSCIA3_IRQHandler</name>
         <value>0x28e5</value>
      </symbol>
      <symbol id="sm-51d">
         <name>EUSCIB0_IRQHandler</name>
         <value>0x28e5</value>
      </symbol>
      <symbol id="sm-51e">
         <name>EUSCIB1_IRQHandler</name>
         <value>0x28e5</value>
      </symbol>
      <symbol id="sm-51f">
         <name>EUSCIB2_IRQHandler</name>
         <value>0x28e5</value>
      </symbol>
      <symbol id="sm-520">
         <name>EUSCIB3_IRQHandler</name>
         <value>0x28e5</value>
      </symbol>
      <symbol id="sm-521">
         <name>ADC14_IRQHandler</name>
         <value>0x28e5</value>
      </symbol>
      <symbol id="sm-522">
         <name>T32_INT1_IRQHandler</name>
         <value>0x28e5</value>
      </symbol>
      <symbol id="sm-523">
         <name>T32_INT2_IRQHandler</name>
         <value>0x28e5</value>
      </symbol>
      <symbol id="sm-524">
         <name>T32_INTC_IRQHandler</name>
         <value>0x28e5</value>
      </symbol>
      <symbol id="sm-525">
         <name>AES256_IRQHandler</name>
         <value>0x28e5</value>
      </symbol>
      <symbol id="sm-526">
         <name>RTC_C_IRQHandler</name>
         <value>0x28e5</value>
      </symbol>
      <symbol id="sm-527">
         <name>DMA_ERR_IRQHandler</name>
         <value>0x28e5</value>
      </symbol>
      <symbol id="sm-528">
         <name>DMA_INT3_IRQHandler</name>
         <value>0x28e5</value>
      </symbol>
      <symbol id="sm-529">
         <name>DMA_INT2_IRQHandler</name>
         <value>0x28e5</value>
      </symbol>
      <symbol id="sm-52a">
         <name>DMA_INT1_IRQHandler</name>
         <value>0x28e5</value>
      </symbol>
      <symbol id="sm-52b">
         <name>DMA_INT0_IRQHandler</name>
         <value>0x28e5</value>
      </symbol>
      <symbol id="sm-52c">
         <name>PORT1_IRQHandler</name>
         <value>0x28e5</value>
      </symbol>
      <symbol id="sm-52d">
         <name>PORT2_IRQHandler</name>
         <value>0x28e5</value>
      </symbol>
      <symbol id="sm-52e">
         <name>PORT3_IRQHandler</name>
         <value>0x28e5</value>
      </symbol>
      <symbol id="sm-52f">
         <name>PORT4_IRQHandler</name>
         <value>0x7c1</value>
      </symbol>
      <symbol id="sm-530">
         <name>PORT5_IRQHandler</name>
         <value>0x859</value>
      </symbol>
      <symbol id="sm-531">
         <name>PORT6_IRQHandler</name>
         <value>0x28e5</value>
      </symbol>
   </symbol_table>
   <title>Link successful</title>
</link_info>
