******************************************************************************
                  TI ARM Linker PC v18.1.4                     
******************************************************************************
>> Linked Tue Jan 22 21:49:15 2019

OUTPUT FILE NAME:   <MotorP.out>
ENTRY POINT SYMBOL: "_c_int00_noargs"  address: 000027c5


MEMORY CONFIGURATION

         name            origin    length      used     unused   attr    fill
----------------------  --------  ---------  --------  --------  ----  --------
  MAIN                  00000000   00040000  00002936  0003d6ca  R  X
  INFO                  00200000   00004000  00000000  00004000  R  X
  SRAM_CODE             01000000   00010000  000003d4  0000fc2c  RW X
  SRAM_DATA             20000000   00010000  000003d4  0000fc2c  RW  


SEGMENT ALLOCATION MAP

run origin  load origin   length   init length attrs members
----------  ----------- ---------- ----------- ----- -------
00000000    00000000    00002938   00002938    r-x
  00000000    00000000    000000e4   000000e4    r-- .intvecs
  000000e4    000000e4    0000280a   0000280a    r-x .text
  000028f0    000028f0    00000048   00000048    r-- .cinit
20000000    20000000    000001d4   00000000    rw-
  20000000    20000000    0000017c   00000000    rw- .bss
  2000017c    2000017c    00000058   00000000    rw- .data
2000fe00    2000fe00    00000200   00000000    rw-
  2000fe00    2000fe00    00000200   00000000    rw- .stack


SECTION ALLOCATION MAP

 output                                  attributes/
section   page    origin      length       input sections
--------  ----  ----------  ----------   ----------------
.intvecs   0    00000000    000000e4     
                  00000000    000000e4     startup_msp432p401r_ccs.obj (.intvecs:retain)

.text      0    000000e4    0000280a     
                  000000e4    00000940     main.obj (.text)
                  00000a24    000005b6     EUSCIA0.obj (.text)
                  00000fda    00000002     --HOLE-- [fill = 0]
                  00000fdc    00000404     Motor.obj (.text)
                  000013e0    0000032c     system_msp432p401r.obj (.text)
                  0000170c    000001ec     DAC.obj (.text)
                  000018f8    000001e0     Clock.obj (.text)
                  00001ad8    000001b6     rtsv7M4_T_le_v4SPD16_eabi.lib : fd_add_t2.asm.obj (.text)
                  00001c8e    00000002     --HOLE-- [fill = 0]
                  00001c90    00000184     ADC.obj (.text)
                  00001e14    00000136     rtsv7M4_T_le_v4SPD16_eabi.lib : fd_div_t2.asm.obj (.text)
                  00001f4a    00000002     --HOLE-- [fill = 0]
                  00001f4c    00000130     FIFO0.obj (.text)
                  0000207c    0000011c     LaunchPad.obj (.text)
                  00002198    000000fc     rtsv7M4_T_le_v4SPD16_eabi.lib : fd_mul_t2.asm.obj (.text)
                  00002294    000000f8                                   : s_floor.c.obj (.text:floor)
                  0000238c    000000c0                                   : s_round.c.obj (.text:round)
                  0000244c    0000009c                                   : memcpy_t2.asm.obj (.text)
                  000024e8    00000086                                   : fd_cmp_t2.asm.obj (.text:__aeabi_cdcmple)
                  0000256e    00000086                                   : fd_cmp_t2.asm.obj (.text:__aeabi_cdrcmple)
                  000025f4    0000006e                                   : fd_tos_t2.asm.obj (.text)
                  00002662    00000002     --HOLE-- [fill = 0]
                  00002664    0000006c     SysTick.obj (.text)
                  000026d0    00000068     rtsv7M4_T_le_v4SPD16_eabi.lib : copy_decompress_lzss.c.obj (.text:decompress:lzss:__TI_decompress_lzss)
                  00002738    00000048                                   : fd_toi_t2.asm.obj (.text)
                  00002780    00000044                                   : autoinit.c.obj (.text:__TI_auto_init_nobinit_nopinit:__TI_auto_init_nobinit_nopinit)
                  000027c4    00000038                                   : boot_cortex_m.c.obj (.text:_c_int00_noargs:_c_int00_noargs)
                  000027fc    00000038                                   : fs_tod_t2.asm.obj (.text)
                  00002834    0000002e                                   : i_tofd_t2.asm.obj (.text)
                  00002862    00000024     CortexM.obj (.text)
                  00002886    00000020     rtsv7M4_T_le_v4SPD16_eabi.lib : u_tofd_t2.asm.obj (.text)
                  000028a6    00000012     Util.obj (.text)
                  000028b8    00000012     rtsv7M4_T_le_v4SPD16_eabi.lib : copy_zero_init.c.obj (.text:decompress:ZI:__TI_zero_init_nomemset:__TI_zero_init_nomemset)
                  000028ca    0000000e                                   : copy_decompress_none.c.obj (.text:decompress:none:__TI_decompress_none)
                  000028d8    0000000e     startup_msp432p401r_ccs.obj (.text)
                  000028e6    00000004     rtsv7M4_T_le_v4SPD16_eabi.lib : pre_init.c.obj (.text:_system_pre_init)
                  000028ea    00000004                                   : exit.c.obj (.text:abort:abort)

.cinit     0    000028f0    00000048     
                  000028f0    0000001e     (.cinit..data.load) [load image, compression = lzss]
                  0000290e    00000002     --HOLE-- [fill = 0]
                  00002910    0000000c     (__TI_handler_table)
                  0000291c    00000004     --HOLE-- [fill = 0]
                  00002920    00000008     (.cinit..bss.load) [load image, compression = zero_init]
                  00002928    00000010     (__TI_cinit_table)

.init_array 
*          0    00000000    00000000     UNINITIALIZED

.binit     0    00000000    00000000     

.bss       0    20000000    0000017c     UNINITIALIZED
                  20000000    00000100     (.common:TxHistogram)
                  20000100    00000040     (.common:FIFO)
                  20000140    00000020     (.common:mems)
                  20000160    00000008     (.common:Messagec)
                  20000168    00000004     (.common:Messageindexc)
                  2000016c    00000004     (.common:memMask)
                  20000170    00000004     (.common:motorStartSysTickCountLeft)
                  20000174    00000004     (.common:motorStartSysTickCountRight)
                  20000178    00000002     (.common:popI)
                  2000017a    00000002     (.common:pushI)

.data      0    2000017c    00000058     UNINITIALIZED
                  2000017c    0000003c     main.obj (.data)
                  200001b8    00000018     Clock.obj (.data)
                  200001d0    00000004     system_msp432p401r.obj (.data)

.stack     0    2000fe00    00000200     UNINITIALIZED
                  2000fe00    00000004     rtsv7M4_T_le_v4SPD16_eabi.lib : boot_cortex_m.c.obj (.stack)
                  2000fe04    000001fc     --HOLE--

MODULE SUMMARY

       Module                        code    ro data   rw data
       ------                        ----    -------   -------
    .\
       main.obj                      2368    0         136    
    +--+-----------------------------+-------+---------+---------+
       Total:                        2368    0         136    
                                                              
    .\inc\
       EUSCIA0.obj                   1462    0         24     
       Motor.obj                     1028    0         0      
       FIFO0.obj                     304     0         648    
       system_msp432p401r.obj        812     0         8      
       Clock.obj                     480     0         48     
       DAC.obj                       492     0         0      
       ADC.obj                       388     0         72     
       LaunchPad.obj                 284     0         0      
       startup_msp432p401r_ccs.obj   14      228       0      
       SysTick.obj                   108     0         0      
       CortexM.obj                   36      0         0      
       Util.obj                      18      0         0      
    +--+-----------------------------+-------+---------+---------+
       Total:                        5426    228       800    
                                                              
    C:\ti\ccsv8\tools\compiler\ti-cgt-arm_18.1.4.LTS\lib\rtsv7M4_T_le_v4SPD16_eabi.lib
       fd_add_t2.asm.obj             438     0         0      
       fd_div_t2.asm.obj             310     0         0      
       fd_cmp_t2.asm.obj             268     0         0      
       fd_mul_t2.asm.obj             252     0         0      
       s_floor.c.obj                 248     0         0      
       s_round.c.obj                 192     0         0      
       memcpy_t2.asm.obj             156     0         0      
       fd_tos_t2.asm.obj             110     0         0      
       copy_decompress_lzss.c.obj    104     0         0      
       fd_toi_t2.asm.obj             72      0         0      
       autoinit.c.obj                68      0         0      
       boot_cortex_m.c.obj           56      0         0      
       fs_tod_t2.asm.obj             56      0         0      
       i_tofd_t2.asm.obj             46      0         0      
       u_tofd_t2.asm.obj             32      0         0      
       copy_zero_init.c.obj          18      0         0      
       copy_decompress_none.c.obj    14      0         0      
       exit.c.obj                    4       0         0      
       pre_init.c.obj                4       0         0      
    +--+-----------------------------+-------+---------+---------+
       Total:                        2448    0         0      
                                                              
       Stack:                        0       0         1024   
       Linker Generated:             0       66        0      
    +--+-----------------------------+-------+---------+---------+
       Grand Total:                  10242   294       1960   


LINKER GENERATED COPY TABLES

__TI_cinit_table @ 00002928 records: 2, size/record: 8, table size: 16
	.data: load addr=000028f0, load size=0000001e bytes, run addr=2000017c, run size=00000058 bytes, compression=lzss
	.bss: load addr=00002920, load size=00000008 bytes, run addr=20000000, run size=0000017c bytes, compression=zero_init


LINKER GENERATED HANDLER TABLE

__TI_handler_table @ 00002910 records: 3, size/record: 4, table size: 12
	index: 0, handler: __TI_decompress_lzss
	index: 1, handler: __TI_decompress_none
	index: 2, handler: __TI_zero_init


GLOBAL SYMBOLS: SORTED ALPHABETICALLY BY Name 

address   name                             
-------   ----                             
00001ce7  ADC14_AddInput                   
00001d41  ADC14_BeginConversion            
00001d9b  ADC14_EndConversion              
00001dd1  ADC14_EndConversionAtMem         
00001d25  ADC14_GetResult                  
000028e5  ADC14_IRQHandler                 
00001c91  ADC14_Init                       
00001d69  ADC14_WaitConversion             
00001d7f  ADC14_WaitConversionAtMem        
2000019c  ADC_BIAS_LEFT                    
200001a0  ADC_BIAS_RIGHT                   
20000190  ADC_PID_Left                     
20000194  ADC_PID_Right                    
200001a4  ADC_VDD_LEFT                     
200001a8  ADC_VDD_RIGHT                    
200001ac  ADC_VSS_LEFT                     
200001b0  ADC_VSS_RIGHT                    
000028e5  AES256_IRQHandler                
000028e5  BusFault_Handler                 
000028eb  C$$EXIT                          
200001b4  CALIBRATE_LEFT                   
200001b5  CALIBRATE_RIGHT                  
000028e5  COMP_E0_IRQHandler               
000028e5  COMP_E1_IRQHandler               
200001c0  CPMwait                          
000028e5  CS_IRQHandler                    
200001b8  ClockFrequency                   
00001a4d  Clock_Delay1ms                   
00001a23  Clock_Delay1us                   
00001a0f  Clock_GetFreq                    
000018f9  Clock_Init48MHz                  
200001cc  Crystalstable                    
000017c1  DAC_AnalogWrite                  
0000170d  DAC_Init                         
000017bb  DAC_Max                          
000017dd  DAC_PWM_AnalogWrite              
2000018c  DAC_PWM_Left                     
2000018e  DAC_PWM_Right                    
00001813  DAC_TLV5638_AnalogWrite          
00001857  DAC_TLV5638_AnalogWrite_WriteWord
00001737  DAC_TLV5638_Init                 
00001719  DAC_TimerA2_Init                 
200001b6  DIR_FORWARD_LEFT                 
200001b7  DIR_FORWARD_RIGHT                
000028e5  DMA_ERR_IRQHandler               
000028e5  DMA_INT0_IRQHandler              
000028e5  DMA_INT1_IRQHandler              
000028e5  DMA_INT2_IRQHandler              
000028e5  DMA_INT3_IRQHandler              
000028e5  DebugMon_Handler                 
000028e5  Default_Handler                  
00002863  DisableInterrupts                
00000ab9  EUSCIA0_IRQHandler               
00000ab9  EUSCIA0_IRQHandler               
00000a8d  EUSCIA0_InChar                   
00000f51  EUSCIA0_InString                 
00000b0d  EUSCIA0_InUDec                   
00000e05  EUSCIA0_InUHex                   
00000a25  EUSCIA0_Init                     
00000a9f  EUSCIA0_OutChar                  
00000aef  EUSCIA0_OutString                
00000b91  EUSCIA0_OutUDec                  
00000d1d  EUSCIA0_OutUDec4                 
00000d55  EUSCIA0_OutUDec5                 
00000d91  EUSCIA0_OutUFix1                 
00000db9  EUSCIA0_OutUFix2                 
00000ecd  EUSCIA0_OutUHex                  
00000f33  EUSCIA0_OutUHex2                 
00000f11  EUSCIA0outnibble                 
000028e5  EUSCIA1_IRQHandler               
000028e5  EUSCIA2_IRQHandler               
000028e5  EUSCIA3_IRQHandler               
000028e5  EUSCIB0_IRQHandler               
000028e5  EUSCIB1_IRQHandler               
000028e5  EUSCIB2_IRQHandler               
000028e5  EUSCIB3_IRQHandler               
00002869  EnableInterrupts                 
00002879  EndCritical                      
20000100  FIFO                             
000028e5  FLCTL_IRQHandler                 
000028e5  FPU_IRQHandler                   
000028e5  HardFault_Handler                
200001c8  IFlags                           
0000207d  LaunchPad_Init                   
0000210b  LaunchPad_Input                  
00002125  LaunchPad_LED                    
00002143  LaunchPad_Output                 
000028e5  MemManage_Handler                
20000160  Messagec                         
20000168  Messageindexc                    
000028e5  NMI_Handler                      
000028e5  PCM_IRQHandler                   
000028e5  PORT1_IRQHandler                 
000028e5  PORT2_IRQHandler                 
000028e5  PORT3_IRQHandler                 
000007c1  PORT4_IRQHandler                 
000007c1  PORT4_IRQHandler                 
00000859  PORT5_IRQHandler                 
00000859  PORT5_IRQHandler                 
000028e5  PORT6_IRQHandler                 
000028e5  PSS_IRQHandler                   
00001325  PWM_Duty1                        
0000135d  PWM_Duty2                        
000012a1  PWM_Init12                       
000028e5  PendSV_Handler                   
200001c4  Postwait                         
200001bc  Prewait                          
000028e5  RTC_C_IRQHandler                 
000028d9  Reset_Handler                    
0000205b  RxFifo0_Get                      
0000204b  RxFifo0_Init                     
0000204d  RxFifo0_Put                      
00002067  RxFifo0_Size                     
000028e5  SVC_Handler                      
0000286f  StartCritical                    
000028e5  SysTick_Handler                  
00002665  SysTick_Init                     
00002675  SysTick_Wait                     
0000269b  SysTick_Wait10ms                 
200001d0  SystemCoreClock                  
000013e1  SystemCoreClockUpdate            
00001655  SystemInit                       
000028e5  T32_INT1_IRQHandler              
000028e5  T32_INT2_IRQHandler              
000028e5  T32_INTC_IRQHandler              
000028e5  TA0_0_IRQHandler                 
000028e5  TA0_N_IRQHandler                 
0000078f  TA1_0_IRQHandler                 
0000078f  TA1_0_IRQHandler                 
000001c7  TA1_Init                         
000028e5  TA1_N_IRQHandler                 
000028e5  TA2_0_IRQHandler                 
000028e5  TA2_N_IRQHandler                 
000028e5  TA3_0_IRQHandler                 
000028e5  TA3_N_IRQHandler                 
00001fd9  TxFifo0_Get                      
00001f4d  TxFifo0_Init                     
00001f89  TxFifo0_Put                      
00002017  TxFifo0_Size                     
20000000  TxHistogram                      
000028e5  UsageFault_Handler               
20000198  VEHICLE_PWM_Left                 
2000019a  VEHICLE_PWM_Right                
4000480c  WDTCTL_SYM                       
000028e5  WDT_A_IRQHandler                 
00002881  WaitForInterrupt                 
20010000  __STACK_END                      
00000200  __STACK_SIZE                     
00002928  __TI_CINIT_Base                  
00002938  __TI_CINIT_Limit                 
00002910  __TI_Handler_Table_Base          
0000291c  __TI_Handler_Table_Limit         
00002781  __TI_auto_init_nobinit_nopinit   
000026d1  __TI_decompress_lzss             
000028cb  __TI_decompress_none             
ffffffff  __TI_pprof_out_hndl              
ffffffff  __TI_prof_data_size              
ffffffff  __TI_prof_data_start             
00000000  __TI_static_base__               
000028b9  __TI_zero_init_nomemset          
000024e9  __aeabi_cdcmpeq                  
000024e9  __aeabi_cdcmple                  
0000256f  __aeabi_cdrcmple                 
000025f5  __aeabi_d2f                      
00002739  __aeabi_d2iz                     
00001ae3  __aeabi_dadd                     
00001e15  __aeabi_ddiv                     
00002199  __aeabi_dmul                     
00001ad9  __aeabi_dsub                     
000027fd  __aeabi_f2d                      
00002835  __aeabi_i2d                      
0000244d  __aeabi_memcpy                   
0000244d  __aeabi_memcpy4                  
0000244d  __aeabi_memcpy8                  
00002887  __aeabi_ui2d                     
ffffffff  __binit__                        
ffffffff  __c_args__                       
UNDEFED   __mpu_init                       
2000fe00  __stack                          
000027c5  _c_int00_noargs                  
UNDEFED   _system_post_cinit               
000028e7  _system_pre_init                 
000028eb  abort                            
ffffffff  binit                            
00000205  calibrateLeft                    
000002d7  calibrateRight                   
00001a15  delay                            
000000e5  enc_GPIO_init                    
00002295  floor                            
00002295  floorl                           
00000000  interruptVectors                 
2000017c  left_distance                    
20000184  left_distance_error              
0000090d  main                             
2000016c  memMask                          
0000244d  memcpy                           
20000140  mems                             
20000170  motorStartSysTickCountLeft       
20000174  motorStartSysTickCountRight      
00001385  ms2count                         
20000178  popI                             
2000017a  pushI                            
20000180  right_distance                   
20000188  right_distance_error             
0000238d  round                            
0000238d  roundl                           
000028a7  sleep                            
00000521  updateLeftADC                    
00000645  updateLeftCommand                
000003b5  updateLeftError                  
000005b9  updateRightADC                   
00000701  updateRightCommand               
00000491  updateRightError                 
000011c7  vehicle_GPIO_init                
00001289  vehicle_init                     
00001027  vehicle_move_backward            
00000fdd  vehicle_move_forward             
000010f5  vehicle_rotate_left              
00001149  vehicle_rotate_right             
00001215  vehicle_run_left                 
0000124f  vehicle_run_right                
000011b1  vehicle_stop                     
0000119d  vehicle_stop_left                
000011a7  vehicle_stop_right               
00001071  vehicle_turn_left                
000010b3  vehicle_turn_right               


GLOBAL SYMBOLS: SORTED BY Symbol Address 

address   name                             
-------   ----                             
00000000  __TI_static_base__               
00000000  interruptVectors                 
000000e5  enc_GPIO_init                    
000001c7  TA1_Init                         
00000200  __STACK_SIZE                     
00000205  calibrateLeft                    
000002d7  calibrateRight                   
000003b5  updateLeftError                  
00000491  updateRightError                 
00000521  updateLeftADC                    
000005b9  updateRightADC                   
00000645  updateLeftCommand                
00000701  updateRightCommand               
0000078f  TA1_0_IRQHandler                 
0000078f  TA1_0_IRQHandler                 
000007c1  PORT4_IRQHandler                 
000007c1  PORT4_IRQHandler                 
00000859  PORT5_IRQHandler                 
00000859  PORT5_IRQHandler                 
0000090d  main                             
00000a25  EUSCIA0_Init                     
00000a8d  EUSCIA0_InChar                   
00000a9f  EUSCIA0_OutChar                  
00000ab9  EUSCIA0_IRQHandler               
00000ab9  EUSCIA0_IRQHandler               
00000aef  EUSCIA0_OutString                
00000b0d  EUSCIA0_InUDec                   
00000b91  EUSCIA0_OutUDec                  
00000d1d  EUSCIA0_OutUDec4                 
00000d55  EUSCIA0_OutUDec5                 
00000d91  EUSCIA0_OutUFix1                 
00000db9  EUSCIA0_OutUFix2                 
00000e05  EUSCIA0_InUHex                   
00000ecd  EUSCIA0_OutUHex                  
00000f11  EUSCIA0outnibble                 
00000f33  EUSCIA0_OutUHex2                 
00000f51  EUSCIA0_InString                 
00000fdd  vehicle_move_forward             
00001027  vehicle_move_backward            
00001071  vehicle_turn_left                
000010b3  vehicle_turn_right               
000010f5  vehicle_rotate_left              
00001149  vehicle_rotate_right             
0000119d  vehicle_stop_left                
000011a7  vehicle_stop_right               
000011b1  vehicle_stop                     
000011c7  vehicle_GPIO_init                
00001215  vehicle_run_left                 
0000124f  vehicle_run_right                
00001289  vehicle_init                     
000012a1  PWM_Init12                       
00001325  PWM_Duty1                        
0000135d  PWM_Duty2                        
00001385  ms2count                         
000013e1  SystemCoreClockUpdate            
00001655  SystemInit                       
0000170d  DAC_Init                         
00001719  DAC_TimerA2_Init                 
00001737  DAC_TLV5638_Init                 
000017bb  DAC_Max                          
000017c1  DAC_AnalogWrite                  
000017dd  DAC_PWM_AnalogWrite              
00001813  DAC_TLV5638_AnalogWrite          
00001857  DAC_TLV5638_AnalogWrite_WriteWord
000018f9  Clock_Init48MHz                  
00001a0f  Clock_GetFreq                    
00001a15  delay                            
00001a23  Clock_Delay1us                   
00001a4d  Clock_Delay1ms                   
00001ad9  __aeabi_dsub                     
00001ae3  __aeabi_dadd                     
00001c91  ADC14_Init                       
00001ce7  ADC14_AddInput                   
00001d25  ADC14_GetResult                  
00001d41  ADC14_BeginConversion            
00001d69  ADC14_WaitConversion             
00001d7f  ADC14_WaitConversionAtMem        
00001d9b  ADC14_EndConversion              
00001dd1  ADC14_EndConversionAtMem         
00001e15  __aeabi_ddiv                     
00001f4d  TxFifo0_Init                     
00001f89  TxFifo0_Put                      
00001fd9  TxFifo0_Get                      
00002017  TxFifo0_Size                     
0000204b  RxFifo0_Init                     
0000204d  RxFifo0_Put                      
0000205b  RxFifo0_Get                      
00002067  RxFifo0_Size                     
0000207d  LaunchPad_Init                   
0000210b  LaunchPad_Input                  
00002125  LaunchPad_LED                    
00002143  LaunchPad_Output                 
00002199  __aeabi_dmul                     
00002295  floor                            
00002295  floorl                           
0000238d  round                            
0000238d  roundl                           
0000244d  __aeabi_memcpy                   
0000244d  __aeabi_memcpy4                  
0000244d  __aeabi_memcpy8                  
0000244d  memcpy                           
000024e9  __aeabi_cdcmpeq                  
000024e9  __aeabi_cdcmple                  
0000256f  __aeabi_cdrcmple                 
000025f5  __aeabi_d2f                      
00002665  SysTick_Init                     
00002675  SysTick_Wait                     
0000269b  SysTick_Wait10ms                 
000026d1  __TI_decompress_lzss             
00002739  __aeabi_d2iz                     
00002781  __TI_auto_init_nobinit_nopinit   
000027c5  _c_int00_noargs                  
000027fd  __aeabi_f2d                      
00002835  __aeabi_i2d                      
00002863  DisableInterrupts                
00002869  EnableInterrupts                 
0000286f  StartCritical                    
00002879  EndCritical                      
00002881  WaitForInterrupt                 
00002887  __aeabi_ui2d                     
000028a7  sleep                            
000028b9  __TI_zero_init_nomemset          
000028cb  __TI_decompress_none             
000028d9  Reset_Handler                    
000028e5  ADC14_IRQHandler                 
000028e5  AES256_IRQHandler                
000028e5  BusFault_Handler                 
000028e5  COMP_E0_IRQHandler               
000028e5  COMP_E1_IRQHandler               
000028e5  CS_IRQHandler                    
000028e5  DMA_ERR_IRQHandler               
000028e5  DMA_INT0_IRQHandler              
000028e5  DMA_INT1_IRQHandler              
000028e5  DMA_INT2_IRQHandler              
000028e5  DMA_INT3_IRQHandler              
000028e5  DebugMon_Handler                 
000028e5  Default_Handler                  
000028e5  EUSCIA1_IRQHandler               
000028e5  EUSCIA2_IRQHandler               
000028e5  EUSCIA3_IRQHandler               
000028e5  EUSCIB0_IRQHandler               
000028e5  EUSCIB1_IRQHandler               
000028e5  EUSCIB2_IRQHandler               
000028e5  EUSCIB3_IRQHandler               
000028e5  FLCTL_IRQHandler                 
000028e5  FPU_IRQHandler                   
000028e5  HardFault_Handler                
000028e5  MemManage_Handler                
000028e5  NMI_Handler                      
000028e5  PCM_IRQHandler                   
000028e5  PORT1_IRQHandler                 
000028e5  PORT2_IRQHandler                 
000028e5  PORT3_IRQHandler                 
000028e5  PORT6_IRQHandler                 
000028e5  PSS_IRQHandler                   
000028e5  PendSV_Handler                   
000028e5  RTC_C_IRQHandler                 
000028e5  SVC_Handler                      
000028e5  SysTick_Handler                  
000028e5  T32_INT1_IRQHandler              
000028e5  T32_INT2_IRQHandler              
000028e5  T32_INTC_IRQHandler              
000028e5  TA0_0_IRQHandler                 
000028e5  TA0_N_IRQHandler                 
000028e5  TA1_N_IRQHandler                 
000028e5  TA2_0_IRQHandler                 
000028e5  TA2_N_IRQHandler                 
000028e5  TA3_0_IRQHandler                 
000028e5  TA3_N_IRQHandler                 
000028e5  UsageFault_Handler               
000028e5  WDT_A_IRQHandler                 
000028e7  _system_pre_init                 
000028eb  C$$EXIT                          
000028eb  abort                            
00002910  __TI_Handler_Table_Base          
0000291c  __TI_Handler_Table_Limit         
00002928  __TI_CINIT_Base                  
00002938  __TI_CINIT_Limit                 
20000000  TxHistogram                      
20000100  FIFO                             
20000140  mems                             
20000160  Messagec                         
20000168  Messageindexc                    
2000016c  memMask                          
20000170  motorStartSysTickCountLeft       
20000174  motorStartSysTickCountRight      
20000178  popI                             
2000017a  pushI                            
2000017c  left_distance                    
20000180  right_distance                   
20000184  left_distance_error              
20000188  right_distance_error             
2000018c  DAC_PWM_Left                     
2000018e  DAC_PWM_Right                    
20000190  ADC_PID_Left                     
20000194  ADC_PID_Right                    
20000198  VEHICLE_PWM_Left                 
2000019a  VEHICLE_PWM_Right                
2000019c  ADC_BIAS_LEFT                    
200001a0  ADC_BIAS_RIGHT                   
200001a4  ADC_VDD_LEFT                     
200001a8  ADC_VDD_RIGHT                    
200001ac  ADC_VSS_LEFT                     
200001b0  ADC_VSS_RIGHT                    
200001b4  CALIBRATE_LEFT                   
200001b5  CALIBRATE_RIGHT                  
200001b6  DIR_FORWARD_LEFT                 
200001b7  DIR_FORWARD_RIGHT                
200001b8  ClockFrequency                   
200001bc  Prewait                          
200001c0  CPMwait                          
200001c4  Postwait                         
200001c8  IFlags                           
200001cc  Crystalstable                    
200001d0  SystemCoreClock                  
2000fe00  __stack                          
20010000  __STACK_END                      
4000480c  WDTCTL_SYM                       
ffffffff  __TI_pprof_out_hndl              
ffffffff  __TI_prof_data_size              
ffffffff  __TI_prof_data_start             
ffffffff  __binit__                        
ffffffff  __c_args__                       
ffffffff  binit                            
UNDEFED   __mpu_init                       
UNDEFED   _system_post_cinit               

[226 symbols]
