******************************************************************************
                  TI ARM Linker PC v18.1.4                     
******************************************************************************
>> Linked Sat Jan 26 01:30:40 2019

OUTPUT FILE NAME:   <adc14_multiple_channel_no_repeat_MSP_EXP432P401R_nortos_ccs.out>
ENTRY POINT SYMBOL: "_c_int00_noargs"  address: 00003669


MEMORY CONFIGURATION

         name            origin    length      used     unused   attr    fill
----------------------  --------  ---------  --------  --------  ----  --------
  MAIN                  00000000   00040000  00003a3c  0003c5c4  R  X
  INFO                  00200000   00004000  00000000  00004000  R  X
  SRAM_CODE             01000000   00010000  00000e58  0000f1a8  RW X
  SRAM_DATA             20000000   00010000  00000e58  0000f1a8  RW  


SEGMENT ALLOCATION MAP

run origin  load origin   length   init length attrs members
----------  ----------- ---------- ----------- ----- -------
00000000    00000000    00003a40   00003a40    r-x
  00000000    00000000    000000e4   000000e4    r-- .intvecs
  000000e4    000000e4    00003714   00003714    r-x .text
  000037f8    000037f8    00000184   00000184    r-- .const
  00003980    00003980    000000c0   000000c0    r-- .cinit
20000000    20000000    00000c58   00000000    rw-
  20000000    20000000    00000800   00000000    rw- .sysmem
  20000800    20000800    0000023c   00000000    rw- .data
  20000a3c    20000a3c    0000021c   00000000    rw- .bss
2000fe00    2000fe00    00000200   00000000    rw-
  2000fe00    2000fe00    00000200   00000000    rw- .stack


SECTION ALLOCATION MAP

 output                                  attributes/
section   page    origin      length       input sections
--------  ----  ----------  ----------   ----------------
.intvecs   0    00000000    000000e4     
                  00000000    000000e4     startup_msp432p401r_ccs.obj (.intvecs:retain)

.text      0    000000e4    00003714     
                  000000e4    00000a4a     rtsv7M4_T_le_eabi.lib : _printfi.c.obj (.text:__TI_printfi)
                  00000b2e    00000002     startup_msp432p401r_ccs.obj (.text:Default_Handler)
                  00000b30    000007f0     pick_place_close.obj (.text:ADC14_IRQHandler)
                  00001320    00000270     pick_place_close.obj (.text:main)
                  00001590    00000268     rtsv7M4_T_le_eabi.lib : _printfi.c.obj (.text:_pconv_a)
                  000017f8    000001cc                           : _printfi.c.obj (.text:_pconv_g)
                  000019c4    000001b6                           : fd_add_t2.asm.obj (.text)
                  00001b7a    00000002                           : _lock.c.obj (.text:_nop)
                  00001b7c    0000013c                           : _printfi.c.obj (.text:_pconv_e)
                  00001cb8    00000136                           : fd_div_t2.asm.obj (.text)
                  00001dee    00000002                           : div0.asm.obj (.text)
                  00001df0    00000120                           : _printfi.c.obj (.text:fcvt)
                  00001f10    00000114                           : fputs.c.obj (.text:fputs)
                  00002024    000000fc                           : fd_mul_t2.asm.obj (.text)
                  00002120    000000fa                           : fs_add_t2.asm.obj (.text)
                  0000221a    00000002     --HOLE-- [fill = 0]
                  0000221c    000000dc                           : setvbuf.c.obj (.text:setvbuf)
                  000022f8    000000d8                           : memory.c.obj (.text:free)
                  000023d0    000000d0                           : s_scalbn.c.obj (.text:scalbn)
                  000024a0    000000b1                           : _printfi.c.obj (.text:_ltostr)
                  00002551    00000001     --HOLE-- [fill = 0]
                  00002552    0000009c                           : memcpy_t2.asm.obj (.text)
                  000025ee    00000096                           : ull_div_t2.asm.obj (.text)
                  00002684    0000008c                           : fputc.c.obj (.text:fputc)
                  00002710    00000086                           : fd_cmp_t2.asm.obj (.text:__aeabi_cdcmple)
                  00002796    00000086                           : fd_cmp_t2.asm.obj (.text:__aeabi_cdrcmple)
                  0000281c    0000007a                           : fs_mul_t2.asm.obj (.text)
                  00002896    0000007a                           : memset_t2.asm.obj (.text)
                  00002910    00000078     msp432p4xx_driverlib.lib : adc14.o (.text:ADC14_getMultiSequenceResult)
                  00002988    00000078     rtsv7M4_T_le_eabi.lib : memory.c.obj (.text:malloc)
                  00002a00    00000074                           : fclose.c.obj (.text:__TI_closefile)
                  00002a74    0000006e                           : _printfi.c.obj (.text:_mcpy)
                  00002ae2    0000006e                           : fd_tos_t2.asm.obj (.text)
                  00002b50    0000006c     system_msp432p401r.obj (.text:SystemInit)
                  00002bbc    00000068     rtsv7M4_T_le_eabi.lib : hostlseek.c.obj (.text:HOSTlseek)
                  00002c24    00000068                           : hostrename.c.obj (.text:HOSTrename)
                  00002c8c    00000068                           : copy_decompress_lzss.c.obj (.text:decompress:lzss:__TI_decompress_lzss)
                  00002cf4    00000068                           : printf.c.obj (.text:printf)
                  00002d5c    00000064                           : fseek.c.obj (.text:fseek)
                  00002dc0    00000062                           : _io_perm.c.obj (.text:__TI_wrt_ok)
                  00002e22    00000002     --HOLE-- [fill = 0]
                  00002e24    00000060                           : hostopen.c.obj (.text:HOSTopen)
                  00002e84    00000060                           : fs_cmp_t2.asm.obj (.text:__aeabi_cfcmple)
                  00002ee4    00000060                           : fs_cmp_t2.asm.obj (.text:__aeabi_cfrcmple)
                  00002f44    0000005c                           : close.c.obj (.text:close)
                  00002fa0    0000005c                           : s_frexp.c.obj (.text:frexp)
                  00002ffc    00000058                           : hostread.c.obj (.text:HOSTread)
                  00003054    00000058                           : hostwrite.c.obj (.text:HOSTwrite)
                  000030ac    00000056                           : _printfi.c.obj (.text:_pconv_f)
                  00003102    00000054                           : ltoa.c.obj (.text:ltoa)
                  00003156    00000052                           : _printfi.c.obj (.text:_ecpy)
                  000031a8    0000004c                           : fflush.c.obj (.text:__TI_doflush)
                  000031f4    0000004c                           : atoi.c.obj (.text:atoi)
                  00003240    00000048                           : exit.c.obj (.text:exit)
                  00003288    00000048                           : fd_toi_t2.asm.obj (.text)
                  000032d0    00000044                           : hostclose.c.obj (.text:HOSTclose)
                  00003314    00000044                           : hostunlink.c.obj (.text:HOSTunlink)
                  00003358    00000044                           : autoinit.c.obj (.text:__TI_auto_init_nobinit_nopinit:__TI_auto_init_nobinit_nopinit)
                  0000339c    00000044                           : getdevice.c.obj (.text:getdevice)
                  000033e0    0000003e                           : _printfi.c.obj (.text:_fcpy)
                  0000341e    00000002     --HOLE-- [fill = 0]
                  00003420    0000003c                           : memory.c.obj (.text:minsert)
                  0000345c    00000038                           : trgmsg.c.obj (.text:__TI_writemsg)
                  00003494    00000038                           : memory.c.obj (.text:minit)
                  000034cc    00000038                           : fs_tod_t2.asm.obj (.text)
                  00003504    00000038                           : i_tofs_t2.asm.obj (.text)
                  0000353c    00000036                           : strncpy.c.obj (.text:strncpy)
                  00003572    00000002     --HOLE-- [fill = 0]
                  00003574    00000034                           : fopen.c.obj (.text:__TI_cleanup)
                  000035a8    00000034                           : trgmsg.c.obj (.text:__TI_readmsg)
                  000035dc    00000030                           : getdevice.c.obj (.text:finddevice)
                  0000360c    0000002e                           : i_tofd_t2.asm.obj (.text)
                  0000363a    00000002     --HOLE-- [fill = 0]
                  0000363c    0000002c                           : unlink.c.obj (.text:unlink)
                  00003668    00000028                           : boot_cortex_m.c.obj (.text:_c_int00_noargs:_c_int00_noargs)
                  00003690    00000028                           : lseek.c.obj (.text:lseek)
                  000036b8    00000028                           : memory.c.obj (.text:mremove)
                  000036e0    00000028                           : write.c.obj (.text:write)
                  00003708    00000020                           : memchr.c.obj (.text:memchr)
                  00003728    0000001c                           : memccpy.c.obj (.text:memccpy)
                  00003744    00000018                           : strcmp.c.obj (.text:strcmp)
                  0000375c    00000016                           : strchr.c.obj (.text:strchr)
                  00003772    00000014                           : strcpy.c.obj (.text:strcpy)
                  00003786    00000014                           : strlen.c.obj (.text:strlen)
                  0000379a    00000012                           : copy_zero_init.c.obj (.text:decompress:ZI:__TI_zero_init_nomemset:__TI_zero_init_nomemset)
                  000037ac    00000012                           : wcslen.c.obj (.text:wcslen)
                  000037be    0000000e                           : copy_decompress_none.c.obj (.text:decompress:none:__TI_decompress_none)
                  000037cc    0000000c     startup_msp432p401r_ccs.obj (.text:Reset_Handler)
                  000037d8    00000008     rtsv7M4_T_le_eabi.lib : errno.c.obj (.text:__aeabi_errno_addr)
                  000037e0    00000008                           : s_copysign.c.obj (.text:copysign)
                  000037e8    00000004                           : printf.c.obj (.text:_outc)
                  000037ec    00000004                           : printf.c.obj (.text:_outs)
                  000037f0    00000004                           : pre_init.c.obj (.text:_system_pre_init)
                  000037f4    00000004                           : exit.c.obj (.text:abort:abort)

.const     0    000037f8    00000184     
                  000037f8    00000101     rtsv7M4_T_le_eabi.lib : ctype.c.obj (.const:.string:_ctypes_)
                  000038f9    00000003     --HOLE-- [fill = 0]
                  000038fc    00000080     msp432p4xx_driverlib.lib : adc14.o (.const:_ctlRegs)

.cinit     0    00003980    000000c0     
                  00003980    00000097     (.cinit..data.load) [load image, compression = lzss]
                  00003a17    00000001     --HOLE-- [fill = 0]
                  00003a18    0000000c     (__TI_handler_table)
                  00003a24    00000004     --HOLE-- [fill = 0]
                  00003a28    00000008     (.cinit..bss.load) [load image, compression = zero_init]
                  00003a30    00000010     (__TI_cinit_table)

.init_array 
*          0    00000000    00000000     UNINITIALIZED

.binit     0    00000000    00000000     

.sysmem    0    20000000    00000800     UNINITIALIZED
                  20000000    00000008     rtsv7M4_T_le_eabi.lib : memory.c.obj (.sysmem)
                  20000008    000007f8     --HOLE--

.data      0    20000800    0000023c     UNINITIALIZED
                  20000800    000000f0     rtsv7M4_T_le_eabi.lib : defs.c.obj (.data:_ftable)
                  200008f0    00000078                           : write.c.obj (.data:_device)
                  20000968    00000050                           : write.c.obj (.data:_stream)
                  200009b8    00000020     pick_place_close.obj (.data)
                  200009d8    00000018     pick_place_close.obj (.data:pwmConfig2)
                  200009f0    00000018     pick_place_close.obj (.data:pwmConfig)
                  20000a08    00000010     rtsv7M4_T_le_eabi.lib : defs.c.obj (.data)
                  20000a18    0000000c                           : exit.c.obj (.data:$O1$$)
                  20000a24    0000000c                           : memory.c.obj (.data:$O1$$)
                  20000a30    00000008                           : _lock.c.obj (.data:$O1$$)
                  20000a38    00000004                           : errno.c.obj (.data)

.bss       0    20000a3c    0000021c     UNINITIALIZED
                  20000a3c    00000120     rtsv7M4_T_le_eabi.lib : trgmsg.c.obj (.bss:_CIOBUF_)
                  20000b5c    000000a0     (.common:__TI_tmpnams)
                  20000bfc    00000010     (.common:resultsBuffer)
                  20000c0c    00000008     (.common:parmbuf)
                  20000c14    00000004     (.common:a)
                  20000c18    00000004     (.common:b)
                  20000c1c    00000004     (.common:c)
                  20000c20    00000004     (.common:d)
                  20000c24    00000004     (.common:direction)
                  20000c28    00000004     (.common:direction_1)
                  20000c2c    00000004     (.common:direction_2)
                  20000c30    00000004     (.common:i)
                  20000c34    00000004     (.common:loop)
                  20000c38    00000004     (.common:pidoutput1)
                  20000c3c    00000004     (.common:pidoutput2)
                  20000c40    00000004     (.common:val1)
                  20000c44    00000004     (.common:val2)
                  20000c48    00000004     (.common:val3)
                  20000c4c    00000004     (.common:value1)
                  20000c50    00000004     (.common:value2)
                  20000c54    00000004     (.common:value3)

.stack     0    2000fe00    00000200     UNINITIALIZED
                  2000fe00    00000004     rtsv7M4_T_le_eabi.lib : boot_cortex_m.c.obj (.stack)
                  2000fe04    000001fc     --HOLE--

MODULE SUMMARY

       Module                        code    ro data   rw data
       ------                        ----    -------   -------
    .\
       pick_place_close.obj          2656    0         328    
       system_msp432p401r.obj        108     0         0      
    +--+-----------------------------+-------+---------+---------+
       Total:                        2764    0         328    
                                                              
    .\ccs\
       startup_msp432p401r_ccs.obj   14      228       0      
    +--+-----------------------------+-------+---------+---------+
       Total:                        14      228       0      
                                                              
    C:/ti/simplelink_msp432p4_sdk_2_30_00_14/source/ti/devices/msp432p4xx/driverlib/ccs/msp432p4xx_driverlib.lib
       adc14.o                       120     128       0      
    +--+-----------------------------+-------+---------+---------+
       Total:                        120     128       0      
                                                              
    C:\ti\ccsv8\tools\compiler\ti-cgt-arm_18.1.4.LTS\lib\rtsv7M4_T_le_eabi.lib
       _printfi.c.obj                4831    0         0      
       defs.c.obj                    0       0         832    
       trgmsg.c.obj                  108     0         576    
       memory.c.obj                  492     0         24     
       write.c.obj                   40      0         400    
       fd_add_t2.asm.obj             438     0         0      
       fd_div_t2.asm.obj             310     0         0      
       fputs.c.obj                   276     0         0      
       fd_cmp_t2.asm.obj             268     0         0      
       ctype.c.obj                   0       257       0      
       fd_mul_t2.asm.obj             252     0         0      
       fs_add_t2.asm.obj             250     0         0      
       setvbuf.c.obj                 220     0         0      
       s_scalbn.c.obj                208     0         0      
       fs_cmp_t2.asm.obj             192     0         0      
       memcpy_t2.asm.obj             156     0         0      
       ull_div_t2.asm.obj            150     0         0      
       fputc.c.obj                   140     0         0      
       fs_mul_t2.asm.obj             122     0         0      
       memset_t2.asm.obj             122     0         0      
       fclose.c.obj                  116     0         0      
       getdevice.c.obj               116     0         0      
       hostopen.c.obj                96      0         16     
       printf.c.obj                  112     0         0      
       fd_tos_t2.asm.obj             110     0         0      
       copy_decompress_lzss.c.obj    104     0         0      
       hostlseek.c.obj               104     0         0      
       hostrename.c.obj              104     0         0      
       exit.c.obj                    76      0         24     
       fseek.c.obj                   100     0         0      
       _io_perm.c.obj                98      0         0      
       close.c.obj                   92      0         0      
       s_frexp.c.obj                 92      0         0      
       hostread.c.obj                88      0         0      
       hostwrite.c.obj               88      0         0      
       ltoa.c.obj                    84      0         0      
       atoi.c.obj                    76      0         0      
       fflush.c.obj                  76      0         0      
       fd_toi_t2.asm.obj             72      0         0      
       autoinit.c.obj                68      0         0      
       hostclose.c.obj               68      0         0      
       hostunlink.c.obj              68      0         0      
       fs_tod_t2.asm.obj             56      0         0      
       i_tofs_t2.asm.obj             56      0         0      
       strncpy.c.obj                 54      0         0      
       fopen.c.obj                   52      0         0      
       i_tofd_t2.asm.obj             46      0         0      
       unlink.c.obj                  44      0         0      
       boot_cortex_m.c.obj           40      0         0      
       lseek.c.obj                   40      0         0      
       memchr.c.obj                  32      0         0      
       memccpy.c.obj                 28      0         0      
       strcmp.c.obj                  24      0         0      
       strchr.c.obj                  22      0         0      
       strcpy.c.obj                  20      0         0      
       strlen.c.obj                  20      0         0      
       _lock.c.obj                   2       0         16     
       copy_zero_init.c.obj          18      0         0      
       wcslen.c.obj                  18      0         0      
       errno.c.obj                   8       0         8      
       copy_decompress_none.c.obj    14      0         0      
       s_copysign.c.obj              8       0         0      
       pre_init.c.obj                4       0         0      
       div0.asm.obj                  2       0         0      
    +--+-----------------------------+-------+---------+---------+
       Total:                        11191   257       1896   
                                                              
       Heap:                         0       0         4096   
       Stack:                        0       0         1024   
       Linker Generated:             0       187       0      
    +--+-----------------------------+-------+---------+---------+
       Grand Total:                  14089   800       7344   


LINKER GENERATED COPY TABLES

__TI_cinit_table @ 00003a30 records: 2, size/record: 8, table size: 16
	.data: load addr=00003980, load size=00000097 bytes, run addr=20000800, run size=0000023c bytes, compression=lzss
	.bss: load addr=00003a28, load size=00000008 bytes, run addr=20000a3c, run size=0000021c bytes, compression=zero_init


LINKER GENERATED HANDLER TABLE

__TI_handler_table @ 00003a18 records: 3, size/record: 4, table size: 12
	index: 0, handler: __TI_decompress_lzss
	index: 1, handler: __TI_decompress_none
	index: 2, handler: __TI_zero_init


GLOBAL SYMBOLS: SORTED ALPHABETICALLY BY Name 

address   name                           
-------   ----                           
00000b31  ADC14_IRQHandler               
00000b31  ADC14_IRQHandler               
00002911  ADC14_getMultiSequenceResult   
00000b2f  AES256_IRQHandler              
00000b2f  BusFault_Handler               
000037f5  C$$EXIT                        
0000348b  C$$IO$$                        
00000b2f  COMP_E0_IRQHandler             
00000b2f  COMP_E1_IRQHandler             
00000b2f  CS_IRQHandler                  
00000b2f  DMA_ERR_IRQHandler             
00000b2f  DMA_INT0_IRQHandler            
00000b2f  DMA_INT1_IRQHandler            
00000b2f  DMA_INT2_IRQHandler            
00000b2f  DMA_INT3_IRQHandler            
00000b2f  DebugMon_Handler               
00000b2f  Default_Handler                
00000b2f  EUSCIA0_IRQHandler             
00000b2f  EUSCIA1_IRQHandler             
00000b2f  EUSCIA2_IRQHandler             
00000b2f  EUSCIA3_IRQHandler             
00000b2f  EUSCIB0_IRQHandler             
00000b2f  EUSCIB1_IRQHandler             
00000b2f  EUSCIB2_IRQHandler             
00000b2f  EUSCIB3_IRQHandler             
00000b2f  FLCTL_IRQHandler               
00000b2f  FPU_IRQHandler                 
000032d1  HOSTclose                      
00002bbd  HOSTlseek                      
00002e25  HOSTopen                       
00002ffd  HOSTread                       
00002c25  HOSTrename                     
00003315  HOSTunlink                     
00003055  HOSTwrite                      
00000b2f  HardFault_Handler              
00000b2f  MemManage_Handler              
00000b2f  NMI_Handler                    
00000b2f  PCM_IRQHandler                 
00000b2f  PORT1_IRQHandler               
00000b2f  PORT2_IRQHandler               
00000b2f  PORT3_IRQHandler               
00000b2f  PORT4_IRQHandler               
00000b2f  PORT5_IRQHandler               
00000b2f  PORT6_IRQHandler               
00000b2f  PSS_IRQHandler                 
00000b2f  PendSV_Handler                 
00000b2f  RTC_C_IRQHandler               
000037cd  Reset_Handler                  
00000b2f  SVC_Handler                    
00000b2f  SysTick_Handler                
00002b51  SystemInit                     
00000b2f  T32_INT1_IRQHandler            
00000b2f  T32_INT2_IRQHandler            
00000b2f  T32_INTC_IRQHandler            
00000b2f  TA0_0_IRQHandler               
00000b2f  TA0_N_IRQHandler               
00000b2f  TA1_0_IRQHandler               
00000b2f  TA1_N_IRQHandler               
00000b2f  TA2_0_IRQHandler               
00000b2f  TA2_N_IRQHandler               
00000b2f  TA3_0_IRQHandler               
00000b2f  TA3_N_IRQHandler               
00000b2f  UsageFault_Handler             
4000480c  WDTCTL_SYM                     
00000b2f  WDT_A_IRQHandler               
20000a3c  __CIOBUF_                      
20010000  __STACK_END                    
00000200  __STACK_SIZE                   
00000800  __SYSMEM_SIZE                  
00003a30  __TI_CINIT_Base                
00003a40  __TI_CINIT_Limit               
00003a18  __TI_Handler_Table_Base        
00003a24  __TI_Handler_Table_Limit       
00003359  __TI_auto_init_nobinit_nopinit 
00003575  __TI_cleanup                   
20000a18  __TI_cleanup_ptr               
00002a01  __TI_closefile                 
00002c8d  __TI_decompress_lzss           
000037bf  __TI_decompress_none           
000031a9  __TI_doflush                   
20000a1c  __TI_dtors_ptr                 
20000a20  __TI_enable_exit_profile_output
20000a08  __TI_ft_end                    
ffffffff  __TI_pprof_out_hndl            
000000e5  __TI_printfi                   
ffffffff  __TI_prof_data_size            
ffffffff  __TI_prof_data_start           
000035a9  __TI_readmsg                   
00000000  __TI_static_base__             
20000b5c  __TI_tmpnams                   
0000345d  __TI_writemsg                  
00002dc1  __TI_wrt_ok                    
0000379b  __TI_zero_init_nomemset        
00002711  __aeabi_cdcmpeq                
00002711  __aeabi_cdcmple                
00002797  __aeabi_cdrcmple               
00002e85  __aeabi_cfcmpeq                
00002e85  __aeabi_cfcmple                
00002ee5  __aeabi_cfrcmple               
00002ae3  __aeabi_d2f                    
00003289  __aeabi_d2iz                   
000019cf  __aeabi_dadd                   
00001cb9  __aeabi_ddiv                   
00002025  __aeabi_dmul                   
000019c5  __aeabi_dsub                   
000037d9  __aeabi_errno_addr             
000034cd  __aeabi_f2d                    
00002125  __aeabi_fadd                   
0000281d  __aeabi_fmul                   
00002121  __aeabi_fsub                   
0000360d  __aeabi_i2d                    
00003505  __aeabi_i2f                    
00001def  __aeabi_idiv0                  
00001def  __aeabi_ldiv0                  
00002897  __aeabi_memclr                 
00002897  __aeabi_memclr4                
00002897  __aeabi_memclr8                
00002553  __aeabi_memcpy                 
00002553  __aeabi_memcpy4                
00002553  __aeabi_memcpy8                
00002899  __aeabi_memset                 
00002899  __aeabi_memset4                
00002899  __aeabi_memset8                
20000a14  __aeabi_stderr                 
20000a0c  __aeabi_stdin                  
20000a10  __aeabi_stdout                 
000025ef  __aeabi_uldivmod               
ffffffff  __binit__                      
ffffffff  __c_args__                     
UNDEFED   __mpu_init                     
2000fe00  __stack                        
00003669  _c_int00_noargs                
000037f8  _ctypes_                       
200008f0  _device                        
20000800  _ftable                        
20000a30  _lock                          
00001b7b  _nop                           
20000968  _stream                        
20000000  _sys_memory                    
UNDEFED   _system_post_cinit             
000037f1  _system_pre_init               
20000a34  _unlock                        
20000c14  a                              
000037f5  abort                          
000031f5  atoi                           
20000c18  b                              
ffffffff  binit                          
20000c1c  c                              
00002f45  close                          
000037e1  copysign                       
000037e1  copysignl                      
20000c20  d                              
200009c8  desvolt1                       
200009cc  desvolt2                       
20000c24  direction                      
20000c28  direction_1                    
20000c2c  direction_2                    
20000a38  errno                          
200009d0  error1                         
200009d4  error2                         
00003241  exit                           
000035dd  finddevice                     
00002685  fputc                          
00001f11  fputs                          
000022f9  free                           
00002fa1  frexp                          
00002fa1  frexpl                         
00002d5d  fseek                          
0000339d  getdevice                      
20000c30  i                              
00000000  interruptVectors               
200009c4  kp                             
000023d1  ldexp                          
000023d1  ldexpl                         
20000c34  loop                           
00003691  lseek                          
00003103  ltoa                           
00001321  main                           
00002989  malloc                         
00003729  memccpy                        
00003709  memchr                         
00002553  memcpy                         
0000289f  memset                         
00003495  minit                          
20000c0c  parmbuf                        
20000c38  pidoutput1                     
20000c3c  pidoutput2                     
00002cf5  printf                         
00002685  putc                           
200009f0  pwmConfig                      
200009d8  pwmConfig2                     
200009c0  pwmval                         
200009b8  range1                         
200009bc  range2                         
0000363d  remove                         
20000bfc  resultsBuffer                  
000023d1  scalbn                         
000023d1  scalbnl                        
0000221d  setvbuf                        
0000375d  strchr                         
00003745  strcmp                         
00003773  strcpy                         
00003787  strlen                         
0000353d  strncpy                        
0000363d  unlink                         
20000c40  val1                           
20000c44  val2                           
20000c48  val3                           
20000c4c  value1                         
20000c50  value2                         
20000c54  value3                         
000037ad  wcslen                         
000036e1  write                          


GLOBAL SYMBOLS: SORTED BY Symbol Address 

address   name                           
-------   ----                           
00000000  __TI_static_base__             
00000000  interruptVectors               
000000e5  __TI_printfi                   
00000200  __STACK_SIZE                   
00000800  __SYSMEM_SIZE                  
00000b2f  AES256_IRQHandler              
00000b2f  BusFault_Handler               
00000b2f  COMP_E0_IRQHandler             
00000b2f  COMP_E1_IRQHandler             
00000b2f  CS_IRQHandler                  
00000b2f  DMA_ERR_IRQHandler             
00000b2f  DMA_INT0_IRQHandler            
00000b2f  DMA_INT1_IRQHandler            
00000b2f  DMA_INT2_IRQHandler            
00000b2f  DMA_INT3_IRQHandler            
00000b2f  DebugMon_Handler               
00000b2f  Default_Handler                
00000b2f  EUSCIA0_IRQHandler             
00000b2f  EUSCIA1_IRQHandler             
00000b2f  EUSCIA2_IRQHandler             
00000b2f  EUSCIA3_IRQHandler             
00000b2f  EUSCIB0_IRQHandler             
00000b2f  EUSCIB1_IRQHandler             
00000b2f  EUSCIB2_IRQHandler             
00000b2f  EUSCIB3_IRQHandler             
00000b2f  FLCTL_IRQHandler               
00000b2f  FPU_IRQHandler                 
00000b2f  HardFault_Handler              
00000b2f  MemManage_Handler              
00000b2f  NMI_Handler                    
00000b2f  PCM_IRQHandler                 
00000b2f  PORT1_IRQHandler               
00000b2f  PORT2_IRQHandler               
00000b2f  PORT3_IRQHandler               
00000b2f  PORT4_IRQHandler               
00000b2f  PORT5_IRQHandler               
00000b2f  PORT6_IRQHandler               
00000b2f  PSS_IRQHandler                 
00000b2f  PendSV_Handler                 
00000b2f  RTC_C_IRQHandler               
00000b2f  SVC_Handler                    
00000b2f  SysTick_Handler                
00000b2f  T32_INT1_IRQHandler            
00000b2f  T32_INT2_IRQHandler            
00000b2f  T32_INTC_IRQHandler            
00000b2f  TA0_0_IRQHandler               
00000b2f  TA0_N_IRQHandler               
00000b2f  TA1_0_IRQHandler               
00000b2f  TA1_N_IRQHandler               
00000b2f  TA2_0_IRQHandler               
00000b2f  TA2_N_IRQHandler               
00000b2f  TA3_0_IRQHandler               
00000b2f  TA3_N_IRQHandler               
00000b2f  UsageFault_Handler             
00000b2f  WDT_A_IRQHandler               
00000b31  ADC14_IRQHandler               
00000b31  ADC14_IRQHandler               
00001321  main                           
000019c5  __aeabi_dsub                   
000019cf  __aeabi_dadd                   
00001b7b  _nop                           
00001cb9  __aeabi_ddiv                   
00001def  __aeabi_idiv0                  
00001def  __aeabi_ldiv0                  
00001f11  fputs                          
00002025  __aeabi_dmul                   
00002121  __aeabi_fsub                   
00002125  __aeabi_fadd                   
0000221d  setvbuf                        
000022f9  free                           
000023d1  ldexp                          
000023d1  ldexpl                         
000023d1  scalbn                         
000023d1  scalbnl                        
00002553  __aeabi_memcpy                 
00002553  __aeabi_memcpy4                
00002553  __aeabi_memcpy8                
00002553  memcpy                         
000025ef  __aeabi_uldivmod               
00002685  fputc                          
00002685  putc                           
00002711  __aeabi_cdcmpeq                
00002711  __aeabi_cdcmple                
00002797  __aeabi_cdrcmple               
0000281d  __aeabi_fmul                   
00002897  __aeabi_memclr                 
00002897  __aeabi_memclr4                
00002897  __aeabi_memclr8                
00002899  __aeabi_memset                 
00002899  __aeabi_memset4                
00002899  __aeabi_memset8                
0000289f  memset                         
00002911  ADC14_getMultiSequenceResult   
00002989  malloc                         
00002a01  __TI_closefile                 
00002ae3  __aeabi_d2f                    
00002b51  SystemInit                     
00002bbd  HOSTlseek                      
00002c25  HOSTrename                     
00002c8d  __TI_decompress_lzss           
00002cf5  printf                         
00002d5d  fseek                          
00002dc1  __TI_wrt_ok                    
00002e25  HOSTopen                       
00002e85  __aeabi_cfcmpeq                
00002e85  __aeabi_cfcmple                
00002ee5  __aeabi_cfrcmple               
00002f45  close                          
00002fa1  frexp                          
00002fa1  frexpl                         
00002ffd  HOSTread                       
00003055  HOSTwrite                      
00003103  ltoa                           
000031a9  __TI_doflush                   
000031f5  atoi                           
00003241  exit                           
00003289  __aeabi_d2iz                   
000032d1  HOSTclose                      
00003315  HOSTunlink                     
00003359  __TI_auto_init_nobinit_nopinit 
0000339d  getdevice                      
0000345d  __TI_writemsg                  
0000348b  C$$IO$$                        
00003495  minit                          
000034cd  __aeabi_f2d                    
00003505  __aeabi_i2f                    
0000353d  strncpy                        
00003575  __TI_cleanup                   
000035a9  __TI_readmsg                   
000035dd  finddevice                     
0000360d  __aeabi_i2d                    
0000363d  remove                         
0000363d  unlink                         
00003669  _c_int00_noargs                
00003691  lseek                          
000036e1  write                          
00003709  memchr                         
00003729  memccpy                        
00003745  strcmp                         
0000375d  strchr                         
00003773  strcpy                         
00003787  strlen                         
0000379b  __TI_zero_init_nomemset        
000037ad  wcslen                         
000037bf  __TI_decompress_none           
000037cd  Reset_Handler                  
000037d9  __aeabi_errno_addr             
000037e1  copysign                       
000037e1  copysignl                      
000037f1  _system_pre_init               
000037f5  C$$EXIT                        
000037f5  abort                          
000037f8  _ctypes_                       
00003a18  __TI_Handler_Table_Base        
00003a24  __TI_Handler_Table_Limit       
00003a30  __TI_CINIT_Base                
00003a40  __TI_CINIT_Limit               
20000000  _sys_memory                    
20000800  _ftable                        
200008f0  _device                        
20000968  _stream                        
200009b8  range1                         
200009bc  range2                         
200009c0  pwmval                         
200009c4  kp                             
200009c8  desvolt1                       
200009cc  desvolt2                       
200009d0  error1                         
200009d4  error2                         
200009d8  pwmConfig2                     
200009f0  pwmConfig                      
20000a08  __TI_ft_end                    
20000a0c  __aeabi_stdin                  
20000a10  __aeabi_stdout                 
20000a14  __aeabi_stderr                 
20000a18  __TI_cleanup_ptr               
20000a1c  __TI_dtors_ptr                 
20000a20  __TI_enable_exit_profile_output
20000a30  _lock                          
20000a34  _unlock                        
20000a38  errno                          
20000a3c  __CIOBUF_                      
20000b5c  __TI_tmpnams                   
20000bfc  resultsBuffer                  
20000c0c  parmbuf                        
20000c14  a                              
20000c18  b                              
20000c1c  c                              
20000c20  d                              
20000c24  direction                      
20000c28  direction_1                    
20000c2c  direction_2                    
20000c30  i                              
20000c34  loop                           
20000c38  pidoutput1                     
20000c3c  pidoutput2                     
20000c40  val1                           
20000c44  val2                           
20000c48  val3                           
20000c4c  value1                         
20000c50  value2                         
20000c54  value3                         
2000fe00  __stack                        
20010000  __STACK_END                    
4000480c  WDTCTL_SYM                     
ffffffff  __TI_pprof_out_hndl            
ffffffff  __TI_prof_data_size            
ffffffff  __TI_prof_data_start           
ffffffff  __binit__                      
ffffffff  __c_args__                     
ffffffff  binit                          
UNDEFED   __mpu_init                     
UNDEFED   _system_post_cinit             

[213 symbols]
