******************************************************************************
                  TI ARM Linker PC v18.1.4                     
******************************************************************************
>> Linked Tue Feb  5 20:48:51 2019

OUTPUT FILE NAME:   <pick_and_place_p.out>
ENTRY POINT SYMBOL: "_c_int00_noargs"  address: 00003549


MEMORY CONFIGURATION

         name            origin    length      used     unused   attr    fill
----------------------  --------  ---------  --------  --------  ----  --------
  MAIN                  00000000   00040000  0000391c  0003c6e4  R  X
  INFO                  00200000   00004000  00000000  00004000  R  X
  SRAM_CODE             01000000   00010000  00000e58  0000f1a8  RW X
  SRAM_DATA             20000000   00010000  00000e58  0000f1a8  RW  


SEGMENT ALLOCATION MAP

run origin  load origin   length   init length attrs members
----------  ----------- ---------- ----------- ----- -------
00000000    00000000    00003920   00003920    r-x
  00000000    00000000    000000e4   000000e4    r-- .intvecs
  000000e4    000000e4    000035f4   000035f4    r-x .text
  000036d8    000036d8    00000184   00000184    r-- .const
  00003860    00003860    000000c0   000000c0    r-- .cinit
20000000    20000000    00000c58   00000000    rw-
  20000000    20000000    00000800   00000000    rw- .sysmem
  20000800    20000800    0000023c   00000000    rw- .data
  20000a3c    20000a3c    0000021c   00000000    rw- .bss
2000fe00    2000fe00    00000200   00000000    rw-
  2000fe00    2000fe00    00000200   00000000    rw- .stack


SECTION ALLOCATION MAP

 output                                  attributes/
section   page    origin      length       input sections
--------  ----  ----------  ----------   ----------------
.intvecs   0    00000000    000000e4     
                  00000000    000000e4     startup_msp432p401r_ccs.obj (.intvecs:retain)

.text      0    000000e4    000035f4     
                  000000e4    00000a4a     rtsv7M4_T_le_eabi.lib : _printfi.c.obj (.text:__TI_printfi)
                  00000b2e    00000002     startup_msp432p401r_ccs.obj (.text:Default_Handler)
                  00000b30    00000764     main.obj (.text:ADC14_IRQHandler)
                  00001294    00000268     rtsv7M4_T_le_eabi.lib : _printfi.c.obj (.text:_pconv_a)
                  000014fc    00000204     main.obj (.text:main)
                  00001700    000001cc     rtsv7M4_T_le_eabi.lib : _printfi.c.obj (.text:_pconv_g)
                  000018cc    000001b6                           : fd_add_t2.asm.obj (.text)
                  00001a82    00000002                           : _lock.c.obj (.text:_nop)
                  00001a84    0000013c                           : _printfi.c.obj (.text:_pconv_e)
                  00001bc0    00000136                           : fd_div_t2.asm.obj (.text)
                  00001cf6    00000002                           : div0.asm.obj (.text)
                  00001cf8    00000120                           : _printfi.c.obj (.text:fcvt)
                  00001e18    00000114                           : fputs.c.obj (.text:fputs)
                  00001f2c    000000fc                           : fd_mul_t2.asm.obj (.text)
                  00002028    000000fa                           : fs_add_t2.asm.obj (.text)
                  00002122    00000002     --HOLE-- [fill = 0]
                  00002124    000000dc                           : setvbuf.c.obj (.text:setvbuf)
                  00002200    000000d8                           : memory.c.obj (.text:free)
                  000022d8    000000d0                           : s_scalbn.c.obj (.text:scalbn)
                  000023a8    000000b1                           : _printfi.c.obj (.text:_ltostr)
                  00002459    00000001     --HOLE-- [fill = 0]
                  0000245a    0000009c                           : memcpy_t2.asm.obj (.text)
                  000024f6    00000096                           : ull_div_t2.asm.obj (.text)
                  0000258c    0000008c                           : fputc.c.obj (.text:fputc)
                  00002618    00000086                           : fd_cmp_t2.asm.obj (.text:__aeabi_cdcmple)
                  0000269e    00000086                           : fd_cmp_t2.asm.obj (.text:__aeabi_cdrcmple)
                  00002724    0000007a                           : fs_mul_t2.asm.obj (.text)
                  0000279e    0000007a                           : memset_t2.asm.obj (.text)
                  00002818    00000078     msp432p4xx_driverlib.lib : adc14.o (.text:ADC14_getMultiSequenceResult)
                  00002890    00000078     rtsv7M4_T_le_eabi.lib : memory.c.obj (.text:malloc)
                  00002908    00000074                           : fclose.c.obj (.text:__TI_closefile)
                  0000297c    0000006e                           : _printfi.c.obj (.text:_mcpy)
                  000029ea    0000006e                           : fd_tos_t2.asm.obj (.text)
                  00002a58    0000006c     system_msp432p401r.obj (.text:SystemInit)
                  00002ac4    00000068     rtsv7M4_T_le_eabi.lib : hostlseek.c.obj (.text:HOSTlseek)
                  00002b2c    00000068                           : hostrename.c.obj (.text:HOSTrename)
                  00002b94    00000068                           : copy_decompress_lzss.c.obj (.text:decompress:lzss:__TI_decompress_lzss)
                  00002bfc    00000068                           : printf.c.obj (.text:printf)
                  00002c64    00000064                           : fseek.c.obj (.text:fseek)
                  00002cc8    00000062                           : _io_perm.c.obj (.text:__TI_wrt_ok)
                  00002d2a    00000002     --HOLE-- [fill = 0]
                  00002d2c    00000060                           : hostopen.c.obj (.text:HOSTopen)
                  00002d8c    00000060                           : fs_cmp_t2.asm.obj (.text:__aeabi_cfcmple)
                  00002dec    0000005c                           : close.c.obj (.text:close)
                  00002e48    0000005c                           : s_frexp.c.obj (.text:frexp)
                  00002ea4    00000058                           : hostread.c.obj (.text:HOSTread)
                  00002efc    00000058                           : hostwrite.c.obj (.text:HOSTwrite)
                  00002f54    00000056                           : _printfi.c.obj (.text:_pconv_f)
                  00002faa    00000054                           : ltoa.c.obj (.text:ltoa)
                  00002ffe    00000052                           : _printfi.c.obj (.text:_ecpy)
                  00003050    0000004c                           : fflush.c.obj (.text:__TI_doflush)
                  0000309c    0000004c                           : atoi.c.obj (.text:atoi)
                  000030e8    00000048                           : exit.c.obj (.text:exit)
                  00003130    00000048                           : fd_toi_t2.asm.obj (.text)
                  00003178    00000044                           : hostclose.c.obj (.text:HOSTclose)
                  000031bc    00000044                           : hostunlink.c.obj (.text:HOSTunlink)
                  00003200    00000044                           : autoinit.c.obj (.text:__TI_auto_init_nobinit_nopinit:__TI_auto_init_nobinit_nopinit)
                  00003244    00000044                           : getdevice.c.obj (.text:getdevice)
                  00003288    0000003e                           : _printfi.c.obj (.text:_fcpy)
                  000032c6    00000002     --HOLE-- [fill = 0]
                  000032c8    0000003c                           : memory.c.obj (.text:minsert)
                  00003304    00000038                           : trgmsg.c.obj (.text:__TI_writemsg)
                  0000333c    00000038                           : memory.c.obj (.text:minit)
                  00003374    00000038                           : fs_tod_t2.asm.obj (.text)
                  000033ac    00000038                           : fs_toi_t2.asm.obj (.text)
                  000033e4    00000038                           : i_tofs_t2.asm.obj (.text)
                  0000341c    00000036                           : strncpy.c.obj (.text:strncpy)
                  00003452    00000002     --HOLE-- [fill = 0]
                  00003454    00000034                           : fopen.c.obj (.text:__TI_cleanup)
                  00003488    00000034                           : trgmsg.c.obj (.text:__TI_readmsg)
                  000034bc    00000030                           : getdevice.c.obj (.text:finddevice)
                  000034ec    0000002e                           : i_tofd_t2.asm.obj (.text)
                  0000351a    00000002     --HOLE-- [fill = 0]
                  0000351c    0000002c                           : unlink.c.obj (.text:unlink)
                  00003548    00000028                           : boot_cortex_m.c.obj (.text:_c_int00_noargs:_c_int00_noargs)
                  00003570    00000028                           : lseek.c.obj (.text:lseek)
                  00003598    00000028                           : memory.c.obj (.text:mremove)
                  000035c0    00000028                           : write.c.obj (.text:write)
                  000035e8    00000020                           : memchr.c.obj (.text:memchr)
                  00003608    0000001c                           : memccpy.c.obj (.text:memccpy)
                  00003624    00000018                           : strcmp.c.obj (.text:strcmp)
                  0000363c    00000016                           : strchr.c.obj (.text:strchr)
                  00003652    00000014                           : strcpy.c.obj (.text:strcpy)
                  00003666    00000014                           : strlen.c.obj (.text:strlen)
                  0000367a    00000012                           : copy_zero_init.c.obj (.text:decompress:ZI:__TI_zero_init_nomemset:__TI_zero_init_nomemset)
                  0000368c    00000012                           : wcslen.c.obj (.text:wcslen)
                  0000369e    0000000e                           : copy_decompress_none.c.obj (.text:decompress:none:__TI_decompress_none)
                  000036ac    0000000c     startup_msp432p401r_ccs.obj (.text:Reset_Handler)
                  000036b8    00000008     rtsv7M4_T_le_eabi.lib : errno.c.obj (.text:__aeabi_errno_addr)
                  000036c0    00000008                           : s_copysign.c.obj (.text:copysign)
                  000036c8    00000004                           : printf.c.obj (.text:_outc)
                  000036cc    00000004                           : printf.c.obj (.text:_outs)
                  000036d0    00000004                           : pre_init.c.obj (.text:_system_pre_init)
                  000036d4    00000004                           : exit.c.obj (.text:abort:abort)

.const     0    000036d8    00000184     
                  000036d8    00000101     rtsv7M4_T_le_eabi.lib : ctype.c.obj (.const:.string:_ctypes_)
                  000037d9    00000003     --HOLE-- [fill = 0]
                  000037dc    00000080     msp432p4xx_driverlib.lib : adc14.o (.const:_ctlRegs)

.cinit     0    00003860    000000c0     
                  00003860    00000097     (.cinit..data.load) [load image, compression = lzss]
                  000038f7    00000001     --HOLE-- [fill = 0]
                  000038f8    0000000c     (__TI_handler_table)
                  00003904    00000004     --HOLE-- [fill = 0]
                  00003908    00000008     (.cinit..bss.load) [load image, compression = zero_init]
                  00003910    00000010     (__TI_cinit_table)

.init_array 
*          0    00000000    00000000     UNINITIALIZED

.binit     0    00000000    00000000     

.sysmem    0    20000000    00000800     UNINITIALIZED
                  20000000    00000008     rtsv7M4_T_le_eabi.lib : memory.c.obj (.sysmem)
                  20000008    000007f8     --HOLE--

.data      0    20000800    0000023c     UNINITIALIZED
                  20000800    000000f0     rtsv7M4_T_le_eabi.lib : defs.c.obj (.data:_ftable)
                  200008f0    00000078                           : write.c.obj (.data:_device)
                  20000968    00000050                           : write.c.obj (.data:_stream)
                  200009b8    00000020     main.obj (.data)
                  200009d8    00000018     main.obj (.data:pwmConfig2)
                  200009f0    00000018     main.obj (.data:pwmConfig)
                  20000a08    00000010     rtsv7M4_T_le_eabi.lib : defs.c.obj (.data)
                  20000a18    0000000c                           : exit.c.obj (.data:$O1$$)
                  20000a24    0000000c                           : memory.c.obj (.data:$O1$$)
                  20000a30    00000008                           : _lock.c.obj (.data:$O1$$)
                  20000a38    00000004                           : errno.c.obj (.data)

.bss       0    20000a3c    0000021c     UNINITIALIZED
                  20000a3c    00000120     rtsv7M4_T_le_eabi.lib : trgmsg.c.obj (.bss:_CIOBUF_)
                  20000b5c    000000a0     (.common:__TI_tmpnams)
                  20000bfc    00000010     (.common:resultsBuffer)
                  20000c0c    00000008     (.common:parmbuf)
                  20000c14    00000004     (.common:a)
                  20000c18    00000004     (.common:b)
                  20000c1c    00000004     (.common:c)
                  20000c20    00000004     (.common:d)
                  20000c24    00000004     (.common:direction)
                  20000c28    00000004     (.common:direction_1)
                  20000c2c    00000004     (.common:direction_2)
                  20000c30    00000004     (.common:i)
                  20000c34    00000004     (.common:loop)
                  20000c38    00000004     (.common:pidoutput1)
                  20000c3c    00000004     (.common:pidoutput2)
                  20000c40    00000004     (.common:val1)
                  20000c44    00000004     (.common:val2)
                  20000c48    00000004     (.common:val3)
                  20000c4c    00000004     (.common:value1)
                  20000c50    00000004     (.common:value2)
                  20000c54    00000004     (.common:value3)

.stack     0    2000fe00    00000200     UNINITIALIZED
                  2000fe00    00000004     rtsv7M4_T_le_eabi.lib : boot_cortex_m.c.obj (.stack)
                  2000fe04    000001fc     --HOLE--

MODULE SUMMARY

       Module                        code    ro data   rw data
       ------                        ----    -------   -------
    .\
       main.obj                      2408    0         328    
       system_msp432p401r.obj        108     0         0      
    +--+-----------------------------+-------+---------+---------+
       Total:                        2516    0         328    
                                                              
    .\ccs\
       startup_msp432p401r_ccs.obj   14      228       0      
    +--+-----------------------------+-------+---------+---------+
       Total:                        14      228       0      
                                                              
    C:/ti/simplelink_msp432p4_sdk_2_30_00_14/source/ti/devices/msp432p4xx/driverlib/ccs/msp432p4xx_driverlib.lib
       adc14.o                       120     128       0      
    +--+-----------------------------+-------+---------+---------+
       Total:                        120     128       0      
                                                              
    C:\ti\ccsv8\tools\compiler\ti-cgt-arm_18.1.4.LTS\lib\rtsv7M4_T_le_eabi.lib
       _printfi.c.obj                4831    0         0      
       defs.c.obj                    0       0         832    
       trgmsg.c.obj                  108     0         576    
       memory.c.obj                  492     0         24     
       write.c.obj                   40      0         400    
       fd_add_t2.asm.obj             438     0         0      
       fd_div_t2.asm.obj             310     0         0      
       fputs.c.obj                   276     0         0      
       fd_cmp_t2.asm.obj             268     0         0      
       ctype.c.obj                   0       257       0      
       fd_mul_t2.asm.obj             252     0         0      
       fs_add_t2.asm.obj             250     0         0      
       setvbuf.c.obj                 220     0         0      
       s_scalbn.c.obj                208     0         0      
       memcpy_t2.asm.obj             156     0         0      
       ull_div_t2.asm.obj            150     0         0      
       fputc.c.obj                   140     0         0      
       fs_mul_t2.asm.obj             122     0         0      
       memset_t2.asm.obj             122     0         0      
       fclose.c.obj                  116     0         0      
       getdevice.c.obj               116     0         0      
       hostopen.c.obj                96      0         16     
       printf.c.obj                  112     0         0      
       fd_tos_t2.asm.obj             110     0         0      
       copy_decompress_lzss.c.obj    104     0         0      
       hostlseek.c.obj               104     0         0      
       hostrename.c.obj              104     0         0      
       exit.c.obj                    76      0         24     
       fseek.c.obj                   100     0         0      
       _io_perm.c.obj                98      0         0      
       fs_cmp_t2.asm.obj             96      0         0      
       close.c.obj                   92      0         0      
       s_frexp.c.obj                 92      0         0      
       hostread.c.obj                88      0         0      
       hostwrite.c.obj               88      0         0      
       ltoa.c.obj                    84      0         0      
       atoi.c.obj                    76      0         0      
       fflush.c.obj                  76      0         0      
       fd_toi_t2.asm.obj             72      0         0      
       autoinit.c.obj                68      0         0      
       hostclose.c.obj               68      0         0      
       hostunlink.c.obj              68      0         0      
       fs_tod_t2.asm.obj             56      0         0      
       fs_toi_t2.asm.obj             56      0         0      
       i_tofs_t2.asm.obj             56      0         0      
       strncpy.c.obj                 54      0         0      
       fopen.c.obj                   52      0         0      
       i_tofd_t2.asm.obj             46      0         0      
       unlink.c.obj                  44      0         0      
       boot_cortex_m.c.obj           40      0         0      
       lseek.c.obj                   40      0         0      
       memchr.c.obj                  32      0         0      
       memccpy.c.obj                 28      0         0      
       strcmp.c.obj                  24      0         0      
       strchr.c.obj                  22      0         0      
       strcpy.c.obj                  20      0         0      
       strlen.c.obj                  20      0         0      
       _lock.c.obj                   2       0         16     
       copy_zero_init.c.obj          18      0         0      
       wcslen.c.obj                  18      0         0      
       errno.c.obj                   8       0         8      
       copy_decompress_none.c.obj    14      0         0      
       s_copysign.c.obj              8       0         0      
       pre_init.c.obj                4       0         0      
       div0.asm.obj                  2       0         0      
    +--+-----------------------------+-------+---------+---------+
       Total:                        11151   257       1896   
                                                              
       Heap:                         0       0         4096   
       Stack:                        0       0         1024   
       Linker Generated:             0       187       0      
    +--+-----------------------------+-------+---------+---------+
       Grand Total:                  13801   800       7344   


LINKER GENERATED COPY TABLES

__TI_cinit_table @ 00003910 records: 2, size/record: 8, table size: 16
	.data: load addr=00003860, load size=00000097 bytes, run addr=20000800, run size=0000023c bytes, compression=lzss
	.bss: load addr=00003908, load size=00000008 bytes, run addr=20000a3c, run size=0000021c bytes, compression=zero_init


LINKER GENERATED HANDLER TABLE

__TI_handler_table @ 000038f8 records: 3, size/record: 4, table size: 12
	index: 0, handler: __TI_decompress_lzss
	index: 1, handler: __TI_decompress_none
	index: 2, handler: __TI_zero_init


GLOBAL SYMBOLS: SORTED ALPHABETICALLY BY Name 

address   name                           
-------   ----                           
00000b31  ADC14_IRQHandler               
00000b31  ADC14_IRQHandler               
00002819  ADC14_getMultiSequenceResult   
00000b2f  AES256_IRQHandler              
00000b2f  BusFault_Handler               
000036d5  C$$EXIT                        
00003333  C$$IO$$                        
00000b2f  COMP_E0_IRQHandler             
00000b2f  COMP_E1_IRQHandler             
00000b2f  CS_IRQHandler                  
00000b2f  DMA_ERR_IRQHandler             
00000b2f  DMA_INT0_IRQHandler            
00000b2f  DMA_INT1_IRQHandler            
00000b2f  DMA_INT2_IRQHandler            
00000b2f  DMA_INT3_IRQHandler            
00000b2f  DebugMon_Handler               
00000b2f  Default_Handler                
00000b2f  EUSCIA0_IRQHandler             
00000b2f  EUSCIA1_IRQHandler             
00000b2f  EUSCIA2_IRQHandler             
00000b2f  EUSCIA3_IRQHandler             
00000b2f  EUSCIB0_IRQHandler             
00000b2f  EUSCIB1_IRQHandler             
00000b2f  EUSCIB2_IRQHandler             
00000b2f  EUSCIB3_IRQHandler             
00000b2f  FLCTL_IRQHandler               
00000b2f  FPU_IRQHandler                 
00003179  HOSTclose                      
00002ac5  HOSTlseek                      
00002d2d  HOSTopen                       
00002ea5  HOSTread                       
00002b2d  HOSTrename                     
000031bd  HOSTunlink                     
00002efd  HOSTwrite                      
00000b2f  HardFault_Handler              
00000b2f  MemManage_Handler              
00000b2f  NMI_Handler                    
00000b2f  PCM_IRQHandler                 
00000b2f  PORT1_IRQHandler               
00000b2f  PORT2_IRQHandler               
00000b2f  PORT3_IRQHandler               
00000b2f  PORT4_IRQHandler               
00000b2f  PORT5_IRQHandler               
00000b2f  PORT6_IRQHandler               
00000b2f  PSS_IRQHandler                 
00000b2f  PendSV_Handler                 
00000b2f  RTC_C_IRQHandler               
000036ad  Reset_Handler                  
00000b2f  SVC_Handler                    
00000b2f  SysTick_Handler                
00002a59  SystemInit                     
00000b2f  T32_INT1_IRQHandler            
00000b2f  T32_INT2_IRQHandler            
00000b2f  T32_INTC_IRQHandler            
00000b2f  TA0_0_IRQHandler               
00000b2f  TA0_N_IRQHandler               
00000b2f  TA1_0_IRQHandler               
00000b2f  TA1_N_IRQHandler               
00000b2f  TA2_0_IRQHandler               
00000b2f  TA2_N_IRQHandler               
00000b2f  TA3_0_IRQHandler               
00000b2f  TA3_N_IRQHandler               
00000b2f  UsageFault_Handler             
4000480c  WDTCTL_SYM                     
00000b2f  WDT_A_IRQHandler               
20000a3c  __CIOBUF_                      
20010000  __STACK_END                    
00000200  __STACK_SIZE                   
00000800  __SYSMEM_SIZE                  
00003910  __TI_CINIT_Base                
00003920  __TI_CINIT_Limit               
000038f8  __TI_Handler_Table_Base        
00003904  __TI_Handler_Table_Limit       
00003201  __TI_auto_init_nobinit_nopinit 
00003455  __TI_cleanup                   
20000a18  __TI_cleanup_ptr               
00002909  __TI_closefile                 
00002b95  __TI_decompress_lzss           
0000369f  __TI_decompress_none           
00003051  __TI_doflush                   
20000a1c  __TI_dtors_ptr                 
20000a20  __TI_enable_exit_profile_output
20000a08  __TI_ft_end                    
ffffffff  __TI_pprof_out_hndl            
000000e5  __TI_printfi                   
ffffffff  __TI_prof_data_size            
ffffffff  __TI_prof_data_start           
00003489  __TI_readmsg                   
00000000  __TI_static_base__             
20000b5c  __TI_tmpnams                   
00003305  __TI_writemsg                  
00002cc9  __TI_wrt_ok                    
0000367b  __TI_zero_init_nomemset        
00002619  __aeabi_cdcmpeq                
00002619  __aeabi_cdcmple                
0000269f  __aeabi_cdrcmple               
00002d8d  __aeabi_cfcmpeq                
00002d8d  __aeabi_cfcmple                
000029eb  __aeabi_d2f                    
00003131  __aeabi_d2iz                   
000018d7  __aeabi_dadd                   
00001bc1  __aeabi_ddiv                   
00001f2d  __aeabi_dmul                   
000018cd  __aeabi_dsub                   
000036b9  __aeabi_errno_addr             
00003375  __aeabi_f2d                    
000033ad  __aeabi_f2iz                   
0000202d  __aeabi_fadd                   
00002725  __aeabi_fmul                   
00002029  __aeabi_fsub                   
000034ed  __aeabi_i2d                    
000033e5  __aeabi_i2f                    
00001cf7  __aeabi_idiv0                  
00001cf7  __aeabi_ldiv0                  
0000279f  __aeabi_memclr                 
0000279f  __aeabi_memclr4                
0000279f  __aeabi_memclr8                
0000245b  __aeabi_memcpy                 
0000245b  __aeabi_memcpy4                
0000245b  __aeabi_memcpy8                
000027a1  __aeabi_memset                 
000027a1  __aeabi_memset4                
000027a1  __aeabi_memset8                
20000a14  __aeabi_stderr                 
20000a0c  __aeabi_stdin                  
20000a10  __aeabi_stdout                 
000024f7  __aeabi_uldivmod               
ffffffff  __binit__                      
ffffffff  __c_args__                     
UNDEFED   __mpu_init                     
2000fe00  __stack                        
00003549  _c_int00_noargs                
000036d8  _ctypes_                       
200008f0  _device                        
20000800  _ftable                        
20000a30  _lock                          
00001a83  _nop                           
20000968  _stream                        
20000000  _sys_memory                    
UNDEFED   _system_post_cinit             
000036d1  _system_pre_init               
20000a34  _unlock                        
20000c14  a                              
000036d5  abort                          
0000309d  atoi                           
20000c18  b                              
ffffffff  binit                          
20000c1c  c                              
00002ded  close                          
000036c1  copysign                       
000036c1  copysignl                      
20000c20  d                              
200009c8  desvolt1                       
200009cc  desvolt2                       
20000c24  direction                      
20000c28  direction_1                    
20000c2c  direction_2                    
20000a38  errno                          
200009d0  error1                         
200009d4  error2                         
000030e9  exit                           
000034bd  finddevice                     
0000258d  fputc                          
00001e19  fputs                          
00002201  free                           
00002e49  frexp                          
00002e49  frexpl                         
00002c65  fseek                          
00003245  getdevice                      
20000c30  i                              
00000000  interruptVectors               
200009c4  kp                             
000022d9  ldexp                          
000022d9  ldexpl                         
20000c34  loop                           
00003571  lseek                          
00002fab  ltoa                           
000014fd  main                           
00002891  malloc                         
00003609  memccpy                        
000035e9  memchr                         
0000245b  memcpy                         
000027a7  memset                         
0000333d  minit                          
20000c0c  parmbuf                        
20000c38  pidoutput1                     
20000c3c  pidoutput2                     
00002bfd  printf                         
0000258d  putc                           
200009f0  pwmConfig                      
200009d8  pwmConfig2                     
200009c0  pwmval                         
200009b8  range1                         
200009bc  range2                         
0000351d  remove                         
20000bfc  resultsBuffer                  
000022d9  scalbn                         
000022d9  scalbnl                        
00002125  setvbuf                        
0000363d  strchr                         
00003625  strcmp                         
00003653  strcpy                         
00003667  strlen                         
0000341d  strncpy                        
0000351d  unlink                         
20000c40  val1                           
20000c44  val2                           
20000c48  val3                           
20000c4c  value1                         
20000c50  value2                         
20000c54  value3                         
0000368d  wcslen                         
000035c1  write                          


GLOBAL SYMBOLS: SORTED BY Symbol Address 

address   name                           
-------   ----                           
00000000  __TI_static_base__             
00000000  interruptVectors               
000000e5  __TI_printfi                   
00000200  __STACK_SIZE                   
00000800  __SYSMEM_SIZE                  
00000b2f  AES256_IRQHandler              
00000b2f  BusFault_Handler               
00000b2f  COMP_E0_IRQHandler             
00000b2f  COMP_E1_IRQHandler             
00000b2f  CS_IRQHandler                  
00000b2f  DMA_ERR_IRQHandler             
00000b2f  DMA_INT0_IRQHandler            
00000b2f  DMA_INT1_IRQHandler            
00000b2f  DMA_INT2_IRQHandler            
00000b2f  DMA_INT3_IRQHandler            
00000b2f  DebugMon_Handler               
00000b2f  Default_Handler                
00000b2f  EUSCIA0_IRQHandler             
00000b2f  EUSCIA1_IRQHandler             
00000b2f  EUSCIA2_IRQHandler             
00000b2f  EUSCIA3_IRQHandler             
00000b2f  EUSCIB0_IRQHandler             
00000b2f  EUSCIB1_IRQHandler             
00000b2f  EUSCIB2_IRQHandler             
00000b2f  EUSCIB3_IRQHandler             
00000b2f  FLCTL_IRQHandler               
00000b2f  FPU_IRQHandler                 
00000b2f  HardFault_Handler              
00000b2f  MemManage_Handler              
00000b2f  NMI_Handler                    
00000b2f  PCM_IRQHandler                 
00000b2f  PORT1_IRQHandler               
00000b2f  PORT2_IRQHandler               
00000b2f  PORT3_IRQHandler               
00000b2f  PORT4_IRQHandler               
00000b2f  PORT5_IRQHandler               
00000b2f  PORT6_IRQHandler               
00000b2f  PSS_IRQHandler                 
00000b2f  PendSV_Handler                 
00000b2f  RTC_C_IRQHandler               
00000b2f  SVC_Handler                    
00000b2f  SysTick_Handler                
00000b2f  T32_INT1_IRQHandler            
00000b2f  T32_INT2_IRQHandler            
00000b2f  T32_INTC_IRQHandler            
00000b2f  TA0_0_IRQHandler               
00000b2f  TA0_N_IRQHandler               
00000b2f  TA1_0_IRQHandler               
00000b2f  TA1_N_IRQHandler               
00000b2f  TA2_0_IRQHandler               
00000b2f  TA2_N_IRQHandler               
00000b2f  TA3_0_IRQHandler               
00000b2f  TA3_N_IRQHandler               
00000b2f  UsageFault_Handler             
00000b2f  WDT_A_IRQHandler               
00000b31  ADC14_IRQHandler               
00000b31  ADC14_IRQHandler               
000014fd  main                           
000018cd  __aeabi_dsub                   
000018d7  __aeabi_dadd                   
00001a83  _nop                           
00001bc1  __aeabi_ddiv                   
00001cf7  __aeabi_idiv0                  
00001cf7  __aeabi_ldiv0                  
00001e19  fputs                          
00001f2d  __aeabi_dmul                   
00002029  __aeabi_fsub                   
0000202d  __aeabi_fadd                   
00002125  setvbuf                        
00002201  free                           
000022d9  ldexp                          
000022d9  ldexpl                         
000022d9  scalbn                         
000022d9  scalbnl                        
0000245b  __aeabi_memcpy                 
0000245b  __aeabi_memcpy4                
0000245b  __aeabi_memcpy8                
0000245b  memcpy                         
000024f7  __aeabi_uldivmod               
0000258d  fputc                          
0000258d  putc                           
00002619  __aeabi_cdcmpeq                
00002619  __aeabi_cdcmple                
0000269f  __aeabi_cdrcmple               
00002725  __aeabi_fmul                   
0000279f  __aeabi_memclr                 
0000279f  __aeabi_memclr4                
0000279f  __aeabi_memclr8                
000027a1  __aeabi_memset                 
000027a1  __aeabi_memset4                
000027a1  __aeabi_memset8                
000027a7  memset                         
00002819  ADC14_getMultiSequenceResult   
00002891  malloc                         
00002909  __TI_closefile                 
000029eb  __aeabi_d2f                    
00002a59  SystemInit                     
00002ac5  HOSTlseek                      
00002b2d  HOSTrename                     
00002b95  __TI_decompress_lzss           
00002bfd  printf                         
00002c65  fseek                          
00002cc9  __TI_wrt_ok                    
00002d2d  HOSTopen                       
00002d8d  __aeabi_cfcmpeq                
00002d8d  __aeabi_cfcmple                
00002ded  close                          
00002e49  frexp                          
00002e49  frexpl                         
00002ea5  HOSTread                       
00002efd  HOSTwrite                      
00002fab  ltoa                           
00003051  __TI_doflush                   
0000309d  atoi                           
000030e9  exit                           
00003131  __aeabi_d2iz                   
00003179  HOSTclose                      
000031bd  HOSTunlink                     
00003201  __TI_auto_init_nobinit_nopinit 
00003245  getdevice                      
00003305  __TI_writemsg                  
00003333  C$$IO$$                        
0000333d  minit                          
00003375  __aeabi_f2d                    
000033ad  __aeabi_f2iz                   
000033e5  __aeabi_i2f                    
0000341d  strncpy                        
00003455  __TI_cleanup                   
00003489  __TI_readmsg                   
000034bd  finddevice                     
000034ed  __aeabi_i2d                    
0000351d  remove                         
0000351d  unlink                         
00003549  _c_int00_noargs                
00003571  lseek                          
000035c1  write                          
000035e9  memchr                         
00003609  memccpy                        
00003625  strcmp                         
0000363d  strchr                         
00003653  strcpy                         
00003667  strlen                         
0000367b  __TI_zero_init_nomemset        
0000368d  wcslen                         
0000369f  __TI_decompress_none           
000036ad  Reset_Handler                  
000036b9  __aeabi_errno_addr             
000036c1  copysign                       
000036c1  copysignl                      
000036d1  _system_pre_init               
000036d5  C$$EXIT                        
000036d5  abort                          
000036d8  _ctypes_                       
000038f8  __TI_Handler_Table_Base        
00003904  __TI_Handler_Table_Limit       
00003910  __TI_CINIT_Base                
00003920  __TI_CINIT_Limit               
20000000  _sys_memory                    
20000800  _ftable                        
200008f0  _device                        
20000968  _stream                        
200009b8  range1                         
200009bc  range2                         
200009c0  pwmval                         
200009c4  kp                             
200009c8  desvolt1                       
200009cc  desvolt2                       
200009d0  error1                         
200009d4  error2                         
200009d8  pwmConfig2                     
200009f0  pwmConfig                      
20000a08  __TI_ft_end                    
20000a0c  __aeabi_stdin                  
20000a10  __aeabi_stdout                 
20000a14  __aeabi_stderr                 
20000a18  __TI_cleanup_ptr               
20000a1c  __TI_dtors_ptr                 
20000a20  __TI_enable_exit_profile_output
20000a30  _lock                          
20000a34  _unlock                        
20000a38  errno                          
20000a3c  __CIOBUF_                      
20000b5c  __TI_tmpnams                   
20000bfc  resultsBuffer                  
20000c0c  parmbuf                        
20000c14  a                              
20000c18  b                              
20000c1c  c                              
20000c20  d                              
20000c24  direction                      
20000c28  direction_1                    
20000c2c  direction_2                    
20000c30  i                              
20000c34  loop                           
20000c38  pidoutput1                     
20000c3c  pidoutput2                     
20000c40  val1                           
20000c44  val2                           
20000c48  val3                           
20000c4c  value1                         
20000c50  value2                         
20000c54  value3                         
2000fe00  __stack                        
20010000  __STACK_END                    
4000480c  WDTCTL_SYM                     
ffffffff  __TI_pprof_out_hndl            
ffffffff  __TI_prof_data_size            
ffffffff  __TI_prof_data_start           
ffffffff  __binit__                      
ffffffff  __c_args__                     
ffffffff  binit                          
UNDEFED   __mpu_init                     
UNDEFED   _system_post_cinit             

[213 symbols]
