******************************************************************************
                  TI ARM Linker PC v18.1.4                     
******************************************************************************
>> Linked Fri Jan 11 13:22:58 2019

OUTPUT FILE NAME:   <pic_place_new_ try.out>
ENTRY POINT SYMBOL: "_c_int00_noargs"  address: 00002f89


MEMORY CONFIGURATION

         name            origin    length      used     unused   attr    fill
----------------------  --------  ---------  --------  --------  ----  --------
  MAIN                  00000000   00040000  000034c4  0003cb3c  R  X
  INFO                  00200000   00004000  00000000  00004000  R  X
  SRAM_CODE             01000000   00010000  00000e24  0000f1dc  RW X
  SRAM_DATA             20000000   00010000  00000e24  0000f1dc  RW  


SEGMENT ALLOCATION MAP

run origin  load origin   length   init length attrs members
----------  ----------- ---------- ----------- ----- -------
00000000    00000000    000034c8   000034c8    r-x
  00000000    00000000    000000e4   000000e4    r-- .intvecs
  000000e4    000000e4    000031b4   000031b4    r-x .text
  00003298    00003298    00000184   00000184    r-- .const
  00003420    00003420    000000a8   000000a8    r-- .cinit
20000000    20000000    00000c24   00000000    rw-
  20000000    20000000    00000800   00000000    rw- .sysmem
  20000800    20000800    0000021c   00000000    rw- .data
  20000a1c    20000a1c    00000208   00000000    rw- .bss
2000fe00    2000fe00    00000200   00000000    rw-
  2000fe00    2000fe00    00000200   00000000    rw- .stack


SECTION ALLOCATION MAP

 output                                  attributes/
section   page    origin      length       input sections
--------  ----  ----------  ----------   ----------------
.intvecs   0    00000000    000000e4     
                  00000000    000000e4     startup_msp432p401r_ccs.obj (.intvecs:retain)

.text      0    000000e4    000031b4     
                  000000e4    00000a5e     rtsv7M4_T_le_v4SPD16_eabi.lib : _printfi.c.obj (.text:__TI_printfi)
                  00000b42    00000002     startup_msp432p401r_ccs.obj (.text:Default_Handler)
                  00000b44    0000050c     pick_place_new_main.obj (.text:ADC14_IRQHandler)
                  00001050    00000270     rtsv7M4_T_le_v4SPD16_eabi.lib : _printfi.c.obj (.text:_pconv_a)
                  000012c0    00000270     pick_place_new_main.obj (.text:main)
                  00001530    000001d0     rtsv7M4_T_le_v4SPD16_eabi.lib : _printfi.c.obj (.text:_pconv_g)
                  00001700    000001b6                                   : fd_add_t2.asm.obj (.text)
                  000018b6    00000002                                   : _lock.c.obj (.text:_nop)
                  000018b8    0000013c                                   : _printfi.c.obj (.text:_pconv_e)
                  000019f4    00000136                                   : fd_div_t2.asm.obj (.text)
                  00001b2a    00000002                                   : div0.asm.obj (.text)
                  00001b2c    00000124                                   : _printfi.c.obj (.text:fcvt)
                  00001c50    00000114                                   : fputs.c.obj (.text:fputs)
                  00001d64    00000110                                   : s_scalbn.c.obj (.text:scalbn)
                  00001e74    000000fc                                   : fd_mul_t2.asm.obj (.text)
                  00001f70    000000dc                                   : setvbuf.c.obj (.text:setvbuf)
                  0000204c    000000d8                                   : memory.c.obj (.text:free)
                  00002124    000000b1                                   : _printfi.c.obj (.text:_ltostr)
                  000021d5    00000001     --HOLE-- [fill = 0]
                  000021d6    0000009c                                   : memcpy_t2.asm.obj (.text)
                  00002272    00000096                                   : ull_div_t2.asm.obj (.text)
                  00002308    0000008c                                   : fputc.c.obj (.text:fputc)
                  00002394    00000086                                   : fd_cmp_t2.asm.obj (.text:__aeabi_cdcmple)
                  0000241a    00000086                                   : fd_cmp_t2.asm.obj (.text:__aeabi_cdrcmple)
                  000024a0    0000007a                                   : memset_t2.asm.obj (.text)
                  0000251a    00000002     --HOLE-- [fill = 0]
                  0000251c    00000078     msp432p4xx_driverlib.lib : adc14.o (.text:ADC14_getMultiSequenceResult)
                  00002594    00000078     system_msp432p401r.obj (.text:SystemInit)
                  0000260c    00000078     rtsv7M4_T_le_v4SPD16_eabi.lib : memory.c.obj (.text:malloc)
                  00002684    00000074                                   : fclose.c.obj (.text:__TI_closefile)
                  000026f8    0000006e                                   : _printfi.c.obj (.text:_mcpy)
                  00002766    00000002     --HOLE-- [fill = 0]
                  00002768    00000068                                   : hostlseek.c.obj (.text:HOSTlseek)
                  000027d0    00000068                                   : hostrename.c.obj (.text:HOSTrename)
                  00002838    00000068                                   : copy_decompress_lzss.c.obj (.text:decompress:lzss:__TI_decompress_lzss)
                  000028a0    00000068                                   : printf.c.obj (.text:printf)
                  00002908    00000064                                   : s_frexp.c.obj (.text:frexp)
                  0000296c    00000064                                   : fseek.c.obj (.text:fseek)
                  000029d0    00000062                                   : _io_perm.c.obj (.text:__TI_wrt_ok)
                  00002a32    00000002     --HOLE-- [fill = 0]
                  00002a34    00000060                                   : hostopen.c.obj (.text:HOSTopen)
                  00002a94    0000005c                                   : close.c.obj (.text:close)
                  00002af0    00000058                                   : hostread.c.obj (.text:HOSTread)
                  00002b48    00000058                                   : hostwrite.c.obj (.text:HOSTwrite)
                  00002ba0    00000056                                   : _printfi.c.obj (.text:_pconv_f)
                  00002bf6    00000054                                   : ltoa.c.obj (.text:ltoa)
                  00002c4a    00000052                                   : _printfi.c.obj (.text:_ecpy)
                  00002c9c    0000004c                                   : fflush.c.obj (.text:__TI_doflush)
                  00002ce8    0000004c                                   : atoi.c.obj (.text:atoi)
                  00002d34    00000048                                   : exit.c.obj (.text:exit)
                  00002d7c    00000048                                   : fd_toi_t2.asm.obj (.text)
                  00002dc4    00000044                                   : hostclose.c.obj (.text:HOSTclose)
                  00002e08    00000044                                   : hostunlink.c.obj (.text:HOSTunlink)
                  00002e4c    00000044                                   : autoinit.c.obj (.text:__TI_auto_init_nobinit_nopinit:__TI_auto_init_nobinit_nopinit)
                  00002e90    00000044                                   : getdevice.c.obj (.text:getdevice)
                  00002ed4    0000003e                                   : _printfi.c.obj (.text:_fcpy)
                  00002f12    00000002     --HOLE-- [fill = 0]
                  00002f14    0000003c                                   : memory.c.obj (.text:minsert)
                  00002f50    00000038                                   : trgmsg.c.obj (.text:__TI_writemsg)
                  00002f88    00000038                                   : boot_cortex_m.c.obj (.text:_c_int00_noargs:_c_int00_noargs)
                  00002fc0    00000038                                   : memory.c.obj (.text:minit)
                  00002ff8    00000036                                   : strncpy.c.obj (.text:strncpy)
                  0000302e    00000002     --HOLE-- [fill = 0]
                  00003030    00000034                                   : fopen.c.obj (.text:__TI_cleanup)
                  00003064    00000034                                   : trgmsg.c.obj (.text:__TI_readmsg)
                  00003098    00000030                                   : getdevice.c.obj (.text:finddevice)
                  000030c8    0000002e                                   : i_tofd_t2.asm.obj (.text)
                  000030f6    00000002     --HOLE-- [fill = 0]
                  000030f8    0000002c                                   : unlink.c.obj (.text:unlink)
                  00003124    00000028                                   : lseek.c.obj (.text:lseek)
                  0000314c    00000028                                   : memory.c.obj (.text:mremove)
                  00003174    00000028                                   : write.c.obj (.text:write)
                  0000319c    00000020                                   : memchr.c.obj (.text:memchr)
                  000031bc    0000001c                                   : memccpy.c.obj (.text:memccpy)
                  000031d8    00000018                                   : strcmp.c.obj (.text:strcmp)
                  000031f0    00000016                                   : strchr.c.obj (.text:strchr)
                  00003206    00000014                                   : s_copysign.c.obj (.text:copysign)
                  0000321a    00000014                                   : strcpy.c.obj (.text:strcpy)
                  0000322e    00000014                                   : strlen.c.obj (.text:strlen)
                  00003242    00000012                                   : copy_zero_init.c.obj (.text:decompress:ZI:__TI_zero_init_nomemset:__TI_zero_init_nomemset)
                  00003254    00000012                                   : wcslen.c.obj (.text:wcslen)
                  00003266    0000000e                                   : copy_decompress_none.c.obj (.text:decompress:none:__TI_decompress_none)
                  00003274    0000000c     startup_msp432p401r_ccs.obj (.text:Reset_Handler)
                  00003280    00000008     rtsv7M4_T_le_v4SPD16_eabi.lib : errno.c.obj (.text:__aeabi_errno_addr)
                  00003288    00000004                                   : printf.c.obj (.text:_outc)
                  0000328c    00000004                                   : printf.c.obj (.text:_outs)
                  00003290    00000004                                   : pre_init.c.obj (.text:_system_pre_init)
                  00003294    00000004                                   : exit.c.obj (.text:abort:abort)

.const     0    00003298    00000184     
                  00003298    00000101     rtsv7M4_T_le_v4SPD16_eabi.lib : ctype.c.obj (.const:.string:_ctypes_)
                  00003399    00000003     --HOLE-- [fill = 0]
                  0000339c    00000080     msp432p4xx_driverlib.lib : adc14.o (.const:_ctlRegs)

.cinit     0    00003420    000000a8     
                  00003420    00000082     (.cinit..data.load) [load image, compression = lzss]
                  000034a2    00000002     --HOLE-- [fill = 0]
                  000034a4    0000000c     (__TI_handler_table)
                  000034b0    00000008     (.cinit..bss.load) [load image, compression = zero_init]
                  000034b8    00000010     (__TI_cinit_table)

.init_array 
*          0    00000000    00000000     UNINITIALIZED

.binit     0    00000000    00000000     

.sysmem    0    20000000    00000800     UNINITIALIZED
                  20000000    00000008     rtsv7M4_T_le_v4SPD16_eabi.lib : memory.c.obj (.sysmem)
                  20000008    000007f8     --HOLE--

.data      0    20000800    0000021c     UNINITIALIZED
                  20000800    000000f0     rtsv7M4_T_le_v4SPD16_eabi.lib : defs.c.obj (.data:_ftable)
                  200008f0    00000078                                   : write.c.obj (.data:_device)
                  20000968    00000050                                   : write.c.obj (.data:_stream)
                  200009b8    00000018     pick_place_new_main.obj (.data:pwmConfig2)
                  200009d0    00000018     pick_place_new_main.obj (.data:pwmConfig)
                  200009e8    00000010     rtsv7M4_T_le_v4SPD16_eabi.lib : defs.c.obj (.data)
                  200009f8    0000000c                                   : exit.c.obj (.data:$O1$$)
                  20000a04    0000000c                                   : memory.c.obj (.data:$O1$$)
                  20000a10    00000008                                   : _lock.c.obj (.data:$O1$$)
                  20000a18    00000004                                   : errno.c.obj (.data)

.bss       0    20000a1c    00000208     UNINITIALIZED
                  20000a1c    00000120     rtsv7M4_T_le_v4SPD16_eabi.lib : trgmsg.c.obj (.bss:_CIOBUF_)
                  20000b3c    000000a0     (.common:__TI_tmpnams)
                  20000bdc    00000010     pick_place_new_main.obj (.bss:resultsBuffer)
                  20000bec    00000008     (.common:parmbuf)
                  20000bf4    00000004     (.common:a)
                  20000bf8    00000004     (.common:b)
                  20000bfc    00000004     (.common:c)
                  20000c00    00000004     (.common:d)
                  20000c04    00000004     (.common:direction)
                  20000c08    00000004     (.common:direction_1)
                  20000c0c    00000004     (.common:direction_2)
                  20000c10    00000004     (.common:i)
                  20000c14    00000004     (.common:loop)
                  20000c18    00000004     (.common:val1)
                  20000c1c    00000004     (.common:val2)
                  20000c20    00000004     (.common:val3)

.stack     0    2000fe00    00000200     UNINITIALIZED
                  2000fe00    00000004     rtsv7M4_T_le_v4SPD16_eabi.lib : boot_cortex_m.c.obj (.stack)
                  2000fe04    000001fc     --HOLE--

MODULE SUMMARY

       Module                        code    ro data   rw data
       ------                        ----    -------   -------
    .\
       pick_place_new_main.obj       1916    0         224    
       system_msp432p401r.obj        120     0         0      
    +--+-----------------------------+-------+---------+---------+
       Total:                        2036    0         224    
                                                              
    .\ccs\
       startup_msp432p401r_ccs.obj   14      228       0      
    +--+-----------------------------+-------+---------+---------+
       Total:                        14      228       0      
                                                              
    C:/ti/simplelink_msp432p4_sdk_2_30_00_14/source/ti/devices/msp432p4xx/driverlib/ccs/msp432p4xx_driverlib.lib
       adc14.o                       120     128       0      
    +--+-----------------------------+-------+---------+---------+
       Total:                        120     128       0      
                                                              
    C:\ti\ccsv8\tools\compiler\ti-cgt-arm_18.1.4.LTS\lib\rtsv7M4_T_le_v4SPD16_eabi.lib
       _printfi.c.obj                4867    0         0      
       defs.c.obj                    0       0         832    
       trgmsg.c.obj                  108     0         576    
       memory.c.obj                  492     0         24     
       write.c.obj                   40      0         400    
       fd_add_t2.asm.obj             438     0         0      
       fd_div_t2.asm.obj             310     0         0      
       fputs.c.obj                   276     0         0      
       s_scalbn.c.obj                272     0         0      
       fd_cmp_t2.asm.obj             268     0         0      
       ctype.c.obj                   0       257       0      
       fd_mul_t2.asm.obj             252     0         0      
       setvbuf.c.obj                 220     0         0      
       memcpy_t2.asm.obj             156     0         0      
       ull_div_t2.asm.obj            150     0         0      
       fputc.c.obj                   140     0         0      
       memset_t2.asm.obj             122     0         0      
       fclose.c.obj                  116     0         0      
       getdevice.c.obj               116     0         0      
       hostopen.c.obj                96      0         16     
       printf.c.obj                  112     0         0      
       copy_decompress_lzss.c.obj    104     0         0      
       hostlseek.c.obj               104     0         0      
       hostrename.c.obj              104     0         0      
       exit.c.obj                    76      0         24     
       fseek.c.obj                   100     0         0      
       s_frexp.c.obj                 100     0         0      
       _io_perm.c.obj                98      0         0      
       close.c.obj                   92      0         0      
       hostread.c.obj                88      0         0      
       hostwrite.c.obj               88      0         0      
       ltoa.c.obj                    84      0         0      
       atoi.c.obj                    76      0         0      
       fflush.c.obj                  76      0         0      
       fd_toi_t2.asm.obj             72      0         0      
       autoinit.c.obj                68      0         0      
       hostclose.c.obj               68      0         0      
       hostunlink.c.obj              68      0         0      
       boot_cortex_m.c.obj           56      0         0      
       strncpy.c.obj                 54      0         0      
       fopen.c.obj                   52      0         0      
       i_tofd_t2.asm.obj             46      0         0      
       unlink.c.obj                  44      0         0      
       lseek.c.obj                   40      0         0      
       memchr.c.obj                  32      0         0      
       memccpy.c.obj                 28      0         0      
       strcmp.c.obj                  24      0         0      
       strchr.c.obj                  22      0         0      
       s_copysign.c.obj              20      0         0      
       strcpy.c.obj                  20      0         0      
       strlen.c.obj                  20      0         0      
       _lock.c.obj                   2       0         16     
       copy_zero_init.c.obj          18      0         0      
       wcslen.c.obj                  18      0         0      
       errno.c.obj                   8       0         8      
       copy_decompress_none.c.obj    14      0         0      
       pre_init.c.obj                4       0         0      
       div0.asm.obj                  2       0         0      
    +--+-----------------------------+-------+---------+---------+
       Total:                        10541   257       1896   
                                                              
       Heap:                         0       0         4096   
       Stack:                        0       0         1024   
       Linker Generated:             0       166       0      
    +--+-----------------------------+-------+---------+---------+
       Grand Total:                  12711   779       7240   


LINKER GENERATED COPY TABLES

__TI_cinit_table @ 000034b8 records: 2, size/record: 8, table size: 16
	.data: load addr=00003420, load size=00000082 bytes, run addr=20000800, run size=0000021c bytes, compression=lzss
	.bss: load addr=000034b0, load size=00000008 bytes, run addr=20000a1c, run size=00000208 bytes, compression=zero_init


LINKER GENERATED HANDLER TABLE

__TI_handler_table @ 000034a4 records: 3, size/record: 4, table size: 12
	index: 0, handler: __TI_decompress_lzss
	index: 1, handler: __TI_decompress_none
	index: 2, handler: __TI_zero_init


GLOBAL SYMBOLS: SORTED ALPHABETICALLY BY Name 

address   name                           
-------   ----                           
00000b45  ADC14_IRQHandler               
00000b45  ADC14_IRQHandler               
0000251d  ADC14_getMultiSequenceResult   
00000b43  AES256_IRQHandler              
00000b43  BusFault_Handler               
00003295  C$$EXIT                        
00002f7f  C$$IO$$                        
00000b43  COMP_E0_IRQHandler             
00000b43  COMP_E1_IRQHandler             
00000b43  CS_IRQHandler                  
00000b43  DMA_ERR_IRQHandler             
00000b43  DMA_INT0_IRQHandler            
00000b43  DMA_INT1_IRQHandler            
00000b43  DMA_INT2_IRQHandler            
00000b43  DMA_INT3_IRQHandler            
00000b43  DebugMon_Handler               
00000b43  Default_Handler                
00000b43  EUSCIA0_IRQHandler             
00000b43  EUSCIA1_IRQHandler             
00000b43  EUSCIA2_IRQHandler             
00000b43  EUSCIA3_IRQHandler             
00000b43  EUSCIB0_IRQHandler             
00000b43  EUSCIB1_IRQHandler             
00000b43  EUSCIB2_IRQHandler             
00000b43  EUSCIB3_IRQHandler             
00000b43  FLCTL_IRQHandler               
00000b43  FPU_IRQHandler                 
00002dc5  HOSTclose                      
00002769  HOSTlseek                      
00002a35  HOSTopen                       
00002af1  HOSTread                       
000027d1  HOSTrename                     
00002e09  HOSTunlink                     
00002b49  HOSTwrite                      
00000b43  HardFault_Handler              
00000b43  MemManage_Handler              
00000b43  NMI_Handler                    
00000b43  PCM_IRQHandler                 
00000b43  PORT1_IRQHandler               
00000b43  PORT2_IRQHandler               
00000b43  PORT3_IRQHandler               
00000b43  PORT4_IRQHandler               
00000b43  PORT5_IRQHandler               
00000b43  PORT6_IRQHandler               
00000b43  PSS_IRQHandler                 
00000b43  PendSV_Handler                 
00000b43  RTC_C_IRQHandler               
00003275  Reset_Handler                  
00000b43  SVC_Handler                    
00000b43  SysTick_Handler                
00002595  SystemInit                     
00000b43  T32_INT1_IRQHandler            
00000b43  T32_INT2_IRQHandler            
00000b43  T32_INTC_IRQHandler            
00000b43  TA0_0_IRQHandler               
00000b43  TA0_N_IRQHandler               
00000b43  TA1_0_IRQHandler               
00000b43  TA1_N_IRQHandler               
00000b43  TA2_0_IRQHandler               
00000b43  TA2_N_IRQHandler               
00000b43  TA3_0_IRQHandler               
00000b43  TA3_N_IRQHandler               
00000b43  UsageFault_Handler             
4000480c  WDTCTL_SYM                     
00000b43  WDT_A_IRQHandler               
20000a1c  __CIOBUF_                      
20010000  __STACK_END                    
00000200  __STACK_SIZE                   
00000800  __SYSMEM_SIZE                  
000034b8  __TI_CINIT_Base                
000034c8  __TI_CINIT_Limit               
000034a4  __TI_Handler_Table_Base        
000034b0  __TI_Handler_Table_Limit       
00002e4d  __TI_auto_init_nobinit_nopinit 
00003031  __TI_cleanup                   
200009f8  __TI_cleanup_ptr               
00002685  __TI_closefile                 
00002839  __TI_decompress_lzss           
00003267  __TI_decompress_none           
00002c9d  __TI_doflush                   
200009fc  __TI_dtors_ptr                 
20000a00  __TI_enable_exit_profile_output
200009e8  __TI_ft_end                    
ffffffff  __TI_pprof_out_hndl            
000000e5  __TI_printfi                   
ffffffff  __TI_prof_data_size            
ffffffff  __TI_prof_data_start           
00003065  __TI_readmsg                   
00000000  __TI_static_base__             
20000b3c  __TI_tmpnams                   
00002f51  __TI_writemsg                  
000029d1  __TI_wrt_ok                    
00003243  __TI_zero_init_nomemset        
00002395  __aeabi_cdcmpeq                
00002395  __aeabi_cdcmple                
0000241b  __aeabi_cdrcmple               
00002d7d  __aeabi_d2iz                   
0000170b  __aeabi_dadd                   
000019f5  __aeabi_ddiv                   
00001e75  __aeabi_dmul                   
00001701  __aeabi_dsub                   
00003281  __aeabi_errno_addr             
000030c9  __aeabi_i2d                    
00001b2b  __aeabi_idiv0                  
00001b2b  __aeabi_ldiv0                  
000024a1  __aeabi_memclr                 
000024a1  __aeabi_memclr4                
000024a1  __aeabi_memclr8                
000021d7  __aeabi_memcpy                 
000021d7  __aeabi_memcpy4                
000021d7  __aeabi_memcpy8                
000024a3  __aeabi_memset                 
000024a3  __aeabi_memset4                
000024a3  __aeabi_memset8                
200009f4  __aeabi_stderr                 
200009ec  __aeabi_stdin                  
200009f0  __aeabi_stdout                 
00002273  __aeabi_uldivmod               
ffffffff  __binit__                      
ffffffff  __c_args__                     
UNDEFED   __mpu_init                     
2000fe00  __stack                        
00002f89  _c_int00_noargs                
00003298  _ctypes_                       
200008f0  _device                        
20000800  _ftable                        
20000a10  _lock                          
000018b7  _nop                           
20000968  _stream                        
20000000  _sys_memory                    
UNDEFED   _system_post_cinit             
00003291  _system_pre_init               
20000a14  _unlock                        
20000bf4  a                              
00003295  abort                          
00002ce9  atoi                           
20000bf8  b                              
ffffffff  binit                          
20000bfc  c                              
00002a95  close                          
00003207  copysign                       
00003207  copysignl                      
20000c00  d                              
20000c04  direction                      
20000c08  direction_1                    
20000c0c  direction_2                    
20000a18  errno                          
00002d35  exit                           
00003099  finddevice                     
00002309  fputc                          
00001c51  fputs                          
0000204d  free                           
00002909  frexp                          
00002909  frexpl                         
0000296d  fseek                          
00002e91  getdevice                      
20000c10  i                              
00000000  interruptVectors               
00001d65  ldexp                          
00001d65  ldexpl                         
20000c14  loop                           
00003125  lseek                          
00002bf7  ltoa                           
000012c1  main                           
0000260d  malloc                         
000031bd  memccpy                        
0000319d  memchr                         
000021d7  memcpy                         
000024a9  memset                         
00002fc1  minit                          
20000bec  parmbuf                        
000028a1  printf                         
00002309  putc                           
200009d0  pwmConfig                      
200009b8  pwmConfig2                     
000030f9  remove                         
00001d65  scalbn                         
00001d65  scalbnl                        
00001f71  setvbuf                        
000031f1  strchr                         
000031d9  strcmp                         
0000321b  strcpy                         
0000322f  strlen                         
00002ff9  strncpy                        
000030f9  unlink                         
20000c18  val1                           
20000c1c  val2                           
20000c20  val3                           
00003255  wcslen                         
00003175  write                          


GLOBAL SYMBOLS: SORTED BY Symbol Address 

address   name                           
-------   ----                           
00000000  __TI_static_base__             
00000000  interruptVectors               
000000e5  __TI_printfi                   
00000200  __STACK_SIZE                   
00000800  __SYSMEM_SIZE                  
00000b43  AES256_IRQHandler              
00000b43  BusFault_Handler               
00000b43  COMP_E0_IRQHandler             
00000b43  COMP_E1_IRQHandler             
00000b43  CS_IRQHandler                  
00000b43  DMA_ERR_IRQHandler             
00000b43  DMA_INT0_IRQHandler            
00000b43  DMA_INT1_IRQHandler            
00000b43  DMA_INT2_IRQHandler            
00000b43  DMA_INT3_IRQHandler            
00000b43  DebugMon_Handler               
00000b43  Default_Handler                
00000b43  EUSCIA0_IRQHandler             
00000b43  EUSCIA1_IRQHandler             
00000b43  EUSCIA2_IRQHandler             
00000b43  EUSCIA3_IRQHandler             
00000b43  EUSCIB0_IRQHandler             
00000b43  EUSCIB1_IRQHandler             
00000b43  EUSCIB2_IRQHandler             
00000b43  EUSCIB3_IRQHandler             
00000b43  FLCTL_IRQHandler               
00000b43  FPU_IRQHandler                 
00000b43  HardFault_Handler              
00000b43  MemManage_Handler              
00000b43  NMI_Handler                    
00000b43  PCM_IRQHandler                 
00000b43  PORT1_IRQHandler               
00000b43  PORT2_IRQHandler               
00000b43  PORT3_IRQHandler               
00000b43  PORT4_IRQHandler               
00000b43  PORT5_IRQHandler               
00000b43  PORT6_IRQHandler               
00000b43  PSS_IRQHandler                 
00000b43  PendSV_Handler                 
00000b43  RTC_C_IRQHandler               
00000b43  SVC_Handler                    
00000b43  SysTick_Handler                
00000b43  T32_INT1_IRQHandler            
00000b43  T32_INT2_IRQHandler            
00000b43  T32_INTC_IRQHandler            
00000b43  TA0_0_IRQHandler               
00000b43  TA0_N_IRQHandler               
00000b43  TA1_0_IRQHandler               
00000b43  TA1_N_IRQHandler               
00000b43  TA2_0_IRQHandler               
00000b43  TA2_N_IRQHandler               
00000b43  TA3_0_IRQHandler               
00000b43  TA3_N_IRQHandler               
00000b43  UsageFault_Handler             
00000b43  WDT_A_IRQHandler               
00000b45  ADC14_IRQHandler               
00000b45  ADC14_IRQHandler               
000012c1  main                           
00001701  __aeabi_dsub                   
0000170b  __aeabi_dadd                   
000018b7  _nop                           
000019f5  __aeabi_ddiv                   
00001b2b  __aeabi_idiv0                  
00001b2b  __aeabi_ldiv0                  
00001c51  fputs                          
00001d65  ldexp                          
00001d65  ldexpl                         
00001d65  scalbn                         
00001d65  scalbnl                        
00001e75  __aeabi_dmul                   
00001f71  setvbuf                        
0000204d  free                           
000021d7  __aeabi_memcpy                 
000021d7  __aeabi_memcpy4                
000021d7  __aeabi_memcpy8                
000021d7  memcpy                         
00002273  __aeabi_uldivmod               
00002309  fputc                          
00002309  putc                           
00002395  __aeabi_cdcmpeq                
00002395  __aeabi_cdcmple                
0000241b  __aeabi_cdrcmple               
000024a1  __aeabi_memclr                 
000024a1  __aeabi_memclr4                
000024a1  __aeabi_memclr8                
000024a3  __aeabi_memset                 
000024a3  __aeabi_memset4                
000024a3  __aeabi_memset8                
000024a9  memset                         
0000251d  ADC14_getMultiSequenceResult   
00002595  SystemInit                     
0000260d  malloc                         
00002685  __TI_closefile                 
00002769  HOSTlseek                      
000027d1  HOSTrename                     
00002839  __TI_decompress_lzss           
000028a1  printf                         
00002909  frexp                          
00002909  frexpl                         
0000296d  fseek                          
000029d1  __TI_wrt_ok                    
00002a35  HOSTopen                       
00002a95  close                          
00002af1  HOSTread                       
00002b49  HOSTwrite                      
00002bf7  ltoa                           
00002c9d  __TI_doflush                   
00002ce9  atoi                           
00002d35  exit                           
00002d7d  __aeabi_d2iz                   
00002dc5  HOSTclose                      
00002e09  HOSTunlink                     
00002e4d  __TI_auto_init_nobinit_nopinit 
00002e91  getdevice                      
00002f51  __TI_writemsg                  
00002f7f  C$$IO$$                        
00002f89  _c_int00_noargs                
00002fc1  minit                          
00002ff9  strncpy                        
00003031  __TI_cleanup                   
00003065  __TI_readmsg                   
00003099  finddevice                     
000030c9  __aeabi_i2d                    
000030f9  remove                         
000030f9  unlink                         
00003125  lseek                          
00003175  write                          
0000319d  memchr                         
000031bd  memccpy                        
000031d9  strcmp                         
000031f1  strchr                         
00003207  copysign                       
00003207  copysignl                      
0000321b  strcpy                         
0000322f  strlen                         
00003243  __TI_zero_init_nomemset        
00003255  wcslen                         
00003267  __TI_decompress_none           
00003275  Reset_Handler                  
00003281  __aeabi_errno_addr             
00003291  _system_pre_init               
00003295  C$$EXIT                        
00003295  abort                          
00003298  _ctypes_                       
000034a4  __TI_Handler_Table_Base        
000034b0  __TI_Handler_Table_Limit       
000034b8  __TI_CINIT_Base                
000034c8  __TI_CINIT_Limit               
20000000  _sys_memory                    
20000800  _ftable                        
200008f0  _device                        
20000968  _stream                        
200009b8  pwmConfig2                     
200009d0  pwmConfig                      
200009e8  __TI_ft_end                    
200009ec  __aeabi_stdin                  
200009f0  __aeabi_stdout                 
200009f4  __aeabi_stderr                 
200009f8  __TI_cleanup_ptr               
200009fc  __TI_dtors_ptr                 
20000a00  __TI_enable_exit_profile_output
20000a10  _lock                          
20000a14  _unlock                        
20000a18  errno                          
20000a1c  __CIOBUF_                      
20000b3c  __TI_tmpnams                   
20000bec  parmbuf                        
20000bf4  a                              
20000bf8  b                              
20000bfc  c                              
20000c00  d                              
20000c04  direction                      
20000c08  direction_1                    
20000c0c  direction_2                    
20000c10  i                              
20000c14  loop                           
20000c18  val1                           
20000c1c  val2                           
20000c20  val3                           
2000fe00  __stack                        
20010000  __STACK_END                    
4000480c  WDTCTL_SYM                     
ffffffff  __TI_pprof_out_hndl            
ffffffff  __TI_prof_data_size            
ffffffff  __TI_prof_data_start           
ffffffff  __binit__                      
ffffffff  __c_args__                     
ffffffff  binit                          
UNDEFED   __mpu_init                     
UNDEFED   _system_post_cinit             

[190 symbols]
